Archive member included to satisfy reference by file (symbol)

/home/zero/.eclipse/com.st.stm32cube.ide.mcu.rcp.product_1.15.0_139064213_linux_gtk_x86_64/plugins/com.st.stm32cube.ide.mcu.externaltools.gnu-tools-for-stm32.12.3.rel1.linux64_1.0.200.202406132123/tools/bin/../lib/gcc/arm-none-eabi/12.3.1/../../../../arm-none-eabi/lib/thumb/v7e-m+dp/hard/libc_nano.a(libc_a-atoi.o)
                              ./lwip/src/core/netif.o (atoi)
/home/zero/.eclipse/com.st.stm32cube.ide.mcu.rcp.product_1.15.0_139064213_linux_gtk_x86_64/plugins/com.st.stm32cube.ide.mcu.externaltools.gnu-tools-for-stm32.12.3.rel1.linux64_1.0.200.202406132123/tools/bin/../lib/gcc/arm-none-eabi/12.3.1/../../../../arm-none-eabi/lib/thumb/v7e-m+dp/hard/libc_nano.a(libc_a-exit.o)
                              /home/zero/.eclipse/com.st.stm32cube.ide.mcu.rcp.product_1.15.0_139064213_linux_gtk_x86_64/plugins/com.st.stm32cube.ide.mcu.externaltools.gnu-tools-for-stm32.12.3.rel1.linux64_1.0.200.202406132123/tools/bin/../lib/gcc/arm-none-eabi/12.3.1/../../../../arm-none-eabi/lib/thumb/v7e-m+dp/hard/crt0.o (exit)
/home/zero/.eclipse/com.st.stm32cube.ide.mcu.rcp.product_1.15.0_139064213_linux_gtk_x86_64/plugins/com.st.stm32cube.ide.mcu.externaltools.gnu-tools-for-stm32.12.3.rel1.linux64_1.0.200.202406132123/tools/bin/../lib/gcc/arm-none-eabi/12.3.1/../../../../arm-none-eabi/lib/thumb/v7e-m+dp/hard/libc_nano.a(libc_a-strtol.o)
                              /home/zero/.eclipse/com.st.stm32cube.ide.mcu.rcp.product_1.15.0_139064213_linux_gtk_x86_64/plugins/com.st.stm32cube.ide.mcu.externaltools.gnu-tools-for-stm32.12.3.rel1.linux64_1.0.200.202406132123/tools/bin/../lib/gcc/arm-none-eabi/12.3.1/../../../../arm-none-eabi/lib/thumb/v7e-m+dp/hard/libc_nano.a(libc_a-atoi.o) (_strtol_r)
/home/zero/.eclipse/com.st.stm32cube.ide.mcu.rcp.product_1.15.0_139064213_linux_gtk_x86_64/plugins/com.st.stm32cube.ide.mcu.externaltools.gnu-tools-for-stm32.12.3.rel1.linux64_1.0.200.202406132123/tools/bin/../lib/gcc/arm-none-eabi/12.3.1/../../../../arm-none-eabi/lib/thumb/v7e-m+dp/hard/libc_nano.a(libc_a-ctype_.o)
                              ./lwip/src/core/ipv4/ip4_addr.o (_ctype_)
/home/zero/.eclipse/com.st.stm32cube.ide.mcu.rcp.product_1.15.0_139064213_linux_gtk_x86_64/plugins/com.st.stm32cube.ide.mcu.externaltools.gnu-tools-for-stm32.12.3.rel1.linux64_1.0.200.202406132123/tools/bin/../lib/gcc/arm-none-eabi/12.3.1/../../../../arm-none-eabi/lib/thumb/v7e-m+dp/hard/libc_nano.a(libc_a-findfp.o)
                              /home/zero/.eclipse/com.st.stm32cube.ide.mcu.rcp.product_1.15.0_139064213_linux_gtk_x86_64/plugins/com.st.stm32cube.ide.mcu.externaltools.gnu-tools-for-stm32.12.3.rel1.linux64_1.0.200.202406132123/tools/bin/../lib/gcc/arm-none-eabi/12.3.1/../../../../arm-none-eabi/lib/thumb/v7e-m+dp/hard/libc_nano.a(libc_a-exit.o) (__stdio_exit_handler)
/home/zero/.eclipse/com.st.stm32cube.ide.mcu.rcp.product_1.15.0_139064213_linux_gtk_x86_64/plugins/com.st.stm32cube.ide.mcu.externaltools.gnu-tools-for-stm32.12.3.rel1.linux64_1.0.200.202406132123/tools/bin/../lib/gcc/arm-none-eabi/12.3.1/../../../../arm-none-eabi/lib/thumb/v7e-m+dp/hard/libc_nano.a(libc_a-fwalk.o)
                              /home/zero/.eclipse/com.st.stm32cube.ide.mcu.rcp.product_1.15.0_139064213_linux_gtk_x86_64/plugins/com.st.stm32cube.ide.mcu.externaltools.gnu-tools-for-stm32.12.3.rel1.linux64_1.0.200.202406132123/tools/bin/../lib/gcc/arm-none-eabi/12.3.1/../../../../arm-none-eabi/lib/thumb/v7e-m+dp/hard/libc_nano.a(libc_a-findfp.o) (_fwalk_sglue)
/home/zero/.eclipse/com.st.stm32cube.ide.mcu.rcp.product_1.15.0_139064213_linux_gtk_x86_64/plugins/com.st.stm32cube.ide.mcu.externaltools.gnu-tools-for-stm32.12.3.rel1.linux64_1.0.200.202406132123/tools/bin/../lib/gcc/arm-none-eabi/12.3.1/../../../../arm-none-eabi/lib/thumb/v7e-m+dp/hard/libc_nano.a(libc_a-printf.o)
                              ./lwip/src/core/inet_chksum.o (printf)
/home/zero/.eclipse/com.st.stm32cube.ide.mcu.rcp.product_1.15.0_139064213_linux_gtk_x86_64/plugins/com.st.stm32cube.ide.mcu.externaltools.gnu-tools-for-stm32.12.3.rel1.linux64_1.0.200.202406132123/tools/bin/../lib/gcc/arm-none-eabi/12.3.1/../../../../arm-none-eabi/lib/thumb/v7e-m+dp/hard/libc_nano.a(libc_a-stdio.o)
                              /home/zero/.eclipse/com.st.stm32cube.ide.mcu.rcp.product_1.15.0_139064213_linux_gtk_x86_64/plugins/com.st.stm32cube.ide.mcu.externaltools.gnu-tools-for-stm32.12.3.rel1.linux64_1.0.200.202406132123/tools/bin/../lib/gcc/arm-none-eabi/12.3.1/../../../../arm-none-eabi/lib/thumb/v7e-m+dp/hard/libc_nano.a(libc_a-findfp.o) (__sread)
/home/zero/.eclipse/com.st.stm32cube.ide.mcu.rcp.product_1.15.0_139064213_linux_gtk_x86_64/plugins/com.st.stm32cube.ide.mcu.externaltools.gnu-tools-for-stm32.12.3.rel1.linux64_1.0.200.202406132123/tools/bin/../lib/gcc/arm-none-eabi/12.3.1/../../../../arm-none-eabi/lib/thumb/v7e-m+dp/hard/libc_nano.a(libc_a-memcmp.o)
                              ./lwip/src/netif/bridgeif_fdb.o (memcmp)
[...]
Memory Configuration

Name             Origin             Length             Attributes
FLASH            0x08000000         0x00200000         xr
DTCMRAM          0x20000000         0x00020000         xrw
RAM_D1           0x24000000         0x00080000         xrw
RAM_D2           0x30000000         0x00048000         xrw
RAM_D3           0x38000000         0x00010000         xrw
ITCMRAM          0x00000000         0x00010000         xrw
*default*        0x00000000         0xffffffff

Linker script and memory map

LOAD /home/zero/.eclipse/com.st.stm32cube.ide.mcu.rcp.product_1.15.0_139064213_linux_gtk_x86_64/plugins/com.st.stm32cube.ide.mcu.externaltools.gnu-tools-for-stm32.12.3.rel1.linux64_1.0.200.202406132123/tools/bin/../lib/gcc/arm-none-eabi/12.3.1/thumb/v7e-m+dp/hard/crti.o
LOAD /home/zero/.eclipse/com.st.stm32cube.ide.mcu.rcp.product_1.15.0_139064213_linux_gtk_x86_64/plugins/com.st.stm32cube.ide.mcu.externaltools.gnu-tools-for-stm32.12.3.rel1.linux64_1.0.200.202406132123/tools/bin/../lib/gcc/arm-none-eabi/12.3.1/thumb/v7e-m+dp/hard/crtbegin.o
LOAD /home/zero/.eclipse/com.st.stm32cube.ide.mcu.rcp.product_1.15.0_139064213_linux_gtk_x86_64/plugins/com.st.stm32cube.ide.mcu.externaltools.gnu-tools-for-stm32.12.3.rel1.linux64_1.0.200.202406132123/tools/bin/../lib/gcc/arm-none-eabi/12.3.1/../../../../arm-none-eabi/lib/thumb/v7e-m+dp/hard/crt0.o
LOAD ./Src/mac.o
LOAD ./Src/main.o
LOAD ./Src/rcc.o
LOAD ./Src/syscalls.o
LOAD ./Src/sysmem.o
LOAD ./Src/usart.o
LOAD ./Startup/startup_stm32h743iitx.o
LOAD ./lwip/port/port.o
LOAD ./lwip/src/api/api_lib.o
LOAD ./lwip/src/api/api_msg.o
LOAD ./lwip/src/api/err.o
LOAD ./lwip/src/api/if_api.o
LOAD ./lwip/src/api/netbuf.o
LOAD ./lwip/src/api/netdb.o
LOAD ./lwip/src/api/netifapi.o
LOAD ./lwip/src/api/sockets.o
LOAD ./lwip/src/api/tcpip.o
LOAD ./lwip/src/core/altcp.o
LOAD ./lwip/src/core/altcp_alloc.o
LOAD ./lwip/src/core/altcp_tcp.o
LOAD ./lwip/src/core/def.o
LOAD ./lwip/src/core/dns.o
LOAD ./lwip/src/core/inet_chksum.o
LOAD ./lwip/src/core/init.o
LOAD ./lwip/src/core/ip.o
LOAD ./lwip/src/core/mem.o
LOAD ./lwip/src/core/memp.o
LOAD ./lwip/src/core/netif.o
LOAD ./lwip/src/core/pbuf.o
LOAD ./lwip/src/core/raw.o
LOAD ./lwip/src/core/stats.o
LOAD ./lwip/src/core/sys.o
LOAD ./lwip/src/core/tcp.o
LOAD ./lwip/src/core/tcp_in.o
LOAD ./lwip/src/core/tcp_out.o
LOAD ./lwip/src/core/timeouts.o
LOAD ./lwip/src/core/udp.o
LOAD ./lwip/src/core/ipv4/acd.o
LOAD ./lwip/src/core/ipv4/autoip.o
LOAD ./lwip/src/core/ipv4/dhcp.o
LOAD ./lwip/src/core/ipv4/etharp.o
LOAD ./lwip/src/core/ipv4/icmp.o
LOAD ./lwip/src/core/ipv4/igmp.o
LOAD ./lwip/src/core/ipv4/ip4.o
LOAD ./lwip/src/core/ipv4/ip4_addr.o
LOAD ./lwip/src/core/ipv4/ip4_frag.o
LOAD ./lwip/src/core/ipv6/dhcp6.o
LOAD ./lwip/src/core/ipv6/ethip6.o
LOAD ./lwip/src/core/ipv6/icmp6.o
LOAD ./lwip/src/core/ipv6/inet6.o
LOAD ./lwip/src/core/ipv6/ip6.o
LOAD ./lwip/src/core/ipv6/ip6_addr.o
LOAD ./lwip/src/core/ipv6/ip6_frag.o
LOAD ./lwip/src/core/ipv6/mld6.o
LOAD ./lwip/src/core/ipv6/nd6.o
LOAD ./lwip/src/netif/bridgeif.o
LOAD ./lwip/src/netif/bridgeif_fdb.o
LOAD ./lwip/src/netif/ethernet.o
LOAD ./lwip/src/netif/lowpan6.o
LOAD ./lwip/src/netif/lowpan6_ble.o
LOAD ./lwip/src/netif/lowpan6_common.o
LOAD ./lwip/src/netif/slipif.o
LOAD ./lwip/src/netif/zepif.o
LOAD ./lwip/src/netif/ppp/auth.o
LOAD ./lwip/src/netif/ppp/ccp.o
LOAD ./lwip/src/netif/ppp/chap-md5.o
LOAD ./lwip/src/netif/ppp/chap-new.o
LOAD ./lwip/src/netif/ppp/chap_ms.o
LOAD ./lwip/src/netif/ppp/demand.o
LOAD ./lwip/src/netif/ppp/eap.o
LOAD ./lwip/src/netif/ppp/ecp.o
LOAD ./lwip/src/netif/ppp/eui64.o
LOAD ./lwip/src/netif/ppp/fsm.o
LOAD ./lwip/src/netif/ppp/ipcp.o
LOAD ./lwip/src/netif/ppp/ipv6cp.o
LOAD ./lwip/src/netif/ppp/lcp.o
LOAD ./lwip/src/netif/ppp/magic.o
LOAD ./lwip/src/netif/ppp/mppe.o
LOAD ./lwip/src/netif/ppp/multilink.o
LOAD ./lwip/src/netif/ppp/ppp.o
LOAD ./lwip/src/netif/ppp/pppapi.o
LOAD ./lwip/src/netif/ppp/pppcrypt.o
LOAD ./lwip/src/netif/ppp/pppoe.o
LOAD ./lwip/src/netif/ppp/pppol2tp.o
LOAD ./lwip/src/netif/ppp/pppos.o
LOAD ./lwip/src/netif/ppp/upap.o
LOAD ./lwip/src/netif/ppp/utils.o
LOAD ./lwip/src/netif/ppp/vj.o
LOAD ./lwip/src/netif/ppp/polarssl/arc4.o
LOAD ./lwip/src/netif/ppp/polarssl/des.o
LOAD ./lwip/src/netif/ppp/polarssl/md4.o
LOAD ./lwip/src/netif/ppp/polarssl/md5.o
LOAD ./lwip/src/netif/ppp/polarssl/sha1.o
START GROUP
LOAD /home/zero/.eclipse/com.st.stm32cube.ide.mcu.rcp.product_1.15.0_139064213_linux_gtk_x86_64/plugins/com.st.stm32cube.ide.mcu.externaltools.gnu-tools-for-stm32.12.3.rel1.linux64_1.0.200.202406132123/tools/bin/../lib/gcc/arm-none-eabi/12.3.1/../../../../arm-none-eabi/lib/thumb/v7e-m+dp/hard/libc_nano.a
LOAD /home/zero/.eclipse/com.st.stm32cube.ide.mcu.rcp.product_1.15.0_139064213_linux_gtk_x86_64/plugins/com.st.stm32cube.ide.mcu.externaltools.gnu-tools-for-stm32.12.3.rel1.linux64_1.0.200.202406132123/tools/bin/../lib/gcc/arm-none-eabi/12.3.1/../../../../arm-none-eabi/lib/thumb/v7e-m+dp/hard/libm.a
END GROUP
START GROUP
LOAD /home/zero/.eclipse/com.st.stm32cube.ide.mcu.rcp.product_1.15.0_139064213_linux_gtk_x86_64/plugins/com.st.stm32cube.ide.mcu.externaltools.gnu-tools-for-stm32.12.3.rel1.linux64_1.0.200.202406132123/tools/bin/../lib/gcc/arm-none-eabi/12.3.1/thumb/v7e-m+dp/hard/libgcc.a
LOAD /home/zero/.eclipse/com.st.stm32cube.ide.mcu.rcp.product_1.15.0_139064213_linux_gtk_x86_64/plugins/com.st.stm32cube.ide.mcu.externaltools.gnu-tools-for-stm32.12.3.rel1.linux64_1.0.200.202406132123/tools/bin/../lib/gcc/arm-none-eabi/12.3.1/../../../../arm-none-eabi/lib/thumb/v7e-m+dp/hard/libc_nano.a
END GROUP
START GROUP
LOAD /home/zero/.eclipse/com.st.stm32cube.ide.mcu.rcp.product_1.15.0_139064213_linux_gtk_x86_64/plugins/com.st.stm32cube.ide.mcu.externaltools.gnu-tools-for-stm32.12.3.rel1.linux64_1.0.200.202406132123/tools/bin/../lib/gcc/arm-none-eabi/12.3.1/thumb/v7e-m+dp/hard/libgcc.a
LOAD /home/zero/.eclipse/com.st.stm32cube.ide.mcu.rcp.product_1.15.0_139064213_linux_gtk_x86_64/plugins/com.st.stm32cube.ide.mcu.externaltools.gnu-tools-for-stm32.12.3.rel1.linux64_1.0.200.202406132123/tools/bin/../lib/gcc/arm-none-eabi/12.3.1/../../../../arm-none-eabi/lib/thumb/v7e-m+dp/hard/libc_nano.a
LOAD /home/zero/.eclipse/com.st.stm32cube.ide.mcu.rcp.product_1.15.0_139064213_linux_gtk_x86_64/plugins/com.st.stm32cube.ide.mcu.externaltools.gnu-tools-for-stm32.12.3.rel1.linux64_1.0.200.202406132123/tools/bin/../lib/gcc/arm-none-eabi/12.3.1/../../../../arm-none-eabi/lib/thumb/v7e-m+dp/hard/libnosys.a
END GROUP
START GROUP
LOAD /home/zero/.eclipse/com.st.stm32cube.ide.mcu.rcp.product_1.15.0_139064213_linux_gtk_x86_64/plugins/com.st.stm32cube.ide.mcu.externaltools.gnu-tools-for-stm32.12.3.rel1.linux64_1.0.200.202406132123/tools/bin/../lib/gcc/arm-none-eabi/12.3.1/thumb/v7e-m+dp/hard/libgcc.a
LOAD /home/zero/.eclipse/com.st.stm32cube.ide.mcu.rcp.product_1.15.0_139064213_linux_gtk_x86_64/plugins/com.st.stm32cube.ide.mcu.externaltools.gnu-tools-for-stm32.12.3.rel1.linux64_1.0.200.202406132123/tools/bin/../lib/gcc/arm-none-eabi/12.3.1/../../../../arm-none-eabi/lib/thumb/v7e-m+dp/hard/libc_nano.a
LOAD /home/zero/.eclipse/com.st.stm32cube.ide.mcu.rcp.product_1.15.0_139064213_linux_gtk_x86_64/plugins/com.st.stm32cube.ide.mcu.externaltools.gnu-tools-for-stm32.12.3.rel1.linux64_1.0.200.202406132123/tools/bin/../lib/gcc/arm-none-eabi/12.3.1/../../../../arm-none-eabi/lib/thumb/v7e-m+dp/hard/libnosys.a
END GROUP
LOAD /home/zero/.eclipse/com.st.stm32cube.ide.mcu.rcp.product_1.15.0_139064213_linux_gtk_x86_64/plugins/com.st.stm32cube.ide.mcu.externaltools.gnu-tools-for-stm32.12.3.rel1.linux64_1.0.200.202406132123/tools/bin/../lib/gcc/arm-none-eabi/12.3.1/thumb/v7e-m+dp/hard/crtend.o
LOAD /home/zero/.eclipse/com.st.stm32cube.ide.mcu.rcp.product_1.15.0_139064213_linux_gtk_x86_64/plugins/com.st.stm32cube.ide.mcu.externaltools.gnu-tools-for-stm32.12.3.rel1.linux64_1.0.200.202406132123/tools/bin/../lib/gcc/arm-none-eabi/12.3.1/thumb/v7e-m+dp/hard/crtn.o
                0x24080000                        _estack = (ORIGIN (RAM_D1) + LENGTH (RAM_D1))
                0x00000200                        _Min_Heap_Size = 0x200
                0x00000400                        _Min_Stack_Size = 0x400

.isr_vector     0x08000000      0x298
                0x08000000                        . = ALIGN (0x4)
 *(.isr_vector)
 .isr_vector    0x08000000      0x298 ./Startup/startup_stm32h743iitx.o
                0x08000000                g_pfnVectors
                0x08000298                        . = ALIGN (0x4)

.text           0x080002a0     0xa9a4
                0x080002a0                        . = ALIGN (0x4)
 *(.text)
 .text          0x080002a0       0x40 /home/zero/.eclipse/com.st.stm32cube.ide.mcu.rcp.product_1.15.0_139064213_linux_gtk_x86_64/plugins/com.st.stm32cube.ide.mcu.externaltools.gnu-tools-for-stm32.12.3.rel1.linux64_1.0.200.202406132123/tools/bin/../lib/gcc/arm-none-eabi/12.3.1/thumb/v7e-m+dp/hard/crtbegin.o
 .text          0x080002e0       0xa0 /home/zero/.eclipse/com.st.stm32cube.ide.mcu.rcp.product_1.15.0_139064213_linux_gtk_x86_64/plugins/com.st.stm32cube.ide.mcu.externaltools.gnu-tools-for-stm32.12.3.rel1.linux64_1.0.200.202406132123/tools/bin/../lib/gcc/arm-none-eabi/12.3.1/../../../../arm-none-eabi/lib/thumb/v7e-m+dp/hard/libc_nano.a(libc_a-memchr.o)
                0x080002e0                memchr
 *(.text*)
 .text.init_dma_desc
                0x08000380      0x15c ./Src/mac.o
                0x08000380                init_dma_desc
 .text.init_mac_clk
                0x080004dc       0x44 ./Src/mac.o
                0x080004dc                init_mac_clk
 .text.init_mac_pin
                0x08000520      0x160 ./Src/mac.o
                0x08000520                init_mac_pin
 .text.write_phy
                0x08000680       0x74 ./Src/mac.o
                0x08000680                write_phy
 .text.read_phy
                0x080006f4       0x60 ./Src/mac.o
                0x080006f4                read_phy
 .text.init_mac
                0x08000754      0x21c ./Src/mac.o
                0x08000754                init_mac
 .text.delay    0x08000970       0x22 ./Src/main.o
                0x08000970                delay
 *fill*         0x08000992        0x2 
 .text.main     0x08000994       0x24 ./Src/main.o
                0x08000994                main
 .text.init_rcc
                0x080009b8       0xf8 ./Src/rcc.o
                0x080009b8                init_rcc
 .text._read    0x08000ab0       0x3a ./Src/syscalls.o
                0x08000ab0                _read
 .text._write   0x08000aea       0x38 ./Src/syscalls.o
                0x08000aea                _write
 .text._close   0x08000b22       0x18 ./Src/syscalls.o
                0x08000b22                _close
 .text._fstat   0x08000b3a       0x20 ./Src/syscalls.o
                0x08000b3a                _fstat
 .text._isatty  0x08000b5a       0x16 ./Src/syscalls.o
                0x08000b5a                _isatty
 .text._lseek   0x08000b70       0x1a ./Src/syscalls.o
                0x08000b70                _lseek
 *fill*         0x08000b8a        0x2 
 .text._sbrk    0x08000b8c       0x6c ./Src/sysmem.o
                0x08000b8c                _sbrk
 .text.init_usart1_clk
                0x08000bf8       0x34 ./Src/usart.o
                0x08000bf8                init_usart1_clk
 .text.init_usart1_pin
                0x08000c2c       0x5c ./Src/usart.o
                0x08000c2c                init_usart1_pin
 .text.init_usart
                0x08000c88       0x30 ./Src/usart.o
                0x08000c88                init_usart
 .text.Reset_Handler
                0x08000cb8       0x50 ./Startup/startup_stm32h743iitx.o
                0x08000cb8                Reset_Handler
 .text.Default_Handler
                0x08000d08        0x2 ./Startup/startup_stm32h743iitx.o
                0x08000d08                HASH_RNG_IRQHandler
                0x08000d08                EXTI2_IRQHandler
                0x08000d08                TIM8_CC_IRQHandler
                0x08000d08                DMA_STR2_IRQHandler
                0x08000d08                DebugMon_Handler
                0x08000d08                UART8_IRQHandler
                0x08000d08                SPI4_IRQHandler
                0x08000d08                HRTIM1_MST_IRQHandler
                0x08000d08                HardFault_Handler
                0x08000d08                DMA_STR5_IRQHandler
                0x08000d08                HRTIM1_FLT_IRQHandler
                0x08000d08                JPEG_IRQHandler
                0x08000d08                SysTick_Handler
                0x08000d08                DMA2_STR1_IRQHandler
                0x08000d08                DMA2_STR5_IRQHandler
                0x08000d08                HRTIM1_TIMD_IRQHandler
                0x08000d08                PendSV_Handler
                0x08000d08                NMI_Handler
                0x08000d08                EXTI3_IRQHandler
                0x08000d08                LPTIM4_IRQHandler
                0x08000d08                TIM8_TRG_COM_TIM14_IRQHandler
                0x08000d08                LPTIM2_IRQHandler
                0x08000d08                DFSDM1_FLT1_IRQHandler
                0x08000d08                DMAMUX2_OVR_IRQHandler
                0x08000d08                TIM8_UP_TIM13_IRQHandler
                0x08000d08                I2C3_ER_IRQHandler
                0x08000d08                DFSDM1_FLT2_IRQHandler
                0x08000d08                MDMA_IRQHandler
                0x08000d08                LPTIM3_IRQHandler
                0x08000d08                EXTI0_IRQHandler
                0x08000d08                I2C2_EV_IRQHandler
                0x08000d08                FPU_IRQHandler
                0x08000d08                DMA_STR1_IRQHandler
                0x08000d08                OTG_HS_WKUP_IRQHandler
                0x08000d08                FDCAN1_IT1_IRQHandler
                0x08000d08                UsageFault_Handler
                0x08000d08                LTDC_ER_IRQHandler
                0x08000d08                ADC1_2_IRQHandler
                0x08000d08                SPI1_IRQHandler
                0x08000d08                BDMA_CH2_IRQHandler
                0x08000d08                TIM6_DAC_IRQHandler
                0x08000d08                DCMI_IRQHandler
                0x08000d08                HRTIM1_TIMC_IRQHandler
                0x08000d08                SDMMC_IRQHandler
                0x08000d08                RTC_ALARM_IRQHandler
                0x08000d08                DMA_STR0_IRQHandler
                0x08000d08                SAI2_IRQHandler
                0x08000d08                DMA2_STR3_IRQHandler
                0x08000d08                DFSDM1_FLT3_IRQHandler
                0x08000d08                USART6_IRQHandler
                0x08000d08                BDMA_CH5_IRQHandler
                0x08000d08                TIM17_IRQHandler
                0x08000d08                BDMA_CH6_IRQHandler
                0x08000d08                USART3_IRQHandler
                0x08000d08                WKUP_IRQHandler
                0x08000d08                BDMA_CH3_IRQHandler
                0x08000d08                LPTIM5_IRQHandler
                0x08000d08                LPUART_IRQHandler
                0x08000d08                UART5_IRQHandler
                0x08000d08                ADC3_IRQHandler
                0x08000d08                DMA_STR6_IRQHandler
                0x08000d08                TIM4_IRQHandler
                0x08000d08                QUADSPI_IRQHandler
                0x08000d08                I2C1_EV_IRQHandler
                0x08000d08                DMA1_STR7_IRQHandler
                0x08000d08                TIM16_IRQHandler
                0x08000d08                UART4_IRQHandler
                0x08000d08                TIM3_IRQHandler
                0x08000d08                RCC_IRQHandler
                0x08000d08                TIM8_BRK_TIM12_IRQHandler
                0x08000d08                TIM1_TRG_COM_IRQHandler
                0x08000d08                Default_Handler
                0x08000d08                HRTIM_TIMB_IRQHandler
                0x08000d08                CEC_IRQHandler
                0x08000d08                EXTI15_10_IRQHandler
                0x08000d08                BDMA_CH4_IRQHandler
                0x08000d08                DMA_STR3_IRQHandler
                0x08000d08                HRTIM_TIME_IRQHandler
                0x08000d08                HRTIM1_TIMA_IRQHandler
                0x08000d08                SPI5_IRQHandler
                0x08000d08                TIM7_IRQHandler
                0x08000d08                SDMMC1_IRQHandler
                0x08000d08                TIM5_IRQHandler
                0x08000d08                SPDIF_IRQHandler
                0x08000d08                TIM15_IRQHandler
                0x08000d08                I2C3_EV_IRQHandler
                0x08000d08                WWDG1_RST_IRQHandler
                0x08000d08                EXTI9_5_IRQHandler
                0x08000d08                DMA2_STR4_IRQHandler
                0x08000d08                RTC_WKUP_IRQHandler
                0x08000d08                DMA2_STR6_IRQHandler
                0x08000d08                LTDC_IRQHandler
                0x08000d08                SAI3_IRQHandler
                0x08000d08                ETH_WKUP_IRQHandler
                0x08000d08                PVD_PVM_IRQHandler
                0x08000d08                BDMA_CH0_IRQHandler
                0x08000d08                SPI2_IRQHandler
                0x08000d08                OTG_HS_EP1_IN_IRQHandler
                0x08000d08                MemManage_Handler
                0x08000d08                DMA2_STR0_IRQHandler
                0x08000d08                SVC_Handler
                0x08000d08                CRS_IRQHandler
                0x08000d08                EXTI4_IRQHandler
                0x08000d08                DMAMUX1_OV_IRQHandler
                0x08000d08                FDCAN2_IT1_IRQHandler
                0x08000d08                DMA_STR4_IRQHandler
                0x08000d08                COMP_IRQHandler
                0x08000d08                DMA2_STR2_IRQHandler
                0x08000d08                ETH_IRQHandler
                0x08000d08                TIM1_UP_IRQHandler
                0x08000d08                DMA2_STR7_IRQHandler
                0x08000d08                OTG_HS_EP1_OUT_IRQHandler
                0x08000d08                SPI6_IRQHandler
                0x08000d08                MDIOS_IRQHandler
                0x08000d08                I2C4_EV_IRQHandler
                0x08000d08                FDCAN2_IT0_IRQHandler
                0x08000d08                BDMA_CH7_IRQHandler
                0x08000d08                FDCAN1_IT0_IRQHandler
                0x08000d08                TIM2_IRQHandler
                0x08000d08                HSEM0_IRQHandler
                0x08000d08                OTG_FS_WKUP_IRQHandler
                0x08000d08                OTG_HS_IRQHandler
                0x08000d08                DMA2D_IRQHandler
                0x08000d08                TIM1_BRK_IRQHandler
                0x08000d08                EXTI1_IRQHandler
                0x08000d08                OTG_FS_EP1_OUT_IRQHandler
                0x08000d08                UART7_IRQHandler
                0x08000d08                MDIOS_WKUP_IRQHandler
                0x08000d08                USART2_IRQHandler
                0x08000d08                DFSDM1_FLT0_IRQHandler
                0x08000d08                SAI4_IRQHandler
                0x08000d08                I2C2_ER_IRQHandler
                0x08000d08                FLASH_IRQHandler
                0x08000d08                WWDG1_IRQHandler
                0x08000d08                BusFault_Handler
                0x08000d08                USART1_IRQHandler
                0x08000d08                OTG_FS_IRQHandler
                0x08000d08                SPI3_IRQHandler
                0x08000d08                OTG_FS_EP1_IN_IRQHandler
                0x08000d08                I2C1_ER_IRQHandler
                0x08000d08                FMC_IRQHandler
                0x08000d08                BDMA_CH1_IRQHandler
                0x08000d08                FDCAN_CAL_IRQHandler
                0x08000d08                SWPMI1_IRQHandler
                0x08000d08                LPTIM1_IRQHandler
                0x08000d08                TIM_CC_IRQHandler
                0x08000d08                I2C4_ER_IRQHandler
                0x08000d08                SAI1_IRQHandler
                0x08000d08                RTC_TAMP_STAMP_CSS_LSE_IRQHandler
 *fill*         0x08000d0a        0x2 
 .text.low_level_init
                0x08000d0c       0x94 ./lwip/port/port.o
 .text.low_level_output
                0x08000da0      0x138 ./lwip/port/port.o
 .text.low_level_input
                0x08000ed8      0x164 ./lwip/port/port.o
 .text.ethernetif_input
                0x0800103c       0x3e ./lwip/port/port.o
                0x0800103c                ethernetif_input
 *fill*         0x0800107a        0x2 
 .text.ethernetif_init
                0x0800107c       0x3c ./lwip/port/port.o
                0x0800107c                ethernetif_init
 .text.port_init_lwip
                0x080010b8       0x84 ./lwip/port/port.o
                0x080010b8                port_init_lwip
 .text.sys_now  0x0800113c       0x10 ./lwip/port/port.o
                0x0800113c                sys_now
 .text.lwip_htons
                0x0800114c       0x2a ./lwip/src/core/def.o
                0x0800114c                lwip_htons
 .text.lwip_htonl
                0x08001176       0x32 ./lwip/src/core/def.o
                0x08001176                lwip_htonl
 .text.lwip_standard_chksum
                0x080011a8       0xba ./lwip/src/core/inet_chksum.o
                0x080011a8                lwip_standard_chksum
 .text.inet_cksum_pseudo_base
                0x08001262       0xde ./lwip/src/core/inet_chksum.o
 .text.inet_chksum_pseudo
                0x08001340       0x70 ./lwip/src/core/inet_chksum.o
                0x08001340                inet_chksum_pseudo
 .text.ip_chksum_pseudo
                0x080013b0       0x2c ./lwip/src/core/inet_chksum.o
                0x080013b0                ip_chksum_pseudo
 .text.inet_chksum
                0x080013dc       0x24 ./lwip/src/core/inet_chksum.o
                0x080013dc                inet_chksum
 .text.inet_chksum_pbuf
                0x08001400       0x9a ./lwip/src/core/inet_chksum.o
                0x08001400                inet_chksum_pbuf
 .text.lwip_init
                0x0800149a       0x2a ./lwip/src/core/init.o
                0x0800149a                lwip_init
 .text.ptr_to_mem
                0x080014c4       0x24 ./lwip/src/core/mem.o
 .text.mem_to_ptr
                0x080014e8       0x24 ./lwip/src/core/mem.o
 .text.plug_holes
                0x0800150c      0x11c ./lwip/src/core/mem.o
 .text.mem_init
                0x08001628       0x78 ./lwip/src/core/mem.o
                0x08001628                mem_init
 .text.mem_link_valid
                0x080016a0       0x78 ./lwip/src/core/mem.o
 .text.mem_free
                0x08001718       0xac ./lwip/src/core/mem.o
                0x08001718                mem_free
 .text.mem_trim
                0x080017c4      0x1d0 ./lwip/src/core/mem.o
                0x080017c4                mem_trim
 .text.mem_malloc
                0x08001994      0x1c4 ./lwip/src/core/mem.o
                0x08001994                mem_malloc
 .text.memp_init_pool
                0x08001b58       0x60 ./lwip/src/core/memp.o
                0x08001b58                memp_init_pool
 .text.memp_init
                0x08001bb8       0x34 ./lwip/src/core/memp.o
                0x08001bb8                memp_init
 .text.do_memp_malloc_pool
                0x08001bec       0x44 ./lwip/src/core/memp.o
 .text.memp_malloc
                0x08001c30       0x34 ./lwip/src/core/memp.o
                0x08001c30                memp_malloc
 .text.do_memp_free_pool
                0x08001c64       0x3c ./lwip/src/core/memp.o
 .text.memp_free
                0x08001ca0       0x38 ./lwip/src/core/memp.o
                0x08001ca0                memp_free
 .text.netif_init
                0x08001cd8        0xe ./lwip/src/core/netif.o
                0x08001cd8                netif_init
 *fill*         0x08001ce6        0x2 
 .text.netif_add
                0x08001ce8      0x160 ./lwip/src/core/netif.o
                0x08001ce8                netif_add
 .text.netif_do_ip_addr_changed
                0x08001e48       0x22 ./lwip/src/core/netif.o
 *fill*         0x08001e6a        0x2 
 .text.netif_do_set_ipaddr
                0x08001e6c       0x7c ./lwip/src/core/netif.o
 .text.netif_do_set_netmask
                0x08001ee8       0x3e ./lwip/src/core/netif.o
 .text.netif_do_set_gw
                0x08001f26       0x3e ./lwip/src/core/netif.o
 .text.netif_set_addr
                0x08001f64       0x94 ./lwip/src/core/netif.o
                0x08001f64                netif_set_addr
 .text.netif_set_default
                0x08001ff8       0x20 ./lwip/src/core/netif.o
                0x08001ff8                netif_set_default
 .text.netif_set_up
                0x08002018       0x3c ./lwip/src/core/netif.o
                0x08002018                netif_set_up
 .text.netif_issue_reports
                0x08002054       0x70 ./lwip/src/core/netif.o
 .text.netif_set_down
                0x080020c4       0x48 ./lwip/src/core/netif.o
                0x080020c4                netif_set_down
 .text.netif_set_link_up
                0x0800210c       0x4c ./lwip/src/core/netif.o
                0x0800210c                netif_set_link_up
 .text.netif_null_output_ip4
                0x08002158       0x1c ./lwip/src/core/netif.o
 .text.netif_get_by_index
                0x08002174       0x4c ./lwip/src/core/netif.o
                0x08002174                netif_get_by_index
 .text.pbuf_init_alloced_pbuf
                0x080021c0       0x54 ./lwip/src/core/pbuf.o
 .text.pbuf_alloc
                0x08002214      0x1c4 ./lwip/src/core/pbuf.o
                0x08002214                pbuf_alloc
 .text.pbuf_alloc_reference
                0x080023d8       0x58 ./lwip/src/core/pbuf.o
                0x080023d8                pbuf_alloc_reference
 .text.pbuf_alloced_custom
                0x08002430       0x68 ./lwip/src/core/pbuf.o
                0x08002430                pbuf_alloced_custom
 .text.pbuf_realloc
                0x08002498      0x100 ./lwip/src/core/pbuf.o
                0x08002498                pbuf_realloc
 .text.pbuf_add_header_impl
                0x08002598       0xc0 ./lwip/src/core/pbuf.o
 .text.pbuf_add_header
                0x08002658       0x1e ./lwip/src/core/pbuf.o
                0x08002658                pbuf_add_header
 *fill*         0x08002676        0x2 
 .text.pbuf_remove_header
                0x08002678       0x80 ./lwip/src/core/pbuf.o
                0x08002678                pbuf_remove_header
 .text.pbuf_header_impl
                0x080026f8       0x42 ./lwip/src/core/pbuf.o
 .text.pbuf_header_force
                0x0800273a       0x24 ./lwip/src/core/pbuf.o
                0x0800273a                pbuf_header_force
 *fill*         0x0800275e        0x2 
 .text.pbuf_free
                0x08002760       0xe8 ./lwip/src/core/pbuf.o
                0x08002760                pbuf_free
 .text.pbuf_clen
                0x08002848       0x2e ./lwip/src/core/pbuf.o
                0x08002848                pbuf_clen
 *fill*         0x08002876        0x2 
 .text.pbuf_ref
                0x08002878       0x34 ./lwip/src/core/pbuf.o
                0x08002878                pbuf_ref
 .text.pbuf_cat
                0x080028ac       0x80 ./lwip/src/core/pbuf.o
                0x080028ac                pbuf_cat
 .text.pbuf_copy
                0x0800292c       0x2e ./lwip/src/core/pbuf.o
                0x0800292c                pbuf_copy
 *fill*         0x0800295a        0x2 
 .text.pbuf_copy_partial_pbuf
                0x0800295c      0x190 ./lwip/src/core/pbuf.o
                0x0800295c                pbuf_copy_partial_pbuf
 .text.pbuf_copy_partial
                0x08002aec       0xb8 ./lwip/src/core/pbuf.o
                0x08002aec                pbuf_copy_partial
 .text.pbuf_clone
                0x08002ba4       0x54 ./lwip/src/core/pbuf.o
                0x08002ba4                pbuf_clone
 .text.tcp_init
                0x08002bf8        0xe ./lwip/src/core/tcp.o
                0x08002bf8                tcp_init
 *fill*         0x08002c06        0x2 
 .text.tcp_free
                0x08002c08       0x2c ./lwip/src/core/tcp.o
                0x08002c08                tcp_free
 .text.tcp_free_listen
                0x08002c34       0x2c ./lwip/src/core/tcp.o
 .text.tcp_tmr  0x08002c60       0x2c ./lwip/src/core/tcp.o
                0x08002c60                tcp_tmr
 .text.tcp_remove_listener
                0x08002c8c       0x48 ./lwip/src/core/tcp.o
 .text.tcp_listen_closed
                0x08002cd4       0x5c ./lwip/src/core/tcp.o
 .text.tcp_close_shutdown
                0x08002d30      0x1ac ./lwip/src/core/tcp.o
 .text.tcp_close_shutdown_fin
                0x08002edc       0xc4 ./lwip/src/core/tcp.o
 .text.tcp_close
                0x08002fa0       0x3c ./lwip/src/core/tcp.o
                0x08002fa0                tcp_close
 .text.tcp_abandon
                0x08002fdc      0x148 ./lwip/src/core/tcp.o
                0x08002fdc                tcp_abandon
 .text.tcp_abort
                0x08003124       0x18 ./lwip/src/core/tcp.o
                0x08003124                tcp_abort
 .text.tcp_update_rcv_ann_wnd
                0x0800313c       0x9c ./lwip/src/core/tcp.o
                0x0800313c                tcp_update_rcv_ann_wnd
 .text.tcp_recved
                0x080031d8       0x80 ./lwip/src/core/tcp.o
                0x080031d8                tcp_recved
 .text.tcp_slowtmr
                0x08003258      0x5f0 ./lwip/src/core/tcp.o
                0x08003258                tcp_slowtmr
 .text.tcp_fasttmr
                0x08003848       0xc8 ./lwip/src/core/tcp.o
                0x08003848                tcp_fasttmr
 .text.tcp_process_refused_data
                0x08003910       0xe0 ./lwip/src/core/tcp.o
                0x08003910                tcp_process_refused_data
 .text.tcp_segs_free
                0x080039f0       0x2a ./lwip/src/core/tcp.o
                0x080039f0                tcp_segs_free
 .text.tcp_seg_free
                0x08003a1a       0x30 ./lwip/src/core/tcp.o
                0x08003a1a                tcp_seg_free
 .text.tcp_recv_null
                0x08003a4a       0x50 ./lwip/src/core/tcp.o
                0x08003a4a                tcp_recv_null
 *fill*         0x08003a9a        0x2 
 .text.tcp_kill_prio
                0x08003a9c       0x9c ./lwip/src/core/tcp.o
 .text.tcp_kill_state
                0x08003b38       0x84 ./lwip/src/core/tcp.o
 .text.tcp_kill_timewait
                0x08003bbc       0x60 ./lwip/src/core/tcp.o
 .text.tcp_handle_closepend
                0x08003c1c       0x4c ./lwip/src/core/tcp.o
 .text.tcp_alloc
                0x08003c68      0x108 ./lwip/src/core/tcp.o
                0x08003c68                tcp_alloc
 .text.tcp_pcb_purge
                0x08003d70       0x76 ./lwip/src/core/tcp.o
                0x08003d70                tcp_pcb_purge
 *fill*         0x08003de6        0x2 
 .text.tcp_pcb_remove
                0x08003de8       0xe4 ./lwip/src/core/tcp.o
                0x08003de8                tcp_pcb_remove
 .text.tcp_next_iss
                0x08003ecc       0x3c ./lwip/src/core/tcp.o
                0x08003ecc                tcp_next_iss
 .text.tcp_eff_send_mss_netif
                0x08003f08       0x64 ./lwip/src/core/tcp.o
                0x08003f08                tcp_eff_send_mss_netif
 .text.tcp_netif_ip_addr_changed_pcblist
                0x08003f6c       0x54 ./lwip/src/core/tcp.o
 .text.tcp_netif_ip_addr_changed
                0x08003fc0       0x7c ./lwip/src/core/tcp.o
                0x08003fc0                tcp_netif_ip_addr_changed
 .text.tcp_input
                0x0800403c      0x7d4 ./lwip/src/core/tcp_in.o
                0x0800403c                tcp_input
 .text.tcp_input_delayed_close
                0x08004810       0x70 ./lwip/src/core/tcp_in.o
 .text.tcp_listen_input
                0x08004880      0x1ec ./lwip/src/core/tcp_in.o
 .text.tcp_timewait_input
                0x08004a6c       0xe4 ./lwip/src/core/tcp_in.o
 .text.tcp_process
                0x08004b50      0x7c4 ./lwip/src/core/tcp_in.o
 .text.tcp_free_acked_segments
                0x08005314       0xe0 ./lwip/src/core/tcp_in.o
 .text.tcp_receive
                0x080053f4      0x86c ./lwip/src/core/tcp_in.o
 .text.tcp_get_next_optbyte
                0x08005c60       0x6c ./lwip/src/core/tcp_in.o
 .text.tcp_parseopt
                0x08005ccc       0xe0 ./lwip/src/core/tcp_in.o
 .text.tcp_trigger_input_pcb_close
                0x08005dac       0x20 ./lwip/src/core/tcp_in.o
                0x08005dac                tcp_trigger_input_pcb_close
 .text.tcp_route
                0x08005dcc       0x38 ./lwip/src/core/tcp_out.o
 .text.tcp_create_segment
                0x08005e04      0x120 ./lwip/src/core/tcp_out.o
 .text.tcp_split_unsent_seg
                0x08005f24      0x264 ./lwip/src/core/tcp_out.o
                0x08005f24                tcp_split_unsent_seg
 .text.tcp_send_fin
                0x08006188       0x90 ./lwip/src/core/tcp_out.o
                0x08006188                tcp_send_fin
 .text.tcp_enqueue_flags
                0x08006218      0x1a4 ./lwip/src/core/tcp_out.o
                0x08006218                tcp_enqueue_flags
 .text.tcp_output
                0x080063bc      0x3c8 ./lwip/src/core/tcp_out.o
                0x080063bc                tcp_output
 .text.tcp_output_segment_busy
                0x08006784       0x30 ./lwip/src/core/tcp_out.o
 .text.tcp_output_segment
                0x080067b4      0x1bc ./lwip/src/core/tcp_out.o
 .text.tcp_rexmit_rto_prepare
                0x08006970       0xd0 ./lwip/src/core/tcp_out.o
                0x08006970                tcp_rexmit_rto_prepare
 .text.tcp_rexmit_rto_commit
                0x08006a40       0x40 ./lwip/src/core/tcp_out.o
                0x08006a40                tcp_rexmit_rto_commit
 .text.tcp_rexmit_rto
                0x08006a80       0x34 ./lwip/src/core/tcp_out.o
                0x08006a80                tcp_rexmit_rto
 .text.tcp_rexmit
                0x08006ab4       0xc8 ./lwip/src/core/tcp_out.o
                0x08006ab4                tcp_rexmit
 .text.tcp_rexmit_fast
                0x08006b7c       0xb4 ./lwip/src/core/tcp_out.o
                0x08006b7c                tcp_rexmit_fast
 .text.tcp_output_alloc_header_common
                0x08006c30       0xd4 ./lwip/src/core/tcp_out.o
 .text.tcp_output_alloc_header
                0x08006d04       0x6c ./lwip/src/core/tcp_out.o
 .text.tcp_output_fill_options
                0x08006d70       0x64 ./lwip/src/core/tcp_out.o
 .text.tcp_output_control_segment
                0x08006dd4       0x58 ./lwip/src/core/tcp_out.o
 .text.tcp_output_control_segment_netif
                0x08006e2c       0x8c ./lwip/src/core/tcp_out.o
 .text.tcp_rst_common
                0x08006eb8       0x84 ./lwip/src/core/tcp_out.o
 .text.tcp_rst  0x08006f3c       0x42 ./lwip/src/core/tcp_out.o
                0x08006f3c                tcp_rst
 .text.tcp_rst_netif
                0x08006f7e       0x4c ./lwip/src/core/tcp_out.o
                0x08006f7e                tcp_rst_netif
 *fill*         0x08006fca        0x2 
 .text.tcp_send_empty_ack
                0x08006fcc       0xb4 ./lwip/src/core/tcp_out.o
                0x08006fcc                tcp_send_empty_ack
 .text.tcp_keepalive
                0x08007080       0x70 ./lwip/src/core/tcp_out.o
                0x08007080                tcp_keepalive
 .text.tcp_zero_window_probe
                0x080070f0      0x144 ./lwip/src/core/tcp_out.o
                0x080070f0                tcp_zero_window_probe
 .text.tcpip_tcp_timer
                0x08007234       0x48 ./lwip/src/core/timeouts.o
 .text.tcp_timer_needed
                0x0800727c       0x40 ./lwip/src/core/timeouts.o
                0x0800727c                tcp_timer_needed
 .text.sys_timeout_abs
                0x080072bc       0xd0 ./lwip/src/core/timeouts.o
 .text.lwip_cyclic_timer
                0x0800738c       0x64 ./lwip/src/core/timeouts.o
 .text.sys_timeouts_init
                0x080073f0       0x44 ./lwip/src/core/timeouts.o
                0x080073f0                sys_timeouts_init
 .text.sys_timeout
                0x08007434       0x3c ./lwip/src/core/timeouts.o
                0x08007434                sys_timeout
 .text.sys_check_timeouts
                0x08007470       0x74 ./lwip/src/core/timeouts.o
                0x08007470                sys_check_timeouts
 .text.udp_init
                0x080074e4        0xe ./lwip/src/core/udp.o
                0x080074e4                udp_init
 *fill*         0x080074f2        0x2 
 .text.udp_input_local_match
                0x080074f4       0xb4 ./lwip/src/core/udp.o
 .text.udp_input
                0x080075a8      0x23c ./lwip/src/core/udp.o
                0x080075a8                udp_input
 .text.udp_netif_ip_addr_changed
                0x080077e4       0x60 ./lwip/src/core/udp.o
                0x080077e4                udp_netif_ip_addr_changed
 .text.etharp_free_entry
                0x08007844       0x64 ./lwip/src/core/ipv4/etharp.o
 .text.etharp_tmr
                0x080078a8      0x150 ./lwip/src/core/ipv4/etharp.o
                0x080078a8                etharp_tmr
 .text.etharp_find_entry
                0x080079f8      0x2c0 ./lwip/src/core/ipv4/etharp.o
 .text.etharp_update_arp_entry
                0x08007cb8      0x13c ./lwip/src/core/ipv4/etharp.o
 .text.etharp_cleanup_netif
                0x08007df4       0x60 ./lwip/src/core/ipv4/etharp.o
                0x08007df4                etharp_cleanup_netif
 .text.etharp_input
                0x08007e54      0x114 ./lwip/src/core/ipv4/etharp.o
                0x08007e54                etharp_input
 .text.etharp_output_to_arp_index
                0x08007f68      0x124 ./lwip/src/core/ipv4/etharp.o
 .text.etharp_output
                0x0800808c      0x1e4 ./lwip/src/core/ipv4/etharp.o
                0x0800808c                etharp_output
 .text.etharp_query
                0x08008270      0x28c ./lwip/src/core/ipv4/etharp.o
                0x08008270                etharp_query
 .text.etharp_raw
                0x080084fc       0xf8 ./lwip/src/core/ipv4/etharp.o
 .text.etharp_request_dst
                0x080085f4       0x44 ./lwip/src/core/ipv4/etharp.o
 .text.etharp_request
                0x08008638       0x24 ./lwip/src/core/ipv4/etharp.o
                0x08008638                etharp_request
 .text.icmp_input
                0x0800865c      0x23c ./lwip/src/core/ipv4/icmp.o
                0x0800865c                icmp_input
 .text.icmp_dest_unreach
                0x08008898       0x20 ./lwip/src/core/ipv4/icmp.o
                0x08008898                icmp_dest_unreach
 .text.icmp_time_exceeded
                0x080088b8       0x20 ./lwip/src/core/ipv4/icmp.o
                0x080088b8                icmp_time_exceeded
 .text.icmp_send_response
                0x080088d8       0xec ./lwip/src/core/ipv4/icmp.o
 .text.ip4_route
                0x080089c4       0xe0 ./lwip/src/core/ipv4/ip4.o
                0x080089c4                ip4_route
 .text.ip4_input_accept
                0x08008aa4       0x54 ./lwip/src/core/ipv4/ip4.o
 .text.ip4_input
                0x08008af8      0x260 ./lwip/src/core/ipv4/ip4.o
                0x08008af8                ip4_input
 .text.ip4_output_if
                0x08008d58       0x54 ./lwip/src/core/ipv4/ip4.o
                0x08008d58                ip4_output_if
 .text.ip4_output_if_src
                0x08008dac      0x210 ./lwip/src/core/ipv4/ip4.o
                0x08008dac                ip4_output_if_src
 .text.ip4_addr_isbroadcast_u32
                0x08008fbc       0x82 ./lwip/src/core/ipv4/ip4_addr.o
                0x08008fbc                ip4_addr_isbroadcast_u32
 *fill*         0x0800903e        0x2 
 .text.ip_reass_tmr
                0x08009040       0x58 ./lwip/src/core/ipv4/ip4_frag.o
                0x08009040                ip_reass_tmr
 .text.ip_reass_free_complete_datagram
                0x08009098      0x120 ./lwip/src/core/ipv4/ip4_frag.o
 .text.ip_reass_remove_oldest_datagram
                0x080091b8       0xc4 ./lwip/src/core/ipv4/ip4_frag.o
 .text.ip_reass_enqueue_new_datagram
                0x0800927c       0x74 ./lwip/src/core/ipv4/ip4_frag.o
 .text.ip_reass_dequeue_datagram
                0x080092f0       0x4c ./lwip/src/core/ipv4/ip4_frag.o
 .text.ip_reass_chain_frag_into_datagram_and_validate
                0x0800933c      0x2a4 ./lwip/src/core/ipv4/ip4_frag.o
 .text.ip4_reass
                0x080095e0      0x31c ./lwip/src/core/ipv4/ip4_frag.o
                0x080095e0                ip4_reass
 .text.ip_frag_alloc_pbuf_custom_ref
                0x080098fc       0x10 ./lwip/src/core/ipv4/ip4_frag.o
 .text.ip_frag_free_pbuf_custom_ref
                0x0800990c       0x28 ./lwip/src/core/ipv4/ip4_frag.o
 .text.ipfrag_free_pbuf_custom
                0x08009934       0x50 ./lwip/src/core/ipv4/ip4_frag.o
 .text.ip4_frag
                0x08009984      0x270 ./lwip/src/core/ipv4/ip4_frag.o
                0x08009984                ip4_frag
 .text.ethernet_input
                0x08009bf4      0x11c ./lwip/src/netif/ethernet.o
                0x08009bf4                ethernet_input
 .text.ethernet_output
                0x08009d10       0x80 ./lwip/src/netif/ethernet.o
                0x08009d10                ethernet_output
 .text.std      0x08009d90       0x6c /home/zero/.eclipse/com.st.stm32cube.ide.mcu.rcp.product_1.15.0_139064213_linux_gtk_x86_64/plugins/com.st.stm32cube.ide.mcu.externaltools.gnu-tools-for-stm32.12.3.rel1.linux64_1.0.200.202406132123/tools/bin/../lib/gcc/arm-none-eabi/12.3.1/../../../../arm-none-eabi/lib/thumb/v7e-m+dp/hard/libc_nano.a(libc_a-findfp.o)
 .text.stdio_exit_handler
                0x08009dfc       0x18 /home/zero/.eclipse/com.st.stm32cube.ide.mcu.rcp.product_1.15.0_139064213_linux_gtk_x86_64/plugins/com.st.stm32cube.ide.mcu.externaltools.gnu-tools-for-stm32.12.3.rel1.linux64_1.0.200.202406132123/tools/bin/../lib/gcc/arm-none-eabi/12.3.1/../../../../arm-none-eabi/lib/thumb/v7e-m+dp/hard/libc_nano.a(libc_a-findfp.o)
 .text.cleanup_stdio
                0x08009e14       0x40 /home/zero/.eclipse/com.st.stm32cube.ide.mcu.rcp.product_1.15.0_139064213_linux_gtk_x86_64/plugins/com.st.stm32cube.ide.mcu.externaltools.gnu-tools-for-stm32.12.3.rel1.linux64_1.0.200.202406132123/tools/bin/../lib/gcc/arm-none-eabi/12.3.1/../../../../arm-none-eabi/lib/thumb/v7e-m+dp/hard/libc_nano.a(libc_a-findfp.o)
 .text.global_stdio_init.part.0
                0x08009e54       0x3c /home/zero/.eclipse/com.st.stm32cube.ide.mcu.rcp.product_1.15.0_139064213_linux_gtk_x86_64/plugins/com.st.stm32cube.ide.mcu.externaltools.gnu-tools-for-stm32.12.3.rel1.linux64_1.0.200.202406132123/tools/bin/../lib/gcc/arm-none-eabi/12.3.1/../../../../arm-none-eabi/lib/thumb/v7e-m+dp/hard/libc_nano.a(libc_a-findfp.o)
 .text.__sfp_lock_acquire
                0x08009e90        0xc /home/zero/.eclipse/com.st.stm32cube.ide.mcu.rcp.product_1.15.0_139064213_linux_gtk_x86_64/plugins/com.st.stm32cube.ide.mcu.externaltools.gnu-tools-for-stm32.12.3.rel1.linux64_1.0.200.202406132123/tools/bin/../lib/gcc/arm-none-eabi/12.3.1/../../../../arm-none-eabi/lib/thumb/v7e-m+dp/hard/libc_nano.a(libc_a-findfp.o)
                0x08009e90                __sfp_lock_acquire
 .text.__sfp_lock_release
                0x08009e9c        0xc /home/zero/.eclipse/com.st.stm32cube.ide.mcu.rcp.product_1.15.0_139064213_linux_gtk_x86_64/plugins/com.st.stm32cube.ide.mcu.externaltools.gnu-tools-for-stm32.12.3.rel1.linux64_1.0.200.202406132123/tools/bin/../lib/gcc/arm-none-eabi/12.3.1/../../../../arm-none-eabi/lib/thumb/v7e-m+dp/hard/libc_nano.a(libc_a-findfp.o)
                0x08009e9c                __sfp_lock_release
 .text.__sinit  0x08009ea8       0x30 /home/zero/.eclipse/com.st.stm32cube.ide.mcu.rcp.product_1.15.0_139064213_linux_gtk_x86_64/plugins/com.st.stm32cube.ide.mcu.externaltools.gnu-tools-for-stm32.12.3.rel1.linux64_1.0.200.202406132123/tools/bin/../lib/gcc/arm-none-eabi/12.3.1/../../../../arm-none-eabi/lib/thumb/v7e-m+dp/hard/libc_nano.a(libc_a-findfp.o)
                0x08009ea8                __sinit
 .text._fwalk_sglue
                0x08009ed8       0x3c /home/zero/.eclipse/com.st.stm32cube.ide.mcu.rcp.product_1.15.0_139064213_linux_gtk_x86_64/plugins/com.st.stm32cube.ide.mcu.externaltools.gnu-tools-for-stm32.12.3.rel1.linux64_1.0.200.202406132123/tools/bin/../lib/gcc/arm-none-eabi/12.3.1/../../../../arm-none-eabi/lib/thumb/v7e-m+dp/hard/libc_nano.a(libc_a-fwalk.o)
                0x08009ed8                _fwalk_sglue
 .text.printf   0x08009f14       0x24 /home/zero/.eclipse/com.st.stm32cube.ide.mcu.rcp.product_1.15.0_139064213_linux_gtk_x86_64/plugins/com.st.stm32cube.ide.mcu.externaltools.gnu-tools-for-stm32.12.3.rel1.linux64_1.0.200.202406132123/tools/bin/../lib/gcc/arm-none-eabi/12.3.1/../../../../arm-none-eabi/lib/thumb/v7e-m+dp/hard/libc_nano.a(libc_a-printf.o)
                0x08009f14                printf
                0x08009f14                iprintf
 .text.__sread  0x08009f38       0x22 /home/zero/.eclipse/com.st.stm32cube.ide.mcu.rcp.product_1.15.0_139064213_linux_gtk_x86_64/plugins/com.st.stm32cube.ide.mcu.externaltools.gnu-tools-for-stm32.12.3.rel1.linux64_1.0.200.202406132123/tools/bin/../lib/gcc/arm-none-eabi/12.3.1/../../../../arm-none-eabi/lib/thumb/v7e-m+dp/hard/libc_nano.a(libc_a-stdio.o)
                0x08009f38                __sread
 .text.__swrite
                0x08009f5a       0x38 /home/zero/.eclipse/com.st.stm32cube.ide.mcu.rcp.product_1.15.0_139064213_linux_gtk_x86_64/plugins/com.st.stm32cube.ide.mcu.externaltools.gnu-tools-for-stm32.12.3.rel1.linux64_1.0.200.202406132123/tools/bin/../lib/gcc/arm-none-eabi/12.3.1/../../../../arm-none-eabi/lib/thumb/v7e-m+dp/hard/libc_nano.a(libc_a-stdio.o)
                0x08009f5a                __swrite
 .text.__sseek  0x08009f92       0x24 /home/zero/.eclipse/com.st.stm32cube.ide.mcu.rcp.product_1.15.0_139064213_linux_gtk_x86_64/plugins/com.st.stm32cube.ide.mcu.externaltools.gnu-tools-for-stm32.12.3.rel1.linux64_1.0.200.202406132123/tools/bin/../lib/gcc/arm-none-eabi/12.3.1/../../../../arm-none-eabi/lib/thumb/v7e-m+dp/hard/libc_nano.a(libc_a-stdio.o)
                0x08009f92                __sseek
 .text.__sclose
                0x08009fb6        0x8 /home/zero/.eclipse/com.st.stm32cube.ide.mcu.rcp.product_1.15.0_139064213_linux_gtk_x86_64/plugins/com.st.stm32cube.ide.mcu.externaltools.gnu-tools-for-stm32.12.3.rel1.linux64_1.0.200.202406132123/tools/bin/../lib/gcc/arm-none-eabi/12.3.1/../../../../arm-none-eabi/lib/thumb/v7e-m+dp/hard/libc_nano.a(libc_a-stdio.o)
                0x08009fb6                __sclose
 .text.memcmp   0x08009fbe       0x20 /home/zero/.eclipse/com.st.stm32cube.ide.mcu.rcp.product_1.15.0_139064213_linux_gtk_x86_64/plugins/com.st.stm32cube.ide.mcu.externaltools.gnu-tools-for-stm32.12.3.rel1.linux64_1.0.200.202406132123/tools/bin/../lib/gcc/arm-none-eabi/12.3.1/../../../../arm-none-eabi/lib/thumb/v7e-m+dp/hard/libc_nano.a(libc_a-memcmp.o)
                0x08009fbe                memcmp
 .text.memset   0x08009fde       0x10 /home/zero/.eclipse/com.st.stm32cube.ide.mcu.rcp.product_1.15.0_139064213_linux_gtk_x86_64/plugins/com.st.stm32cube.ide.mcu.externaltools.gnu-tools-for-stm32.12.3.rel1.linux64_1.0.200.202406132123/tools/bin/../lib/gcc/arm-none-eabi/12.3.1/../../../../arm-none-eabi/lib/thumb/v7e-m+dp/hard/libc_nano.a(libc_a-memset.o)
                0x08009fde                memset
 *fill*         0x08009fee        0x2 
 .text._close_r
                0x08009ff0       0x20 /home/zero/.eclipse/com.st.stm32cube.ide.mcu.rcp.product_1.15.0_139064213_linux_gtk_x86_64/plugins/com.st.stm32cube.ide.mcu.externaltools.gnu-tools-for-stm32.12.3.rel1.linux64_1.0.200.202406132123/tools/bin/../lib/gcc/arm-none-eabi/12.3.1/../../../../arm-none-eabi/lib/thumb/v7e-m+dp/hard/libc_nano.a(libc_a-closer.o)
                0x08009ff0                _close_r
 .text._lseek_r
                0x0800a010       0x24 /home/zero/.eclipse/com.st.stm32cube.ide.mcu.rcp.product_1.15.0_139064213_linux_gtk_x86_64/plugins/com.st.stm32cube.ide.mcu.externaltools.gnu-tools-for-stm32.12.3.rel1.linux64_1.0.200.202406132123/tools/bin/../lib/gcc/arm-none-eabi/12.3.1/../../../../arm-none-eabi/lib/thumb/v7e-m+dp/hard/libc_nano.a(libc_a-lseekr.o)
                0x0800a010                _lseek_r
 .text._read_r  0x0800a034       0x24 /home/zero/.eclipse/com.st.stm32cube.ide.mcu.rcp.product_1.15.0_139064213_linux_gtk_x86_64/plugins/com.st.stm32cube.ide.mcu.externaltools.gnu-tools-for-stm32.12.3.rel1.linux64_1.0.200.202406132123/tools/bin/../lib/gcc/arm-none-eabi/12.3.1/../../../../arm-none-eabi/lib/thumb/v7e-m+dp/hard/libc_nano.a(libc_a-readr.o)
                0x0800a034                _read_r
 .text._write_r
                0x0800a058       0x24 /home/zero/.eclipse/com.st.stm32cube.ide.mcu.rcp.product_1.15.0_139064213_linux_gtk_x86_64/plugins/com.st.stm32cube.ide.mcu.externaltools.gnu-tools-for-stm32.12.3.rel1.linux64_1.0.200.202406132123/tools/bin/../lib/gcc/arm-none-eabi/12.3.1/../../../../arm-none-eabi/lib/thumb/v7e-m+dp/hard/libc_nano.a(libc_a-writer.o)
                0x0800a058                _write_r
 .text.__errno  0x0800a07c        0xc /home/zero/.eclipse/com.st.stm32cube.ide.mcu.rcp.product_1.15.0_139064213_linux_gtk_x86_64/plugins/com.st.stm32cube.ide.mcu.externaltools.gnu-tools-for-stm32.12.3.rel1.linux64_1.0.200.202406132123/tools/bin/../lib/gcc/arm-none-eabi/12.3.1/../../../../arm-none-eabi/lib/thumb/v7e-m+dp/hard/libc_nano.a(libc_a-errno.o)
                0x0800a07c                __errno
 .text.__libc_init_array
                0x0800a088       0x48 /home/zero/.eclipse/com.st.stm32cube.ide.mcu.rcp.product_1.15.0_139064213_linux_gtk_x86_64/plugins/com.st.stm32cube.ide.mcu.externaltools.gnu-tools-for-stm32.12.3.rel1.linux64_1.0.200.202406132123/tools/bin/../lib/gcc/arm-none-eabi/12.3.1/../../../../arm-none-eabi/lib/thumb/v7e-m+dp/hard/libc_nano.a(libc_a-init.o)
                0x0800a088                __libc_init_array
 .text.__retarget_lock_init_recursive
                0x0800a0d0        0x2 /home/zero/.eclipse/com.st.stm32cube.ide.mcu.rcp.product_1.15.0_139064213_linux_gtk_x86_64/plugins/com.st.stm32cube.ide.mcu.externaltools.gnu-tools-for-stm32.12.3.rel1.linux64_1.0.200.202406132123/tools/bin/../lib/gcc/arm-none-eabi/12.3.1/../../../../arm-none-eabi/lib/thumb/v7e-m+dp/hard/libc_nano.a(libc_a-lock.o)
                0x0800a0d0                __retarget_lock_init_recursive
 .text.__retarget_lock_acquire_recursive
                0x0800a0d2        0x2 /home/zero/.eclipse/com.st.stm32cube.ide.mcu.rcp.product_1.15.0_139064213_linux_gtk_x86_64/plugins/com.st.stm32cube.ide.mcu.externaltools.gnu-tools-for-stm32.12.3.rel1.linux64_1.0.200.202406132123/tools/bin/../lib/gcc/arm-none-eabi/12.3.1/../../../../arm-none-eabi/lib/thumb/v7e-m+dp/hard/libc_nano.a(libc_a-lock.o)
                0x0800a0d2                __retarget_lock_acquire_recursive
 .text.__retarget_lock_release_recursive
                0x0800a0d4        0x2 /home/zero/.eclipse/com.st.stm32cube.ide.mcu.rcp.product_1.15.0_139064213_linux_gtk_x86_64/plugins/com.st.stm32cube.ide.mcu.externaltools.gnu-tools-for-stm32.12.3.rel1.linux64_1.0.200.202406132123/tools/bin/../lib/gcc/arm-none-eabi/12.3.1/../../../../arm-none-eabi/lib/thumb/v7e-m+dp/hard/libc_nano.a(libc_a-lock.o)
                0x0800a0d4                __retarget_lock_release_recursive
 .text.memcpy   0x0800a0d6       0x1c /home/zero/.eclipse/com.st.stm32cube.ide.mcu.rcp.product_1.15.0_139064213_linux_gtk_x86_64/plugins/com.st.stm32cube.ide.mcu.externaltools.gnu-tools-for-stm32.12.3.rel1.linux64_1.0.200.202406132123/tools/bin/../lib/gcc/arm-none-eabi/12.3.1/../../../../arm-none-eabi/lib/thumb/v7e-m+dp/hard/libc_nano.a(libc_a-memcpy-stub.o)
                0x0800a0d6                memcpy
 *fill*         0x0800a0f2        0x2 
 .text._free_r  0x0800a0f4       0x94 /home/zero/.eclipse/com.st.stm32cube.ide.mcu.rcp.product_1.15.0_139064213_linux_gtk_x86_64/plugins/com.st.stm32cube.ide.mcu.externaltools.gnu-tools-for-stm32.12.3.rel1.linux64_1.0.200.202406132123/tools/bin/../lib/gcc/arm-none-eabi/12.3.1/../../../../arm-none-eabi/lib/thumb/v7e-m+dp/hard/libc_nano.a(libc_a-freer.o)
                0x0800a0f4                _free_r
 .text.sbrk_aligned
                0x0800a188       0x44 /home/zero/.eclipse/com.st.stm32cube.ide.mcu.rcp.product_1.15.0_139064213_linux_gtk_x86_64/plugins/com.st.stm32cube.ide.mcu.externaltools.gnu-tools-for-stm32.12.3.rel1.linux64_1.0.200.202406132123/tools/bin/../lib/gcc/arm-none-eabi/12.3.1/../../../../arm-none-eabi/lib/thumb/v7e-m+dp/hard/libc_nano.a(libc_a-mallocr.o)
 .text._malloc_r
                0x0800a1cc      0x100 /home/zero/.eclipse/com.st.stm32cube.ide.mcu.rcp.product_1.15.0_139064213_linux_gtk_x86_64/plugins/com.st.stm32cube.ide.mcu.externaltools.gnu-tools-for-stm32.12.3.rel1.linux64_1.0.200.202406132123/tools/bin/../lib/gcc/arm-none-eabi/12.3.1/../../../../arm-none-eabi/lib/thumb/v7e-m+dp/hard/libc_nano.a(libc_a-mallocr.o)
                0x0800a1cc                _malloc_r
 .text.__malloc_lock
                0x0800a2cc        0xc /home/zero/.eclipse/com.st.stm32cube.ide.mcu.rcp.product_1.15.0_139064213_linux_gtk_x86_64/plugins/com.st.stm32cube.ide.mcu.externaltools.gnu-tools-for-stm32.12.3.rel1.linux64_1.0.200.202406132123/tools/bin/../lib/gcc/arm-none-eabi/12.3.1/../../../../arm-none-eabi/lib/thumb/v7e-m+dp/hard/libc_nano.a(libc_a-mlock.o)
                0x0800a2cc                __malloc_lock
 .text.__malloc_unlock
                0x0800a2d8        0xc /home/zero/.eclipse/com.st.stm32cube.ide.mcu.rcp.product_1.15.0_139064213_linux_gtk_x86_64/plugins/com.st.stm32cube.ide.mcu.externaltools.gnu-tools-for-stm32.12.3.rel1.linux64_1.0.200.202406132123/tools/bin/../lib/gcc/arm-none-eabi/12.3.1/../../../../arm-none-eabi/lib/thumb/v7e-m+dp/hard/libc_nano.a(libc_a-mlock.o)
                0x0800a2d8                __malloc_unlock
 .text.__sfputc_r
                0x0800a2e4       0x2e /home/zero/.eclipse/com.st.stm32cube.ide.mcu.rcp.product_1.15.0_139064213_linux_gtk_x86_64/plugins/com.st.stm32cube.ide.mcu.externaltools.gnu-tools-for-stm32.12.3.rel1.linux64_1.0.200.202406132123/tools/bin/../lib/gcc/arm-none-eabi/12.3.1/../../../../arm-none-eabi/lib/thumb/v7e-m+dp/hard/libc_nano.a(libc_a-nano-vfprintf.o)
 .text.__sfputs_r
                0x0800a312       0x24 /home/zero/.eclipse/com.st.stm32cube.ide.mcu.rcp.product_1.15.0_139064213_linux_gtk_x86_64/plugins/com.st.stm32cube.ide.mcu.externaltools.gnu-tools-for-stm32.12.3.rel1.linux64_1.0.200.202406132123/tools/bin/../lib/gcc/arm-none-eabi/12.3.1/../../../../arm-none-eabi/lib/thumb/v7e-m+dp/hard/libc_nano.a(libc_a-nano-vfprintf.o)
                0x0800a312                __sfputs_r
 *fill*         0x0800a336        0x2 
 .text._vfprintf_r
                0x0800a338      0x230 /home/zero/.eclipse/com.st.stm32cube.ide.mcu.rcp.product_1.15.0_139064213_linux_gtk_x86_64/plugins/com.st.stm32cube.ide.mcu.externaltools.gnu-tools-for-stm32.12.3.rel1.linux64_1.0.200.202406132123/tools/bin/../lib/gcc/arm-none-eabi/12.3.1/../../../../arm-none-eabi/lib/thumb/v7e-m+dp/hard/libc_nano.a(libc_a-nano-vfprintf.o)
                0x0800a338                _vfiprintf_r
                0x0800a338                _vfprintf_r
 .text._printf_common
                0x0800a568       0xda /home/zero/.eclipse/com.st.stm32cube.ide.mcu.rcp.product_1.15.0_139064213_linux_gtk_x86_64/plugins/com.st.stm32cube.ide.mcu.externaltools.gnu-tools-for-stm32.12.3.rel1.linux64_1.0.200.202406132123/tools/bin/../lib/gcc/arm-none-eabi/12.3.1/../../../../arm-none-eabi/lib/thumb/v7e-m+dp/hard/libc_nano.a(libc_a-nano-vfprintf_i.o)
                0x0800a568                _printf_common
 *fill*         0x0800a642        0x2 
 .text._printf_i
                0x0800a644      0x240 /home/zero/.eclipse/com.st.stm32cube.ide.mcu.rcp.product_1.15.0_139064213_linux_gtk_x86_64/plugins/com.st.stm32cube.ide.mcu.externaltools.gnu-tools-for-stm32.12.3.rel1.linux64_1.0.200.202406132123/tools/bin/../lib/gcc/arm-none-eabi/12.3.1/../../../../arm-none-eabi/lib/thumb/v7e-m+dp/hard/libc_nano.a(libc_a-nano-vfprintf_i.o)
                0x0800a644                _printf_i
 .text.__sflush_r
                0x0800a884      0x108 /home/zero/.eclipse/com.st.stm32cube.ide.mcu.rcp.product_1.15.0_139064213_linux_gtk_x86_64/plugins/com.st.stm32cube.ide.mcu.externaltools.gnu-tools-for-stm32.12.3.rel1.linux64_1.0.200.202406132123/tools/bin/../lib/gcc/arm-none-eabi/12.3.1/../../../../arm-none-eabi/lib/thumb/v7e-m+dp/hard/libc_nano.a(libc_a-fflush.o)
                0x0800a884                __sflush_r
 .text._fflush_r
                0x0800a98c       0x50 /home/zero/.eclipse/com.st.stm32cube.ide.mcu.rcp.product_1.15.0_139064213_linux_gtk_x86_64/plugins/com.st.stm32cube.ide.mcu.externaltools.gnu-tools-for-stm32.12.3.rel1.linux64_1.0.200.202406132123/tools/bin/../lib/gcc/arm-none-eabi/12.3.1/../../../../arm-none-eabi/lib/thumb/v7e-m+dp/hard/libc_nano.a(libc_a-fflush.o)
                0x0800a98c                _fflush_r
 .text.__swbuf_r
                0x0800a9dc       0x7c /home/zero/.eclipse/com.st.stm32cube.ide.mcu.rcp.product_1.15.0_139064213_linux_gtk_x86_64/plugins/com.st.stm32cube.ide.mcu.externaltools.gnu-tools-for-stm32.12.3.rel1.linux64_1.0.200.202406132123/tools/bin/../lib/gcc/arm-none-eabi/12.3.1/../../../../arm-none-eabi/lib/thumb/v7e-m+dp/hard/libc_nano.a(libc_a-wbuf.o)
                0x0800a9dc                __swbuf_r
 .text.__swsetup_r
                0x0800aa58       0xac /home/zero/.eclipse/com.st.stm32cube.ide.mcu.rcp.product_1.15.0_139064213_linux_gtk_x86_64/plugins/com.st.stm32cube.ide.mcu.externaltools.gnu-tools-for-stm32.12.3.rel1.linux64_1.0.200.202406132123/tools/bin/../lib/gcc/arm-none-eabi/12.3.1/../../../../arm-none-eabi/lib/thumb/v7e-m+dp/hard/libc_nano.a(libc_a-wsetup.o)
                0x0800aa58                __swsetup_r
 .text._sbrk_r  0x0800ab04       0x20 /home/zero/.eclipse/com.st.stm32cube.ide.mcu.rcp.product_1.15.0_139064213_linux_gtk_x86_64/plugins/com.st.stm32cube.ide.mcu.externaltools.gnu-tools-for-stm32.12.3.rel1.linux64_1.0.200.202406132123/tools/bin/../lib/gcc/arm-none-eabi/12.3.1/../../../../arm-none-eabi/lib/thumb/v7e-m+dp/hard/libc_nano.a(libc_a-sbrkr.o)
                0x0800ab04                _sbrk_r
 .text.__swhatbuf_r
                0x0800ab24       0x4c /home/zero/.eclipse/com.st.stm32cube.ide.mcu.rcp.product_1.15.0_139064213_linux_gtk_x86_64/plugins/com.st.stm32cube.ide.mcu.externaltools.gnu-tools-for-stm32.12.3.rel1.linux64_1.0.200.202406132123/tools/bin/../lib/gcc/arm-none-eabi/12.3.1/../../../../arm-none-eabi/lib/thumb/v7e-m+dp/hard/libc_nano.a(libc_a-makebuf.o)
                0x0800ab24                __swhatbuf_r
 .text.__smakebuf_r
                0x0800ab70       0x78 /home/zero/.eclipse/com.st.stm32cube.ide.mcu.rcp.product_1.15.0_139064213_linux_gtk_x86_64/plugins/com.st.stm32cube.ide.mcu.externaltools.gnu-tools-for-stm32.12.3.rel1.linux64_1.0.200.202406132123/tools/bin/../lib/gcc/arm-none-eabi/12.3.1/../../../../arm-none-eabi/lib/thumb/v7e-m+dp/hard/libc_nano.a(libc_a-makebuf.o)
                0x0800ab70                __smakebuf_r
 .text._fstat_r
                0x0800abe8       0x24 /home/zero/.eclipse/com.st.stm32cube.ide.mcu.rcp.product_1.15.0_139064213_linux_gtk_x86_64/plugins/com.st.stm32cube.ide.mcu.externaltools.gnu-tools-for-stm32.12.3.rel1.linux64_1.0.200.202406132123/tools/bin/../lib/gcc/arm-none-eabi/12.3.1/../../../../arm-none-eabi/lib/thumb/v7e-m+dp/hard/libc_nano.a(libc_a-fstatr.o)
                0x0800abe8                _fstat_r
 .text._isatty_r
                0x0800ac0c       0x20 /home/zero/.eclipse/com.st.stm32cube.ide.mcu.rcp.product_1.15.0_139064213_linux_gtk_x86_64/plugins/com.st.stm32cube.ide.mcu.externaltools.gnu-tools-for-stm32.12.3.rel1.linux64_1.0.200.202406132123/tools/bin/../lib/gcc/arm-none-eabi/12.3.1/../../../../arm-none-eabi/lib/thumb/v7e-m+dp/hard/libc_nano.a(libc_a-isattyr.o)
                0x0800ac0c                _isatty_r
 *(.glue_7)
 .glue_7        0x0800ac2c        0x0 linker stubs
 *(.glue_7t)
 .glue_7t       0x0800ac2c        0x0 linker stubs
 *(.eh_frame)
 .eh_frame      0x0800ac2c        0x0 /home/zero/.eclipse/com.st.stm32cube.ide.mcu.rcp.product_1.15.0_139064213_linux_gtk_x86_64/plugins/com.st.stm32cube.ide.mcu.externaltools.gnu-tools-for-stm32.12.3.rel1.linux64_1.0.200.202406132123/tools/bin/../lib/gcc/arm-none-eabi/12.3.1/thumb/v7e-m+dp/hard/crtbegin.o
 *(.init)
 .init          0x0800ac2c        0x4 /home/zero/.eclipse/com.st.stm32cube.ide.mcu.rcp.product_1.15.0_139064213_linux_gtk_x86_64/plugins/com.st.stm32cube.ide.mcu.externaltools.gnu-tools-for-stm32.12.3.rel1.linux64_1.0.200.202406132123/tools/bin/../lib/gcc/arm-none-eabi/12.3.1/thumb/v7e-m+dp/hard/crti.o
                0x0800ac2c                _init
 .init          0x0800ac30        0x8 /home/zero/.eclipse/com.st.stm32cube.ide.mcu.rcp.product_1.15.0_139064213_linux_gtk_x86_64/plugins/com.st.stm32cube.ide.mcu.externaltools.gnu-tools-for-stm32.12.3.rel1.linux64_1.0.200.202406132123/tools/bin/../lib/gcc/arm-none-eabi/12.3.1/thumb/v7e-m+dp/hard/crtn.o
 *(.fini)
 .fini          0x0800ac38        0x4 /home/zero/.eclipse/com.st.stm32cube.ide.mcu.rcp.product_1.15.0_139064213_linux_gtk_x86_64/plugins/com.st.stm32cube.ide.mcu.externaltools.gnu-tools-for-stm32.12.3.rel1.linux64_1.0.200.202406132123/tools/bin/../lib/gcc/arm-none-eabi/12.3.1/thumb/v7e-m+dp/hard/crti.o
                0x0800ac38                _fini
 .fini          0x0800ac3c        0x8 /home/zero/.eclipse/com.st.stm32cube.ide.mcu.rcp.product_1.15.0_139064213_linux_gtk_x86_64/plugins/com.st.stm32cube.ide.mcu.externaltools.gnu-tools-for-stm32.12.3.rel1.linux64_1.0.200.202406132123/tools/bin/../lib/gcc/arm-none-eabi/12.3.1/thumb/v7e-m+dp/hard/crtn.o
                0x0800ac44                        . = ALIGN (0x4)
                0x0800ac44                        _etext = .

.vfp11_veneer   0x0800ac44        0x0
 .vfp11_veneer  0x0800ac44        0x0 linker stubs

.v4_bx          0x0800ac44        0x0
 .v4_bx         0x0800ac44        0x0 linker stubs

.iplt           0x0800ac44        0x0
 .iplt          0x0800ac44        0x0 /home/zero/.eclipse/com.st.stm32cube.ide.mcu.rcp.product_1.15.0_139064213_linux_gtk_x86_64/plugins/com.st.stm32cube.ide.mcu.externaltools.gnu-tools-for-stm32.12.3.rel1.linux64_1.0.200.202406132123/tools/bin/../lib/gcc/arm-none-eabi/12.3.1/thumb/v7e-m+dp/hard/crtbegin.o

.rodata         0x0800ac44     0x1d68
                0x0800ac44                        . = ALIGN (0x4)
 *(.rodata)
 .rodata        0x0800ac44      0x203 ./lwip/src/core/mem.o
 *fill*         0x0800ae47        0x1 
 .rodata        0x0800ae48       0x58 ./lwip/src/core/memp.o
 .rodata        0x0800aea0       0xaf ./lwip/src/core/netif.o
 *fill*         0x0800af4f        0x1 
 .rodata        0x0800af50      0x2a1 ./lwip/src/core/pbuf.o
 *fill*         0x0800b1f1        0x3 
 .rodata        0x0800b1f4      0x544 ./lwip/src/core/tcp.o
 .rodata        0x0800b738      0x396 ./lwip/src/core/tcp_in.o
 *fill*         0x0800bace        0x2 
 .rodata        0x0800bad0      0x7a7 ./lwip/src/core/tcp_out.o
 *fill*         0x0800c277        0x1 
 .rodata        0x0800c278       0x8a ./lwip/src/core/timeouts.o
 *fill*         0x0800c302        0x2 
 .rodata        0x0800c304       0xca ./lwip/src/core/udp.o
 *fill*         0x0800c3ce        0x2 
 .rodata        0x0800c3d0      0x215 ./lwip/src/core/ipv4/etharp.o
 *fill*         0x0800c5e5        0x3 
 .rodata        0x0800c5e8       0x94 ./lwip/src/core/ipv4/icmp.o
 .rodata        0x0800c67c       0x39 ./lwip/src/core/ipv4/ip4.o
 *fill*         0x0800c6b5        0x3 
 .rodata        0x0800c6b8      0x1a7 ./lwip/src/core/ipv4/ip4_frag.o
 *fill*         0x0800c85f        0x1 
 .rodata        0x0800c860       0x31 ./lwip/src/netif/ethernet.o
 *(.rodata*)
 *fill*         0x0800c891        0x3 
 .rodata.memp_UDP_PCB
                0x0800c894        0xc ./lwip/src/core/memp.o
                0x0800c894                memp_UDP_PCB
 .rodata.memp_TCP_PCB
                0x0800c8a0        0xc ./lwip/src/core/memp.o
                0x0800c8a0                memp_TCP_PCB
 .rodata.memp_TCP_PCB_LISTEN
                0x0800c8ac        0xc ./lwip/src/core/memp.o
                0x0800c8ac                memp_TCP_PCB_LISTEN
 .rodata.memp_TCP_SEG
                0x0800c8b8        0xc ./lwip/src/core/memp.o
                0x0800c8b8                memp_TCP_SEG
 .rodata.memp_REASSDATA
                0x0800c8c4        0xc ./lwip/src/core/memp.o
                0x0800c8c4                memp_REASSDATA
 .rodata.memp_FRAG_PBUF
                0x0800c8d0        0xc ./lwip/src/core/memp.o
                0x0800c8d0                memp_FRAG_PBUF
 .rodata.memp_SYS_TIMEOUT
                0x0800c8dc        0xc ./lwip/src/core/memp.o
                0x0800c8dc                memp_SYS_TIMEOUT
 .rodata.memp_PBUF
                0x0800c8e8        0xc ./lwip/src/core/memp.o
                0x0800c8e8                memp_PBUF
 .rodata.memp_PBUF_POOL
                0x0800c8f4        0xc ./lwip/src/core/memp.o
                0x0800c8f4                memp_PBUF_POOL
 .rodata.memp_pools
                0x0800c900       0x24 ./lwip/src/core/memp.o
                0x0800c900                memp_pools
 .rodata.tcp_backoff
                0x0800c924        0xd ./lwip/src/core/tcp.o
 *fill*         0x0800c931        0x3 
 .rodata.tcp_persist_backoff
                0x0800c934        0x7 ./lwip/src/core/tcp.o
 *fill*         0x0800c93b        0x1 
 .rodata.tcp_pcb_lists
                0x0800c93c       0x10 ./lwip/src/core/tcp.o
                0x0800c93c                tcp_pcb_lists
 .rodata.lwip_cyclic_timers
                0x0800c94c       0x18 ./lwip/src/core/timeouts.o
                0x0800c94c                lwip_cyclic_timers
 .rodata.ip_addr_any
                0x0800c964        0x4 ./lwip/src/core/ipv4/ip4_addr.o
                0x0800c964                ip_addr_any
 .rodata.ethbroadcast
                0x0800c968        0x6 ./lwip/src/netif/ethernet.o
                0x0800c968                ethbroadcast
 *fill*         0x0800c96e        0x2 
 .rodata.ethzero
                0x0800c970        0x6 ./lwip/src/netif/ethernet.o
                0x0800c970                ethzero
 .rodata._vfprintf_r.str1.1
                0x0800c976       0x11 /home/zero/.eclipse/com.st.stm32cube.ide.mcu.rcp.product_1.15.0_139064213_linux_gtk_x86_64/plugins/com.st.stm32cube.ide.mcu.externaltools.gnu-tools-for-stm32.12.3.rel1.linux64_1.0.200.202406132123/tools/bin/../lib/gcc/arm-none-eabi/12.3.1/../../../../arm-none-eabi/lib/thumb/v7e-m+dp/hard/libc_nano.a(libc_a-nano-vfprintf.o)
 .rodata._printf_i.str1.1
                0x0800c987       0x22 /home/zero/.eclipse/com.st.stm32cube.ide.mcu.rcp.product_1.15.0_139064213_linux_gtk_x86_64/plugins/com.st.stm32cube.ide.mcu.externaltools.gnu-tools-for-stm32.12.3.rel1.linux64_1.0.200.202406132123/tools/bin/../lib/gcc/arm-none-eabi/12.3.1/../../../../arm-none-eabi/lib/thumb/v7e-m+dp/hard/libc_nano.a(libc_a-nano-vfprintf_i.o)
                0x0800c9ac                        . = ALIGN (0x4)
 *fill*         0x0800c9a9        0x3 

.ARM.extab
 *(.ARM.extab* .gnu.linkonce.armextab.*)

.ARM            0x0800c9ac        0x8
                0x0800c9ac                        __exidx_start = .
 *(.ARM.exidx*)
 .ARM.exidx     0x0800c9ac        0x8 /home/zero/.eclipse/com.st.stm32cube.ide.mcu.rcp.product_1.15.0_139064213_linux_gtk_x86_64/plugins/com.st.stm32cube.ide.mcu.externaltools.gnu-tools-for-stm32.12.3.rel1.linux64_1.0.200.202406132123/tools/bin/../lib/gcc/arm-none-eabi/12.3.1/../../../../arm-none-eabi/lib/thumb/v7e-m+dp/hard/libc_nano.a(libc_a-memchr.o)
                0x0800c9b4                        __exidx_end = .

.preinit_array  0x0800c9b4        0x0
                0x0800c9b4                        PROVIDE (__preinit_array_start = .)
 *(.preinit_array*)
                0x0800c9b4                        PROVIDE (__preinit_array_end = .)

.init_array     0x0800c9b4        0x4
                0x0800c9b4                        PROVIDE (__init_array_start = .)
 *(SORT_BY_NAME(.init_array.*))
 *(.init_array*)
 .init_array    0x0800c9b4        0x4 /home/zero/.eclipse/com.st.stm32cube.ide.mcu.rcp.product_1.15.0_139064213_linux_gtk_x86_64/plugins/com.st.stm32cube.ide.mcu.externaltools.gnu-tools-for-stm32.12.3.rel1.linux64_1.0.200.202406132123/tools/bin/../lib/gcc/arm-none-eabi/12.3.1/thumb/v7e-m+dp/hard/crtbegin.o
                0x0800c9b8                        PROVIDE (__init_array_end = .)

.fini_array     0x0800c9b8        0x4
                [!provide]                        PROVIDE (__fini_array_start = .)
 *(SORT_BY_NAME(.fini_array.*))
 *(.fini_array*)
 .fini_array    0x0800c9b8        0x4 /home/zero/.eclipse/com.st.stm32cube.ide.mcu.rcp.product_1.15.0_139064213_linux_gtk_x86_64/plugins/com.st.stm32cube.ide.mcu.externaltools.gnu-tools-for-stm32.12.3.rel1.linux64_1.0.200.202406132123/tools/bin/../lib/gcc/arm-none-eabi/12.3.1/thumb/v7e-m+dp/hard/crtbegin.o
                [!provide]                        PROVIDE (__fini_array_end = .)
                0x0800c9bc                        _sidata = LOADADDR (.data)

.rel.dyn        0x0800c9bc        0x0
 .rel.iplt      0x0800c9bc        0x0 /home/zero/.eclipse/com.st.stm32cube.ide.mcu.rcp.product_1.15.0_139064213_linux_gtk_x86_64/plugins/com.st.stm32cube.ide.mcu.externaltools.gnu-tools-for-stm32.12.3.rel1.linux64_1.0.200.202406132123/tools/bin/../lib/gcc/arm-none-eabi/12.3.1/thumb/v7e-m+dp/hard/crtbegin.o

.data           0x24000000       0x68 load address 0x0800c9bc
                0x24000000                        . = ALIGN (0x4)
                0x24000000                        _sdata = .
 *(.data)
 *(.data*)
 .data.mac_hw_addr
                0x24000000        0x6 ./Src/mac.o
                0x24000000                mac_hw_addr
 *fill*         0x24000006        0x2 
 .data.iss.0    0x24000008        0x4 ./lwip/src/core/tcp.o
 .data.__sglue  0x2400000c        0xc /home/zero/.eclipse/com.st.stm32cube.ide.mcu.rcp.product_1.15.0_139064213_linux_gtk_x86_64/plugins/com.st.stm32cube.ide.mcu.externaltools.gnu-tools-for-stm32.12.3.rel1.linux64_1.0.200.202406132123/tools/bin/../lib/gcc/arm-none-eabi/12.3.1/../../../../arm-none-eabi/lib/thumb/v7e-m+dp/hard/libc_nano.a(libc_a-findfp.o)
                0x2400000c                __sglue
 .data._impure_ptr
                0x24000018        0x4 /home/zero/.eclipse/com.st.stm32cube.ide.mcu.rcp.product_1.15.0_139064213_linux_gtk_x86_64/plugins/com.st.stm32cube.ide.mcu.externaltools.gnu-tools-for-stm32.12.3.rel1.linux64_1.0.200.202406132123/tools/bin/../lib/gcc/arm-none-eabi/12.3.1/../../../../arm-none-eabi/lib/thumb/v7e-m+dp/hard/libc_nano.a(libc_a-impure.o)
                0x24000018                _impure_ptr
 .data._impure_data
                0x2400001c       0x4c /home/zero/.eclipse/com.st.stm32cube.ide.mcu.rcp.product_1.15.0_139064213_linux_gtk_x86_64/plugins/com.st.stm32cube.ide.mcu.externaltools.gnu-tools-for-stm32.12.3.rel1.linux64_1.0.200.202406132123/tools/bin/../lib/gcc/arm-none-eabi/12.3.1/../../../../arm-none-eabi/lib/thumb/v7e-m+dp/hard/libc_nano.a(libc_a-impure.o)
                0x2400001c                _impure_data
 *(.RamFunc)
 *(.RamFunc*)
                0x24000068                        . = ALIGN (0x4)
                0x24000068                        _edata = .

.igot.plt       0x24000068        0x0 load address 0x0800ca24
 .igot.plt      0x24000068        0x0 /home/zero/.eclipse/com.st.stm32cube.ide.mcu.rcp.product_1.15.0_139064213_linux_gtk_x86_64/plugins/com.st.stm32cube.ide.mcu.externaltools.gnu-tools-for-stm32.12.3.rel1.linux64_1.0.200.202406132123/tools/bin/../lib/gcc/arm-none-eabi/12.3.1/thumb/v7e-m+dp/hard/crtbegin.o
                0x24000068                        . = ALIGN (0x4)

.bss            0x24000068     0xa540 load address 0x0800ca24
                0x24000068                        _sbss = .
                0x24000068                        __bss_start__ = _sbss
 *(.bss)
 .bss           0x24000068       0x1c /home/zero/.eclipse/com.st.stm32cube.ide.mcu.rcp.product_1.15.0_139064213_linux_gtk_x86_64/plugins/com.st.stm32cube.ide.mcu.externaltools.gnu-tools-for-stm32.12.3.rel1.linux64_1.0.200.202406132123/tools/bin/../lib/gcc/arm-none-eabi/12.3.1/thumb/v7e-m+dp/hard/crtbegin.o
 *(.bss*)
 .bss.dma_tx_buf
                0x24000084     0x1db0 ./Src/mac.o
                0x24000084                dma_tx_buf
 .bss.dma_rx_buf
                0x24001e34     0x1db0 ./Src/mac.o
                0x24001e34                dma_rx_buf
 .bss.curr_tx_desc
                0x24003be4        0x4 ./Src/mac.o
                0x24003be4                curr_tx_desc
 .bss.curr_rx_desc
                0x24003be8        0x4 ./Src/mac.o
                0x24003be8                curr_rx_desc
 .bss.tx_desc   0x24003bec       0x50 ./Src/mac.o
                0x24003bec                tx_desc
 .bss.rx_desc   0x24003c3c       0x50 ./Src/mac.o
                0x24003c3c                rx_desc
 .bss.__sbrk_heap_end
                0x24003c8c        0x4 ./Src/sysmem.o
 .bss.gnetif    0x24003c90       0x34 ./lwip/port/port.o
                0x24003c90                gnetif
 .bss.ipaddr    0x24003cc4        0x4 ./lwip/port/port.o
                0x24003cc4                ipaddr
 .bss.netmask   0x24003cc8        0x4 ./lwip/port/port.o
                0x24003cc8                netmask
 .bss.gw        0x24003ccc        0x4 ./lwip/port/port.o
                0x24003ccc                gw
 .bss.ip_data   0x24003cd0       0x18 ./lwip/src/core/ip.o
                0x24003cd0                ip_data
 .bss.ram_heap  0x24003ce8     0x2813 ./lwip/src/core/mem.o
                0x24003ce8                ram_heap
 *fill*         0x240064fb        0x1 
 .bss.ram       0x240064fc        0x4 ./lwip/src/core/mem.o
 .bss.ram_end   0x24006500        0x4 ./lwip/src/core/mem.o
 .bss.lfree     0x24006504        0x4 ./lwip/src/core/mem.o
 .bss.memp_memory_UDP_PCB_base
                0x24006508       0xc3 ./lwip/src/core/memp.o
                0x24006508                memp_memory_UDP_PCB_base
 *fill*         0x240065cb        0x1 
 .bss.memp_tab_UDP_PCB
                0x240065cc        0x4 ./lwip/src/core/memp.o
 .bss.memp_memory_TCP_PCB_base
                0x240065d0      0x5f3 ./lwip/src/core/memp.o
                0x240065d0                memp_memory_TCP_PCB_base
 *fill*         0x24006bc3        0x1 
 .bss.memp_tab_TCP_PCB
                0x24006bc4        0x4 ./lwip/src/core/memp.o
 .bss.memp_memory_TCP_PCB_LISTEN_base
                0x24006bc8       0x8f ./lwip/src/core/memp.o
                0x24006bc8                memp_memory_TCP_PCB_LISTEN_base
 *fill*         0x24006c57        0x1 
 .bss.memp_tab_TCP_PCB_LISTEN
                0x24006c58        0x4 ./lwip/src/core/memp.o
 .bss.memp_memory_TCP_SEG_base
                0x24006c5c       0x83 ./lwip/src/core/memp.o
                0x24006c5c                memp_memory_TCP_SEG_base
 *fill*         0x24006cdf        0x1 
 .bss.memp_tab_TCP_SEG
                0x24006ce0        0x4 ./lwip/src/core/memp.o
 .bss.memp_memory_REASSDATA_base
                0x24006ce4       0xa3 ./lwip/src/core/memp.o
                0x24006ce4                memp_memory_REASSDATA_base
 *fill*         0x24006d87        0x1 
 .bss.memp_tab_REASSDATA
                0x24006d88        0x4 ./lwip/src/core/memp.o
 .bss.memp_memory_FRAG_PBUF_base
                0x24006d8c      0x16b ./lwip/src/core/memp.o
                0x24006d8c                memp_memory_FRAG_PBUF_base
 *fill*         0x24006ef7        0x1 
 .bss.memp_tab_FRAG_PBUF
                0x24006ef8        0x4 ./lwip/src/core/memp.o
 .bss.memp_memory_SYS_TIMEOUT_base
                0x24006efc       0xa3 ./lwip/src/core/memp.o
                0x24006efc                memp_memory_SYS_TIMEOUT_base
 *fill*         0x24006f9f        0x1 
 .bss.memp_tab_SYS_TIMEOUT
                0x24006fa0        0x4 ./lwip/src/core/memp.o
 .bss.memp_memory_PBUF_base
                0x24006fa4      0x323 ./lwip/src/core/memp.o
                0x24006fa4                memp_memory_PBUF_base
 *fill*         0x240072c7        0x1 
 .bss.memp_tab_PBUF
                0x240072c8        0x4 ./lwip/src/core/memp.o
 .bss.memp_memory_PBUF_POOL_base
                0x240072cc     0x3023 ./lwip/src/core/memp.o
                0x240072cc                memp_memory_PBUF_POOL_base
 *fill*         0x2400a2ef        0x1 
 .bss.memp_tab_PBUF_POOL
                0x2400a2f0        0x4 ./lwip/src/core/memp.o
 .bss.netif_list
                0x2400a2f4        0x4 ./lwip/src/core/netif.o
                0x2400a2f4                netif_list
 .bss.netif_default
                0x2400a2f8        0x4 ./lwip/src/core/netif.o
                0x2400a2f8                netif_default
 .bss.netif_num
                0x2400a2fc        0x1 ./lwip/src/core/netif.o
 *fill*         0x2400a2fd        0x3 
 .bss.tcp_ticks
                0x2400a300        0x4 ./lwip/src/core/tcp.o
                0x2400a300                tcp_ticks
 .bss.tcp_bound_pcbs
                0x2400a304        0x4 ./lwip/src/core/tcp.o
                0x2400a304                tcp_bound_pcbs
 .bss.tcp_listen_pcbs
                0x2400a308        0x4 ./lwip/src/core/tcp.o
                0x2400a308                tcp_listen_pcbs
 .bss.tcp_active_pcbs
                0x2400a30c        0x4 ./lwip/src/core/tcp.o
                0x2400a30c                tcp_active_pcbs
 .bss.tcp_tw_pcbs
                0x2400a310        0x4 ./lwip/src/core/tcp.o
                0x2400a310                tcp_tw_pcbs
 .bss.tcp_active_pcbs_changed
                0x2400a314        0x1 ./lwip/src/core/tcp.o
                0x2400a314                tcp_active_pcbs_changed
 .bss.tcp_timer
                0x2400a315        0x1 ./lwip/src/core/tcp.o
 .bss.tcp_timer_ctr
                0x2400a316        0x1 ./lwip/src/core/tcp.o
 *fill*         0x2400a317        0x1 
 .bss.inseg     0x2400a318       0x10 ./lwip/src/core/tcp_in.o
 .bss.tcphdr    0x2400a328        0x4 ./lwip/src/core/tcp_in.o
 .bss.tcphdr_optlen
                0x2400a32c        0x2 ./lwip/src/core/tcp_in.o
 .bss.tcphdr_opt1len
                0x2400a32e        0x2 ./lwip/src/core/tcp_in.o
 .bss.tcphdr_opt2
                0x2400a330        0x4 ./lwip/src/core/tcp_in.o
 .bss.tcp_optidx
                0x2400a334        0x2 ./lwip/src/core/tcp_in.o
 *fill*         0x2400a336        0x2 
 .bss.seqno     0x2400a338        0x4 ./lwip/src/core/tcp_in.o
 .bss.ackno     0x2400a33c        0x4 ./lwip/src/core/tcp_in.o
 .bss.recv_acked
                0x2400a340        0x2 ./lwip/src/core/tcp_in.o
 .bss.tcplen    0x2400a342        0x2 ./lwip/src/core/tcp_in.o
 .bss.flags     0x2400a344        0x1 ./lwip/src/core/tcp_in.o
 .bss.recv_flags
                0x2400a345        0x1 ./lwip/src/core/tcp_in.o
 *fill*         0x2400a346        0x2 
 .bss.recv_data
                0x2400a348        0x4 ./lwip/src/core/tcp_in.o
 .bss.tcp_input_pcb
                0x2400a34c        0x4 ./lwip/src/core/tcp_in.o
                0x2400a34c                tcp_input_pcb
 .bss.next_timeout
                0x2400a350        0x4 ./lwip/src/core/timeouts.o
 .bss.current_timeout_due_time
                0x2400a354        0x4 ./lwip/src/core/timeouts.o
 .bss.tcpip_tcp_timer_active
                0x2400a358        0x4 ./lwip/src/core/timeouts.o
 .bss.udp_pcbs  0x2400a35c        0x4 ./lwip/src/core/udp.o
                0x2400a35c                udp_pcbs
 .bss.arp_table
                0x2400a360       0xf0 ./lwip/src/core/ipv4/etharp.o
 .bss.etharp_cached_entry
                0x2400a450        0x1 ./lwip/src/core/ipv4/etharp.o
 *fill*         0x2400a451        0x1 
 .bss.ip_id     0x2400a452        0x2 ./lwip/src/core/ipv4/ip4.o
 .bss.reassdatagrams
                0x2400a454        0x4 ./lwip/src/core/ipv4/ip4_frag.o
 .bss.ip_reass_pbufcount
                0x2400a458        0x2 ./lwip/src/core/ipv4/ip4_frag.o
 *fill*         0x2400a45a        0x2 
 .bss.__sf      0x2400a45c      0x138 /home/zero/.eclipse/com.st.stm32cube.ide.mcu.rcp.product_1.15.0_139064213_linux_gtk_x86_64/plugins/com.st.stm32cube.ide.mcu.externaltools.gnu-tools-for-stm32.12.3.rel1.linux64_1.0.200.202406132123/tools/bin/../lib/gcc/arm-none-eabi/12.3.1/../../../../arm-none-eabi/lib/thumb/v7e-m+dp/hard/libc_nano.a(libc_a-findfp.o)
                0x2400a45c                __sf
 .bss.__stdio_exit_handler
                0x2400a594        0x4 /home/zero/.eclipse/com.st.stm32cube.ide.mcu.rcp.product_1.15.0_139064213_linux_gtk_x86_64/plugins/com.st.stm32cube.ide.mcu.externaltools.gnu-tools-for-stm32.12.3.rel1.linux64_1.0.200.202406132123/tools/bin/../lib/gcc/arm-none-eabi/12.3.1/../../../../arm-none-eabi/lib/thumb/v7e-m+dp/hard/libc_nano.a(libc_a-findfp.o)
                0x2400a594                __stdio_exit_handler
 .bss.errno     0x2400a598        0x4 /home/zero/.eclipse/com.st.stm32cube.ide.mcu.rcp.product_1.15.0_139064213_linux_gtk_x86_64/plugins/com.st.stm32cube.ide.mcu.externaltools.gnu-tools-for-stm32.12.3.rel1.linux64_1.0.200.202406132123/tools/bin/../lib/gcc/arm-none-eabi/12.3.1/../../../../arm-none-eabi/lib/thumb/v7e-m+dp/hard/libc_nano.a(libc_a-reent.o)
                0x2400a598                errno
 .bss.__lock___malloc_recursive_mutex
                0x2400a59c        0x1 /home/zero/.eclipse/com.st.stm32cube.ide.mcu.rcp.product_1.15.0_139064213_linux_gtk_x86_64/plugins/com.st.stm32cube.ide.mcu.externaltools.gnu-tools-for-stm32.12.3.rel1.linux64_1.0.200.202406132123/tools/bin/../lib/gcc/arm-none-eabi/12.3.1/../../../../arm-none-eabi/lib/thumb/v7e-m+dp/hard/libc_nano.a(libc_a-lock.o)
                0x2400a59c                __lock___malloc_recursive_mutex
 .bss.__lock___sfp_recursive_mutex
                0x2400a59d        0x1 /home/zero/.eclipse/com.st.stm32cube.ide.mcu.rcp.product_1.15.0_139064213_linux_gtk_x86_64/plugins/com.st.stm32cube.ide.mcu.externaltools.gnu-tools-for-stm32.12.3.rel1.linux64_1.0.200.202406132123/tools/bin/../lib/gcc/arm-none-eabi/12.3.1/../../../../arm-none-eabi/lib/thumb/v7e-m+dp/hard/libc_nano.a(libc_a-lock.o)
                0x2400a59d                __lock___sfp_recursive_mutex
 *fill*         0x2400a59e        0x2 
 .bss.__malloc_sbrk_start
                0x2400a5a0        0x4 /home/zero/.eclipse/com.st.stm32cube.ide.mcu.rcp.product_1.15.0_139064213_linux_gtk_x86_64/plugins/com.st.stm32cube.ide.mcu.externaltools.gnu-tools-for-stm32.12.3.rel1.linux64_1.0.200.202406132123/tools/bin/../lib/gcc/arm-none-eabi/12.3.1/../../../../arm-none-eabi/lib/thumb/v7e-m+dp/hard/libc_nano.a(libc_a-mallocr.o)
                0x2400a5a0                __malloc_sbrk_start
 .bss.__malloc_free_list
                0x2400a5a4        0x4 /home/zero/.eclipse/com.st.stm32cube.ide.mcu.rcp.product_1.15.0_139064213_linux_gtk_x86_64/plugins/com.st.stm32cube.ide.mcu.externaltools.gnu-tools-for-stm32.12.3.rel1.linux64_1.0.200.202406132123/tools/bin/../lib/gcc/arm-none-eabi/12.3.1/../../../../arm-none-eabi/lib/thumb/v7e-m+dp/hard/libc_nano.a(libc_a-mallocr.o)
                0x2400a5a4                __malloc_free_list
 *(COMMON)
                0x2400a5a8                        . = ALIGN (0x4)
                0x2400a5a8                        _ebss = .
                0x2400a5a8                        __bss_end__ = _ebss

._user_heap_stack
                0x2400a5a8      0x600 load address 0x0800ca24
                0x2400a5a8                        . = ALIGN (0x8)
                [!provide]                        PROVIDE (end = .)
                0x2400a5a8                        PROVIDE (_end = .)
                0x2400a7a8                        . = (. + _Min_Heap_Size)
 *fill*         0x2400a5a8      0x200 
                0x2400aba8                        . = (. + _Min_Stack_Size)
 *fill*         0x2400a7a8      0x400 
                0x2400aba8                        . = ALIGN (0x8)

/DISCARD/
 libc.a(*)
 libm.a(*)
 libgcc.a(*)

.ARM.attributes
                0x00000000       0x2e
 *(.ARM.attributes)
 .ARM.attributes
                0x00000000       0x20 /home/zero/.eclipse/com.st.stm32cube.ide.mcu.rcp.product_1.15.0_139064213_linux_gtk_x86_64/plugins/com.st.stm32cube.ide.mcu.externaltools.gnu-tools-for-stm32.12.3.rel1.linux64_1.0.200.202406132123/tools/bin/../lib/gcc/arm-none-eabi/12.3.1/thumb/v7e-m+dp/hard/crti.o
 .ARM.attributes
                0x00000020       0x32 /home/zero/.eclipse/com.st.stm32cube.ide.mcu.rcp.product_1.15.0_139064213_linux_gtk_x86_64/plugins/com.st.stm32cube.ide.mcu.externaltools.gnu-tools-for-stm32.12.3.rel1.linux64_1.0.200.202406132123/tools/bin/../lib/gcc/arm-none-eabi/12.3.1/thumb/v7e-m+dp/hard/crtbegin.o
 .ARM.attributes
                0x00000052       0x32 ./Src/mac.o
 .ARM.attributes
                0x00000084       0x32 ./Src/main.o
 .ARM.attributes
                0x000000b6       0x32 ./Src/rcc.o
 .ARM.attributes
                0x000000e8       0x32 ./Src/syscalls.o
 .ARM.attributes
                0x0000011a       0x32 ./Src/sysmem.o
 .ARM.attributes
                0x0000014c       0x32 ./Src/usart.o
 .ARM.attributes
                0x0000017e       0x21 ./Startup/startup_stm32h743iitx.o
 .ARM.attributes
                0x0000019f       0x32 ./lwip/port/port.o
 .ARM.attributes
                0x000001d1       0x32 ./lwip/src/core/def.o
 .ARM.attributes
                0x00000203       0x32 ./lwip/src/core/inet_chksum.o
 .ARM.attributes
                0x00000235       0x32 ./lwip/src/core/init.o
 .ARM.attributes
                0x00000267       0x32 ./lwip/src/core/ip.o
 .ARM.attributes
                0x00000299       0x32 ./lwip/src/core/mem.o
 .ARM.attributes
                0x000002cb       0x32 ./lwip/src/core/memp.o
 .ARM.attributes
                0x000002fd       0x32 ./lwip/src/core/netif.o
 .ARM.attributes
                0x0000032f       0x32 ./lwip/src/core/pbuf.o
 .ARM.attributes
                0x00000361       0x32 ./lwip/src/core/tcp.o
 .ARM.attributes
                0x00000393       0x32 ./lwip/src/core/tcp_in.o
 .ARM.attributes
                0x000003c5       0x32 ./lwip/src/core/tcp_out.o
 .ARM.attributes
                0x000003f7       0x32 ./lwip/src/core/timeouts.o
 .ARM.attributes
                0x00000429       0x32 ./lwip/src/core/udp.o
 .ARM.attributes
                0x0000045b       0x32 ./lwip/src/core/ipv4/etharp.o
 .ARM.attributes
                0x0000048d       0x32 ./lwip/src/core/ipv4/icmp.o
 .ARM.attributes
                0x000004bf       0x32 ./lwip/src/core/ipv4/ip4.o
 .ARM.attributes
                0x000004f1       0x32 ./lwip/src/core/ipv4/ip4_addr.o
 .ARM.attributes
                0x00000523       0x32 ./lwip/src/core/ipv4/ip4_frag.o
 .ARM.attributes
                0x00000555       0x32 ./lwip/src/netif/ethernet.o
 .ARM.attributes
                0x00000587       0x32 /home/zero/.eclipse/com.st.stm32cube.ide.mcu.rcp.product_1.15.0_139064213_linux_gtk_x86_64/plugins/com.st.stm32cube.ide.mcu.externaltools.gnu-tools-for-stm32.12.3.rel1.linux64_1.0.200.202406132123/tools/bin/../lib/gcc/arm-none-eabi/12.3.1/../../../../arm-none-eabi/lib/thumb/v7e-m+dp/hard/libc_nano.a(libc_a-findfp.o)
 .ARM.attributes
                0x000005b9       0x32 /home/zero/.eclipse/com.st.stm32cube.ide.mcu.rcp.product_1.15.0_139064213_linux_gtk_x86_64/plugins/com.st.stm32cube.ide.mcu.externaltools.gnu-tools-for-stm32.12.3.rel1.linux64_1.0.200.202406132123/tools/bin/../lib/gcc/arm-none-eabi/12.3.1/../../../../arm-none-eabi/lib/thumb/v7e-m+dp/hard/libc_nano.a(libc_a-fwalk.o)
 .ARM.attributes
                0x000005eb       0x32 /home/zero/.eclipse/com.st.stm32cube.ide.mcu.rcp.product_1.15.0_139064213_linux_gtk_x86_64/plugins/com.st.stm32cube.ide.mcu.externaltools.gnu-tools-for-stm32.12.3.rel1.linux64_1.0.200.202406132123/tools/bin/../lib/gcc/arm-none-eabi/12.3.1/../../../../arm-none-eabi/lib/thumb/v7e-m+dp/hard/libc_nano.a(libc_a-printf.o)
 .ARM.attributes
                0x0000061d       0x32 /home/zero/.eclipse/com.st.stm32cube.ide.mcu.rcp.product_1.15.0_139064213_linux_gtk_x86_64/plugins/com.st.stm32cube.ide.mcu.externaltools.gnu-tools-for-stm32.12.3.rel1.linux64_1.0.200.202406132123/tools/bin/../lib/gcc/arm-none-eabi/12.3.1/../../../../arm-none-eabi/lib/thumb/v7e-m+dp/hard/libc_nano.a(libc_a-stdio.o)
 .ARM.attributes
                0x0000064f       0x32 /home/zero/.eclipse/com.st.stm32cube.ide.mcu.rcp.product_1.15.0_139064213_linux_gtk_x86_64/plugins/com.st.stm32cube.ide.mcu.externaltools.gnu-tools-for-stm32.12.3.rel1.linux64_1.0.200.202406132123/tools/bin/../lib/gcc/arm-none-eabi/12.3.1/../../../../arm-none-eabi/lib/thumb/v7e-m+dp/hard/libc_nano.a(libc_a-memcmp.o)
 .ARM.attributes
                0x00000681       0x32 /home/zero/.eclipse/com.st.stm32cube.ide.mcu.rcp.product_1.15.0_139064213_linux_gtk_x86_64/plugins/com.st.stm32cube.ide.mcu.externaltools.gnu-tools-for-stm32.12.3.rel1.linux64_1.0.200.202406132123/tools/bin/../lib/gcc/arm-none-eabi/12.3.1/../../../../arm-none-eabi/lib/thumb/v7e-m+dp/hard/libc_nano.a(libc_a-memset.o)
 .ARM.attributes
                0x000006b3       0x32 /home/zero/.eclipse/com.st.stm32cube.ide.mcu.rcp.product_1.15.0_139064213_linux_gtk_x86_64/plugins/com.st.stm32cube.ide.mcu.externaltools.gnu-tools-for-stm32.12.3.rel1.linux64_1.0.200.202406132123/tools/bin/../lib/gcc/arm-none-eabi/12.3.1/../../../../arm-none-eabi/lib/thumb/v7e-m+dp/hard/libc_nano.a(libc_a-closer.o)
 .ARM.attributes
                0x000006e5       0x32 /home/zero/.eclipse/com.st.stm32cube.ide.mcu.rcp.product_1.15.0_139064213_linux_gtk_x86_64/plugins/com.st.stm32cube.ide.mcu.externaltools.gnu-tools-for-stm32.12.3.rel1.linux64_1.0.200.202406132123/tools/bin/../lib/gcc/arm-none-eabi/12.3.1/../../../../arm-none-eabi/lib/thumb/v7e-m+dp/hard/libc_nano.a(libc_a-reent.o)
 .ARM.attributes
                0x00000717       0x32 /home/zero/.eclipse/com.st.stm32cube.ide.mcu.rcp.product_1.15.0_139064213_linux_gtk_x86_64/plugins/com.st.stm32cube.ide.mcu.externaltools.gnu-tools-for-stm32.12.3.rel1.linux64_1.0.200.202406132123/tools/bin/../lib/gcc/arm-none-eabi/12.3.1/../../../../arm-none-eabi/lib/thumb/v7e-m+dp/hard/libc_nano.a(libc_a-impure.o)
 .ARM.attributes
                0x00000749       0x32 /home/zero/.eclipse/com.st.stm32cube.ide.mcu.rcp.product_1.15.0_139064213_linux_gtk_x86_64/plugins/com.st.stm32cube.ide.mcu.externaltools.gnu-tools-for-stm32.12.3.rel1.linux64_1.0.200.202406132123/tools/bin/../lib/gcc/arm-none-eabi/12.3.1/../../../../arm-none-eabi/lib/thumb/v7e-m+dp/hard/libc_nano.a(libc_a-lseekr.o)
 .ARM.attributes
                0x0000077b       0x32 /home/zero/.eclipse/com.st.stm32cube.ide.mcu.rcp.product_1.15.0_139064213_linux_gtk_x86_64/plugins/com.st.stm32cube.ide.mcu.externaltools.gnu-tools-for-stm32.12.3.rel1.linux64_1.0.200.202406132123/tools/bin/../lib/gcc/arm-none-eabi/12.3.1/../../../../arm-none-eabi/lib/thumb/v7e-m+dp/hard/libc_nano.a(libc_a-readr.o)
 .ARM.attributes
                0x000007ad       0x32 /home/zero/.eclipse/com.st.stm32cube.ide.mcu.rcp.product_1.15.0_139064213_linux_gtk_x86_64/plugins/com.st.stm32cube.ide.mcu.externaltools.gnu-tools-for-stm32.12.3.rel1.linux64_1.0.200.202406132123/tools/bin/../lib/gcc/arm-none-eabi/12.3.1/../../../../arm-none-eabi/lib/thumb/v7e-m+dp/hard/libc_nano.a(libc_a-writer.o)
 .ARM.attributes
                0x000007df       0x32 /home/zero/.eclipse/com.st.stm32cube.ide.mcu.rcp.product_1.15.0_139064213_linux_gtk_x86_64/plugins/com.st.stm32cube.ide.mcu.externaltools.gnu-tools-for-stm32.12.3.rel1.linux64_1.0.200.202406132123/tools/bin/../lib/gcc/arm-none-eabi/12.3.1/../../../../arm-none-eabi/lib/thumb/v7e-m+dp/hard/libc_nano.a(libc_a-errno.o)
 .ARM.attributes
                0x00000811       0x32 /home/zero/.eclipse/com.st.stm32cube.ide.mcu.rcp.product_1.15.0_139064213_linux_gtk_x86_64/plugins/com.st.stm32cube.ide.mcu.externaltools.gnu-tools-for-stm32.12.3.rel1.linux64_1.0.200.202406132123/tools/bin/../lib/gcc/arm-none-eabi/12.3.1/../../../../arm-none-eabi/lib/thumb/v7e-m+dp/hard/libc_nano.a(libc_a-init.o)
 .ARM.attributes
                0x00000843       0x32 /home/zero/.eclipse/com.st.stm32cube.ide.mcu.rcp.product_1.15.0_139064213_linux_gtk_x86_64/plugins/com.st.stm32cube.ide.mcu.externaltools.gnu-tools-for-stm32.12.3.rel1.linux64_1.0.200.202406132123/tools/bin/../lib/gcc/arm-none-eabi/12.3.1/../../../../arm-none-eabi/lib/thumb/v7e-m+dp/hard/libc_nano.a(libc_a-lock.o)
 .ARM.attributes
                0x00000875       0x32 /home/zero/.eclipse/com.st.stm32cube.ide.mcu.rcp.product_1.15.0_139064213_linux_gtk_x86_64/plugins/com.st.stm32cube.ide.mcu.externaltools.gnu-tools-for-stm32.12.3.rel1.linux64_1.0.200.202406132123/tools/bin/../lib/gcc/arm-none-eabi/12.3.1/../../../../arm-none-eabi/lib/thumb/v7e-m+dp/hard/libc_nano.a(libc_a-memcpy-stub.o)
 .ARM.attributes
                0x000008a7       0x32 /home/zero/.eclipse/com.st.stm32cube.ide.mcu.rcp.product_1.15.0_139064213_linux_gtk_x86_64/plugins/com.st.stm32cube.ide.mcu.externaltools.gnu-tools-for-stm32.12.3.rel1.linux64_1.0.200.202406132123/tools/bin/../lib/gcc/arm-none-eabi/12.3.1/../../../../arm-none-eabi/lib/thumb/v7e-m+dp/hard/libc_nano.a(libc_a-freer.o)
 .ARM.attributes
                0x000008d9       0x32 /home/zero/.eclipse/com.st.stm32cube.ide.mcu.rcp.product_1.15.0_139064213_linux_gtk_x86_64/plugins/com.st.stm32cube.ide.mcu.externaltools.gnu-tools-for-stm32.12.3.rel1.linux64_1.0.200.202406132123/tools/bin/../lib/gcc/arm-none-eabi/12.3.1/../../../../arm-none-eabi/lib/thumb/v7e-m+dp/hard/libc_nano.a(libc_a-mallocr.o)
 .ARM.attributes
                0x0000090b       0x32 /home/zero/.eclipse/com.st.stm32cube.ide.mcu.rcp.product_1.15.0_139064213_linux_gtk_x86_64/plugins/com.st.stm32cube.ide.mcu.externaltools.gnu-tools-for-stm32.12.3.rel1.linux64_1.0.200.202406132123/tools/bin/../lib/gcc/arm-none-eabi/12.3.1/../../../../arm-none-eabi/lib/thumb/v7e-m+dp/hard/libc_nano.a(libc_a-mlock.o)
 .ARM.attributes