Archive member included to satisfy reference by file (symbol)

/home/zero/.eclipse/com.st.stm32cube.ide.mcu.rcp.product_1.15.0_139064213_linux_gtk_x86_64/plugins/com.st.stm32cube.ide.mcu.externaltools.gnu-tools-for-stm32.12.3.rel1.linux64_1.0.200.202406132123/tools/bin/../lib/gcc/arm-none-eabi/12.3.1/../../../../arm-none-eabi/lib/thumb/v7e-m+dp/hard/libc_nano.a(libc_a-exit.o)
                              /home/zero/.eclipse/com.st.stm32cube.ide.mcu.rcp.product_1.15.0_139064213_linux_gtk_x86_64/plugins/com.st.stm32cube.ide.mcu.externaltools.gnu-tools-for-stm32.12.3.rel1.linux64_1.0.200.202406132123/tools/bin/../lib/gcc/arm-none-eabi/12.3.1/../../../../arm-none-eabi/lib/thumb/v7e-m+dp/hard/crt0.o (exit)
/home/zero/.eclipse/com.st.stm32cube.ide.mcu.rcp.product_1.15.0_139064213_linux_gtk_x86_64/plugins/com.st.stm32cube.ide.mcu.externaltools.gnu-tools-for-stm32.12.3.rel1.linux64_1.0.200.202406132123/tools/bin/../lib/gcc/arm-none-eabi/12.3.1/../../../../arm-none-eabi/lib/thumb/v7e-m+dp/hard/libc_nano.a(libc_a-findfp.o)
                              /home/zero/.eclipse/com.st.stm32cube.ide.mcu.rcp.product_1.15.0_139064213_linux_gtk_x86_64/plugins/com.st.stm32cube.ide.mcu.externaltools.gnu-tools-for-stm32.12.3.rel1.linux64_1.0.200.202406132123/tools/bin/../lib/gcc/arm-none-eabi/12.3.1/../../../../arm-none-eabi/lib/thumb/v7e-m+dp/hard/libc_nano.a(libc_a-exit.o) (__stdio_exit_handler)
/home/zero/.eclipse/com.st.stm32cube.ide.mcu.rcp.product_1.15.0_139064213_linux_gtk_x86_64/plugins/com.st.stm32cube.ide.mcu.externaltools.gnu-tools-for-stm32.12.3.rel1.linux64_1.0.200.202406132123/tools/bin/../lib/gcc/arm-none-eabi/12.3.1/../../../../arm-none-eabi/lib/thumb/v7e-m+dp/hard/libc_nano.a(libc_a-fwalk.o)
                              /home/zero/.eclipse/com.st.stm32cube.ide.mcu.rcp.product_1.15.0_139064213_linux_gtk_x86_64/plugins/com.st.stm32cube.ide.mcu.externaltools.gnu-tools-for-stm32.12.3.rel1.linux64_1.0.200.202406132123/tools/bin/../lib/gcc/arm-none-eabi/12.3.1/../../../../arm-none-eabi/lib/thumb/v7e-m+dp/hard/libc_nano.a(libc_a-findfp.o) (_fwalk_sglue)
/home/zero/.eclipse/com.st.stm32cube.ide.mcu.rcp.product_1.15.0_139064213_linux_gtk_x86_64/plugins/com.st.stm32cube.ide.mcu.externaltools.gnu-tools-for-stm32.12.3.rel1.linux64_1.0.200.202406132123/tools/bin/../lib/gcc/arm-none-eabi/12.3.1/../../../../arm-none-eabi/lib/thumb/v7e-m+dp/hard/libc_nano.a(libc_a-stdio.o)
                              /home/zero/.eclipse/com.st.stm32cube.ide.mcu.rcp.product_1.15.0_139064213_linux_gtk_x86_64/plugins/com.st.stm32cube.ide.mcu.externaltools.gnu-tools-for-stm32.12.3.rel1.linux64_1.0.200.202406132123/tools/bin/../lib/gcc/arm-none-eabi/12.3.1/../../../../arm-none-eabi/lib/thumb/v7e-m+dp/hard/libc_nano.a(libc_a-findfp.o) (__sread)
/home/zero/.eclipse/com.st.stm32cube.ide.mcu.rcp.product_1.15.0_139064213_linux_gtk_x86_64/plugins/com.st.stm32cube.ide.mcu.externaltools.gnu-tools-for-stm32.12.3.rel1.linux64_1.0.200.202406132123/tools/bin/../lib/gcc/arm-none-eabi/12.3.1/../../../../arm-none-eabi/lib/thumb/v7e-m+dp/hard/libc_nano.a(libc_a-memset.o)
                              /home/zero/.eclipse/com.st.stm32cube.ide.mcu.rcp.product_1.15.0_139064213_linux_gtk_x86_64/plugins/com.st.stm32cube.ide.mcu.externaltools.gnu-tools-for-stm32.12.3.rel1.linux64_1.0.200.202406132123/tools/bin/../lib/gcc/arm-none-eabi/12.3.1/../../../../arm-none-eabi/lib/thumb/v7e-m+dp/hard/crt0.o (memset)
/home/zero/.eclipse/com.st.stm32cube.ide.mcu.rcp.product_1.15.0_139064213_linux_gtk_x86_64/plugins/com.st.stm32cube.ide.mcu.externaltools.gnu-tools-for-stm32.12.3.rel1.linux64_1.0.200.202406132123/tools/bin/../lib/gcc/arm-none-eabi/12.3.1/../../../../arm-none-eabi/lib/thumb/v7e-m+dp/hard/libc_nano.a(libc_a-closer.o)
                              /home/zero/.eclipse/com.st.stm32cube.ide.mcu.rcp.product_1.15.0_139064213_linux_gtk_x86_64/plugins/com.st.stm32cube.ide.mcu.externaltools.gnu-tools-for-stm32.12.3.rel1.linux64_1.0.200.202406132123/tools/bin/../lib/gcc/arm-none-eabi/12.3.1/../../../../arm-none-eabi/lib/thumb/v7e-m+dp/hard/libc_nano.a(libc_a-stdio.o) (_close_r)
/home/zero/.eclipse/com.st.stm32cube.ide.mcu.rcp.product_1.15.0_139064213_linux_gtk_x86_64/plugins/com.st.stm32cube.ide.mcu.externaltools.gnu-tools-for-stm32.12.3.rel1.linux64_1.0.200.202406132123/tools/bin/../lib/gcc/arm-none-eabi/12.3.1/../../../../arm-none-eabi/lib/thumb/v7e-m+dp/hard/libc_nano.a(libc_a-reent.o)
                              /home/zero/.eclipse/com.st.stm32cube.ide.mcu.rcp.product_1.15.0_139064213_linux_gtk_x86_64/plugins/com.st.stm32cube.ide.mcu.externaltools.gnu-tools-for-stm32.12.3.rel1.linux64_1.0.200.202406132123/tools/bin/../lib/gcc/arm-none-eabi/12.3.1/../../../../arm-none-eabi/lib/thumb/v7e-m+dp/hard/libc_nano.a(libc_a-closer.o) (errno)
[...]
Memory Configuration

Name             Origin             Length             Attributes
FLASH            0x08000000         0x00200000         xr
DTCMRAM          0x20000000         0x00020000         xrw
RAM_D1           0x24000000         0x00080000         xrw
RAM_D2           0x30000000         0x00048000         xrw
RAM_D3           0x38000000         0x00010000         xrw
ITCMRAM          0x00000000         0x00010000         xrw
*default*        0x00000000         0xffffffff

Linker script and memory map

LOAD /home/zero/.eclipse/com.st.stm32cube.ide.mcu.rcp.product_1.15.0_139064213_linux_gtk_x86_64/plugins/com.st.stm32cube.ide.mcu.externaltools.gnu-tools-for-stm32.12.3.rel1.linux64_1.0.200.202406132123/tools/bin/../lib/gcc/arm-none-eabi/12.3.1/thumb/v7e-m+dp/hard/crti.o
LOAD /home/zero/.eclipse/com.st.stm32cube.ide.mcu.rcp.product_1.15.0_139064213_linux_gtk_x86_64/plugins/com.st.stm32cube.ide.mcu.externaltools.gnu-tools-for-stm32.12.3.rel1.linux64_1.0.200.202406132123/tools/bin/../lib/gcc/arm-none-eabi/12.3.1/thumb/v7e-m+dp/hard/crtbegin.o
LOAD /home/zero/.eclipse/com.st.stm32cube.ide.mcu.rcp.product_1.15.0_139064213_linux_gtk_x86_64/plugins/com.st.stm32cube.ide.mcu.externaltools.gnu-tools-for-stm32.12.3.rel1.linux64_1.0.200.202406132123/tools/bin/../lib/gcc/arm-none-eabi/12.3.1/../../../../arm-none-eabi/lib/thumb/v7e-m+dp/hard/crt0.o
LOAD ./Src/main.o
LOAD ./Src/rcc.o
LOAD ./Src/syscalls.o
LOAD ./Src/sysmem.o
LOAD ./Startup/startup_stm32h743iitx.o
START GROUP
LOAD /home/zero/.eclipse/com.st.stm32cube.ide.mcu.rcp.product_1.15.0_139064213_linux_gtk_x86_64/plugins/com.st.stm32cube.ide.mcu.externaltools.gnu-tools-for-stm32.12.3.rel1.linux64_1.0.200.202406132123/tools/bin/../lib/gcc/arm-none-eabi/12.3.1/../../../../arm-none-eabi/lib/thumb/v7e-m+dp/hard/libc_nano.a
LOAD /home/zero/.eclipse/com.st.stm32cube.ide.mcu.rcp.product_1.15.0_139064213_linux_gtk_x86_64/plugins/com.st.stm32cube.ide.mcu.externaltools.gnu-tools-for-stm32.12.3.rel1.linux64_1.0.200.202406132123/tools/bin/../lib/gcc/arm-none-eabi/12.3.1/../../../../arm-none-eabi/lib/thumb/v7e-m+dp/hard/libm.a
END GROUP
START GROUP
LOAD /home/zero/.eclipse/com.st.stm32cube.ide.mcu.rcp.product_1.15.0_139064213_linux_gtk_x86_64/plugins/com.st.stm32cube.ide.mcu.externaltools.gnu-tools-for-stm32.12.3.rel1.linux64_1.0.200.202406132123/tools/bin/../lib/gcc/arm-none-eabi/12.3.1/thumb/v7e-m+dp/hard/libgcc.a
LOAD /home/zero/.eclipse/com.st.stm32cube.ide.mcu.rcp.product_1.15.0_139064213_linux_gtk_x86_64/plugins/com.st.stm32cube.ide.mcu.externaltools.gnu-tools-for-stm32.12.3.rel1.linux64_1.0.200.202406132123/tools/bin/../lib/gcc/arm-none-eabi/12.3.1/../../../../arm-none-eabi/lib/thumb/v7e-m+dp/hard/libc_nano.a
END GROUP
START GROUP
LOAD /home/zero/.eclipse/com.st.stm32cube.ide.mcu.rcp.product_1.15.0_139064213_linux_gtk_x86_64/plugins/com.st.stm32cube.ide.mcu.externaltools.gnu-tools-for-stm32.12.3.rel1.linux64_1.0.200.202406132123/tools/bin/../lib/gcc/arm-none-eabi/12.3.1/thumb/v7e-m+dp/hard/libgcc.a
LOAD /home/zero/.eclipse/com.st.stm32cube.ide.mcu.rcp.product_1.15.0_139064213_linux_gtk_x86_64/plugins/com.st.stm32cube.ide.mcu.externaltools.gnu-tools-for-stm32.12.3.rel1.linux64_1.0.200.202406132123/tools/bin/../lib/gcc/arm-none-eabi/12.3.1/../../../../arm-none-eabi/lib/thumb/v7e-m+dp/hard/libc_nano.a
LOAD /home/zero/.eclipse/com.st.stm32cube.ide.mcu.rcp.product_1.15.0_139064213_linux_gtk_x86_64/plugins/com.st.stm32cube.ide.mcu.externaltools.gnu-tools-for-stm32.12.3.rel1.linux64_1.0.200.202406132123/tools/bin/../lib/gcc/arm-none-eabi/12.3.1/../../../../arm-none-eabi/lib/thumb/v7e-m+dp/hard/libnosys.a
END GROUP
START GROUP
LOAD /home/zero/.eclipse/com.st.stm32cube.ide.mcu.rcp.product_1.15.0_139064213_linux_gtk_x86_64/plugins/com.st.stm32cube.ide.mcu.externaltools.gnu-tools-for-stm32.12.3.rel1.linux64_1.0.200.202406132123/tools/bin/../lib/gcc/arm-none-eabi/12.3.1/thumb/v7e-m+dp/hard/libgcc.a
LOAD /home/zero/.eclipse/com.st.stm32cube.ide.mcu.rcp.product_1.15.0_139064213_linux_gtk_x86_64/plugins/com.st.stm32cube.ide.mcu.externaltools.gnu-tools-for-stm32.12.3.rel1.linux64_1.0.200.202406132123/tools/bin/../lib/gcc/arm-none-eabi/12.3.1/../../../../arm-none-eabi/lib/thumb/v7e-m+dp/hard/libc_nano.a
LOAD /home/zero/.eclipse/com.st.stm32cube.ide.mcu.rcp.product_1.15.0_139064213_linux_gtk_x86_64/plugins/com.st.stm32cube.ide.mcu.externaltools.gnu-tools-for-stm32.12.3.rel1.linux64_1.0.200.202406132123/tools/bin/../lib/gcc/arm-none-eabi/12.3.1/../../../../arm-none-eabi/lib/thumb/v7e-m+dp/hard/libnosys.a
END GROUP
LOAD /home/zero/.eclipse/com.st.stm32cube.ide.mcu.rcp.product_1.15.0_139064213_linux_gtk_x86_64/plugins/com.st.stm32cube.ide.mcu.externaltools.gnu-tools-for-stm32.12.3.rel1.linux64_1.0.200.202406132123/tools/bin/../lib/gcc/arm-none-eabi/12.3.1/thumb/v7e-m+dp/hard/crtend.o
LOAD /home/zero/.eclipse/com.st.stm32cube.ide.mcu.rcp.product_1.15.0_139064213_linux_gtk_x86_64/plugins/com.st.stm32cube.ide.mcu.externaltools.gnu-tools-for-stm32.12.3.rel1.linux64_1.0.200.202406132123/tools/bin/../lib/gcc/arm-none-eabi/12.3.1/thumb/v7e-m+dp/hard/crtn.o
                0x24080000                        _estack = (ORIGIN (RAM_D1) + LENGTH (RAM_D1))
                0x00000200                        _Min_Heap_Size = 0x200
                0x00000400                        _Min_Stack_Size = 0x400

.isr_vector     0x08000000      0x298
                0x08000000                        . = ALIGN (0x4)
 *(.isr_vector)
 .isr_vector    0x08000000      0x298 ./Startup/startup_stm32h743iitx.o
                0x08000000                g_pfnVectors
                0x08000298                        . = ALIGN (0x4)

.text           0x08000298      0x1f8
                0x08000298                        . = ALIGN (0x4)
 *(.text)
 .text          0x08000298       0x40 /home/zero/.eclipse/com.st.stm32cube.ide.mcu.rcp.product_1.15.0_139064213_linux_gtk_x86_64/plugins/com.st.stm32cube.ide.mcu.externaltools.gnu-tools-for-stm32.12.3.rel1.linux64_1.0.200.202406132123/tools/bin/../lib/gcc/arm-none-eabi/12.3.1/thumb/v7e-m+dp/hard/crtbegin.o
 *(.text*)
 .text.main     0x080002d8        0xc ./Src/main.o
                0x080002d8                main
 .text.init_rcc
                0x080002e4       0xf8 ./Src/rcc.o
                0x080002e4                init_rcc
 .text.Reset_Handler
                0x080003dc       0x50 ./Startup/startup_stm32h743iitx.o
                0x080003dc                Reset_Handler
 .text.Default_Handler
                0x0800042c        0x2 ./Startup/startup_stm32h743iitx.o
                0x0800042c                HASH_RNG_IRQHandler
                0x0800042c                EXTI2_IRQHandler
                0x0800042c                TIM8_CC_IRQHandler
                0x0800042c                DMA_STR2_IRQHandler
                0x0800042c                DebugMon_Handler
                0x0800042c                UART8_IRQHandler
                0x0800042c                SPI4_IRQHandler
                0x0800042c                HRTIM1_MST_IRQHandler
                0x0800042c                HardFault_Handler
                0x0800042c                DMA_STR5_IRQHandler
                0x0800042c                HRTIM1_FLT_IRQHandler
                0x0800042c                JPEG_IRQHandler
                0x0800042c                SysTick_Handler
                0x0800042c                DMA2_STR1_IRQHandler
                0x0800042c                DMA2_STR5_IRQHandler
                0x0800042c                HRTIM1_TIMD_IRQHandler
                0x0800042c                PendSV_Handler
                0x0800042c                NMI_Handler
                0x0800042c                EXTI3_IRQHandler
                0x0800042c                LPTIM4_IRQHandler
                0x0800042c                TIM8_TRG_COM_TIM14_IRQHandler
                0x0800042c                LPTIM2_IRQHandler
                0x0800042c                DFSDM1_FLT1_IRQHandler
                0x0800042c                DMAMUX2_OVR_IRQHandler
                0x0800042c                TIM8_UP_TIM13_IRQHandler
                0x0800042c                I2C3_ER_IRQHandler
                0x0800042c                DFSDM1_FLT2_IRQHandler
                0x0800042c                MDMA_IRQHandler
                0x0800042c                LPTIM3_IRQHandler
                0x0800042c                EXTI0_IRQHandler
                0x0800042c                I2C2_EV_IRQHandler
                0x0800042c                FPU_IRQHandler
                0x0800042c                DMA_STR1_IRQHandler
                0x0800042c                OTG_HS_WKUP_IRQHandler
                0x0800042c                FDCAN1_IT1_IRQHandler
                0x0800042c                UsageFault_Handler
                0x0800042c                LTDC_ER_IRQHandler
                0x0800042c                ADC1_2_IRQHandler
                0x0800042c                SPI1_IRQHandler
                0x0800042c                BDMA_CH2_IRQHandler
                0x0800042c                TIM6_DAC_IRQHandler
                0x0800042c                DCMI_IRQHandler
                0x0800042c                HRTIM1_TIMC_IRQHandler
                0x0800042c                SDMMC_IRQHandler
                0x0800042c                RTC_ALARM_IRQHandler
                0x0800042c                DMA_STR0_IRQHandler
                0x0800042c                SAI2_IRQHandler
                0x0800042c                DMA2_STR3_IRQHandler
                0x0800042c                DFSDM1_FLT3_IRQHandler
                0x0800042c                USART6_IRQHandler
                0x0800042c                BDMA_CH5_IRQHandler
                0x0800042c                TIM17_IRQHandler
                0x0800042c                BDMA_CH6_IRQHandler
                0x0800042c                USART3_IRQHandler
                0x0800042c                WKUP_IRQHandler
                0x0800042c                BDMA_CH3_IRQHandler
                0x0800042c                LPTIM5_IRQHandler
                0x0800042c                LPUART_IRQHandler
                0x0800042c                UART5_IRQHandler
                0x0800042c                ADC3_IRQHandler
                0x0800042c                DMA_STR6_IRQHandler
                0x0800042c                TIM4_IRQHandler
                0x0800042c                QUADSPI_IRQHandler
                0x0800042c                I2C1_EV_IRQHandler
                0x0800042c                DMA1_STR7_IRQHandler
                0x0800042c                TIM16_IRQHandler
                0x0800042c                UART4_IRQHandler
                0x0800042c                TIM3_IRQHandler
                0x0800042c                RCC_IRQHandler
                0x0800042c                TIM8_BRK_TIM12_IRQHandler
                0x0800042c                TIM1_TRG_COM_IRQHandler
                0x0800042c                Default_Handler
                0x0800042c                HRTIM_TIMB_IRQHandler
                0x0800042c                CEC_IRQHandler
                0x0800042c                EXTI15_10_IRQHandler
                0x0800042c                BDMA_CH4_IRQHandler
                0x0800042c                DMA_STR3_IRQHandler
                0x0800042c                HRTIM_TIME_IRQHandler
                0x0800042c                HRTIM1_TIMA_IRQHandler
                0x0800042c                SPI5_IRQHandler
                0x0800042c                TIM7_IRQHandler
                0x0800042c                SDMMC1_IRQHandler
                0x0800042c                TIM5_IRQHandler
                0x0800042c                SPDIF_IRQHandler
                0x0800042c                TIM15_IRQHandler
                0x0800042c                I2C3_EV_IRQHandler
                0x0800042c                WWDG1_RST_IRQHandler
                0x0800042c                EXTI9_5_IRQHandler
                0x0800042c                DMA2_STR4_IRQHandler
                0x0800042c                RTC_WKUP_IRQHandler
                0x0800042c                DMA2_STR6_IRQHandler
                0x0800042c                LTDC_IRQHandler
                0x0800042c                SAI3_IRQHandler
                0x0800042c                ETH_WKUP_IRQHandler
                0x0800042c                PVD_PVM_IRQHandler
                0x0800042c                BDMA_CH0_IRQHandler
                0x0800042c                SPI2_IRQHandler
                0x0800042c                OTG_HS_EP1_IN_IRQHandler
                0x0800042c                MemManage_Handler
                0x0800042c                DMA2_STR0_IRQHandler
                0x0800042c                SVC_Handler
                0x0800042c                CRS_IRQHandler
                0x0800042c                EXTI4_IRQHandler
                0x0800042c                DMAMUX1_OV_IRQHandler
                0x0800042c                FDCAN2_IT1_IRQHandler
                0x0800042c                DMA_STR4_IRQHandler
                0x0800042c                COMP_IRQHandler
                0x0800042c                DMA2_STR2_IRQHandler
                0x0800042c                ETH_IRQHandler
                0x0800042c                TIM1_UP_IRQHandler
                0x0800042c                DMA2_STR7_IRQHandler
                0x0800042c                OTG_HS_EP1_OUT_IRQHandler
                0x0800042c                SPI6_IRQHandler
                0x0800042c                MDIOS_IRQHandler
                0x0800042c                I2C4_EV_IRQHandler
                0x0800042c                FDCAN2_IT0_IRQHandler
                0x0800042c                BDMA_CH7_IRQHandler
                0x0800042c                FDCAN1_IT0_IRQHandler
                0x0800042c                TIM2_IRQHandler
                0x0800042c                HSEM0_IRQHandler
                0x0800042c                OTG_FS_WKUP_IRQHandler
                0x0800042c                OTG_HS_IRQHandler
                0x0800042c                DMA2D_IRQHandler
                0x0800042c                TIM1_BRK_IRQHandler
                0x0800042c                EXTI1_IRQHandler
                0x0800042c                OTG_FS_EP1_OUT_IRQHandler
                0x0800042c                UART7_IRQHandler
                0x0800042c                MDIOS_WKUP_IRQHandler
                0x0800042c                USART2_IRQHandler
                0x0800042c                DFSDM1_FLT0_IRQHandler
                0x0800042c                SAI4_IRQHandler
                0x0800042c                I2C2_ER_IRQHandler
                0x0800042c                FLASH_IRQHandler
                0x0800042c                WWDG1_IRQHandler
                0x0800042c                BusFault_Handler
                0x0800042c                USART1_IRQHandler
                0x0800042c                OTG_FS_IRQHandler
                0x0800042c                SPI3_IRQHandler
                0x0800042c                OTG_FS_EP1_IN_IRQHandler
                0x0800042c                I2C1_ER_IRQHandler
                0x0800042c                FMC_IRQHandler
                0x0800042c                BDMA_CH1_IRQHandler
                0x0800042c                FDCAN_CAL_IRQHandler
                0x0800042c                SWPMI1_IRQHandler
                0x0800042c                LPTIM1_IRQHandler
                0x0800042c                TIM_CC_IRQHandler
                0x0800042c                I2C4_ER_IRQHandler
                0x0800042c                SAI1_IRQHandler
                0x0800042c                RTC_TAMP_STAMP_CSS_LSE_IRQHandler
 *fill*         0x0800042e        0x2 
 .text.__libc_init_array
                0x08000430       0x48 /home/zero/.eclipse/com.st.stm32cube.ide.mcu.rcp.product_1.15.0_139064213_linux_gtk_x86_64/plugins/com.st.stm32cube.ide.mcu.externaltools.gnu-tools-for-stm32.12.3.rel1.linux64_1.0.200.202406132123/tools/bin/../lib/gcc/arm-none-eabi/12.3.1/../../../../arm-none-eabi/lib/thumb/v7e-m+dp/hard/libc_nano.a(libc_a-init.o)
                0x08000430                __libc_init_array
 *(.glue_7)
 .glue_7        0x08000478        0x0 linker stubs
 *(.glue_7t)
 .glue_7t       0x08000478        0x0 linker stubs
 *(.eh_frame)
 .eh_frame      0x08000478        0x0 /home/zero/.eclipse/com.st.stm32cube.ide.mcu.rcp.product_1.15.0_139064213_linux_gtk_x86_64/plugins/com.st.stm32cube.ide.mcu.externaltools.gnu-tools-for-stm32.12.3.rel1.linux64_1.0.200.202406132123/tools/bin/../lib/gcc/arm-none-eabi/12.3.1/thumb/v7e-m+dp/hard/crtbegin.o
 *(.init)
 .init          0x08000478        0x4 /home/zero/.eclipse/com.st.stm32cube.ide.mcu.rcp.product_1.15.0_139064213_linux_gtk_x86_64/plugins/com.st.stm32cube.ide.mcu.externaltools.gnu-tools-for-stm32.12.3.rel1.linux64_1.0.200.202406132123/tools/bin/../lib/gcc/arm-none-eabi/12.3.1/thumb/v7e-m+dp/hard/crti.o
                0x08000478                _init
 .init          0x0800047c        0x8 /home/zero/.eclipse/com.st.stm32cube.ide.mcu.rcp.product_1.15.0_139064213_linux_gtk_x86_64/plugins/com.st.stm32cube.ide.mcu.externaltools.gnu-tools-for-stm32.12.3.rel1.linux64_1.0.200.202406132123/tools/bin/../lib/gcc/arm-none-eabi/12.3.1/thumb/v7e-m+dp/hard/crtn.o
 *(.fini)
 .fini          0x08000484        0x4 /home/zero/.eclipse/com.st.stm32cube.ide.mcu.rcp.product_1.15.0_139064213_linux_gtk_x86_64/plugins/com.st.stm32cube.ide.mcu.externaltools.gnu-tools-for-stm32.12.3.rel1.linux64_1.0.200.202406132123/tools/bin/../lib/gcc/arm-none-eabi/12.3.1/thumb/v7e-m+dp/hard/crti.o
                0x08000484                _fini
 .fini          0x08000488        0x8 /home/zero/.eclipse/com.st.stm32cube.ide.mcu.rcp.product_1.15.0_139064213_linux_gtk_x86_64/plugins/com.st.stm32cube.ide.mcu.externaltools.gnu-tools-for-stm32.12.3.rel1.linux64_1.0.200.202406132123/tools/bin/../lib/gcc/arm-none-eabi/12.3.1/thumb/v7e-m+dp/hard/crtn.o
                0x08000490                        . = ALIGN (0x4)
                0x08000490                        _etext = .

.vfp11_veneer   0x08000490        0x0
 .vfp11_veneer  0x08000490        0x0 linker stubs

.v4_bx          0x08000490        0x0
 .v4_bx         0x08000490        0x0 linker stubs

.iplt           0x08000490        0x0
 .iplt          0x08000490        0x0 /home/zero/.eclipse/com.st.stm32cube.ide.mcu.rcp.product_1.15.0_139064213_linux_gtk_x86_64/plugins/com.st.stm32cube.ide.mcu.externaltools.gnu-tools-for-stm32.12.3.rel1.linux64_1.0.200.202406132123/tools/bin/../lib/gcc/arm-none-eabi/12.3.1/thumb/v7e-m+dp/hard/crtbegin.o

.rodata         0x08000490        0x0
                0x08000490                        . = ALIGN (0x4)
 *(.rodata)
 *(.rodata*)
                0x08000490                        . = ALIGN (0x4)

.ARM.extab
 *(.ARM.extab* .gnu.linkonce.armextab.*)

.ARM            0x08000490        0x0
                0x08000490                        __exidx_start = .
 *(.ARM.exidx*)
                0x08000490                        __exidx_end = .

.preinit_array  0x08000490        0x0
                0x08000490                        PROVIDE (__preinit_array_start = .)
 *(.preinit_array*)
                0x08000490                        PROVIDE (__preinit_array_end = .)

.init_array     0x08000490        0x4
                0x08000490                        PROVIDE (__init_array_start = .)
 *(SORT_BY_NAME(.init_array.*))
 *(.init_array*)
 .init_array    0x08000490        0x4 /home/zero/.eclipse/com.st.stm32cube.ide.mcu.rcp.product_1.15.0_139064213_linux_gtk_x86_64/plugins/com.st.stm32cube.ide.mcu.externaltools.gnu-tools-for-stm32.12.3.rel1.linux64_1.0.200.202406132123/tools/bin/../lib/gcc/arm-none-eabi/12.3.1/thumb/v7e-m+dp/hard/crtbegin.o
                0x08000494                        PROVIDE (__init_array_end = .)

.fini_array     0x08000494        0x4
                [!provide]                        PROVIDE (__fini_array_start = .)
 *(SORT_BY_NAME(.fini_array.*))
 *(.fini_array*)
 .fini_array    0x08000494        0x4 /home/zero/.eclipse/com.st.stm32cube.ide.mcu.rcp.product_1.15.0_139064213_linux_gtk_x86_64/plugins/com.st.stm32cube.ide.mcu.externaltools.gnu-tools-for-stm32.12.3.rel1.linux64_1.0.200.202406132123/tools/bin/../lib/gcc/arm-none-eabi/12.3.1/thumb/v7e-m+dp/hard/crtbegin.o
                [!provide]                        PROVIDE (__fini_array_end = .)
                0x08000498                        _sidata = LOADADDR (.data)

.rel.dyn        0x08000498        0x0
 .rel.iplt      0x08000498        0x0 /home/zero/.eclipse/com.st.stm32cube.ide.mcu.rcp.product_1.15.0_139064213_linux_gtk_x86_64/plugins/com.st.stm32cube.ide.mcu.externaltools.gnu-tools-for-stm32.12.3.rel1.linux64_1.0.200.202406132123/tools/bin/../lib/gcc/arm-none-eabi/12.3.1/thumb/v7e-m+dp/hard/crtbegin.o

.data           0x24000000        0x0 load address 0x08000498
                0x24000000                        . = ALIGN (0x4)
                0x24000000                        _sdata = .
 *(.data)
 *(.data*)
 *(.RamFunc)
 *(.RamFunc*)
                0x24000000                        . = ALIGN (0x4)
                0x24000000                        _edata = .

.igot.plt       0x24000000        0x0 load address 0x08000498
 .igot.plt      0x24000000        0x0 /home/zero/.eclipse/com.st.stm32cube.ide.mcu.rcp.product_1.15.0_139064213_linux_gtk_x86_64/plugins/com.st.stm32cube.ide.mcu.externaltools.gnu-tools-for-stm32.12.3.rel1.linux64_1.0.200.202406132123/tools/bin/../lib/gcc/arm-none-eabi/12.3.1/thumb/v7e-m+dp/hard/crtbegin.o
                0x24000000                        . = ALIGN (0x4)

.bss            0x24000000       0x1c load address 0x08000498
                0x24000000                        _sbss = .
                0x24000000                        __bss_start__ = _sbss
 *(.bss)
 .bss           0x24000000       0x1c /home/zero/.eclipse/com.st.stm32cube.ide.mcu.rcp.product_1.15.0_139064213_linux_gtk_x86_64/plugins/com.st.stm32cube.ide.mcu.externaltools.gnu-tools-for-stm32.12.3.rel1.linux64_1.0.200.202406132123/tools/bin/../lib/gcc/arm-none-eabi/12.3.1/thumb/v7e-m+dp/hard/crtbegin.o
 *(.bss*)
 *(COMMON)
                0x2400001c                        . = ALIGN (0x4)
                0x2400001c                        _ebss = .
                0x2400001c                        __bss_end__ = _ebss

._user_heap_stack
                0x2400001c      0x604 load address 0x08000498
                0x24000020                        . = ALIGN (0x8)
 *fill*         0x2400001c        0x4 
                [!provide]                        PROVIDE (end = .)
                0x24000020                        PROVIDE (_end = .)
                0x24000220                        . = (. + _Min_Heap_Size)
 *fill*         0x24000020      0x200 
                0x24000620                        . = (. + _Min_Stack_Size)
 *fill*         0x24000220      0x400 
                0x24000620                        . = ALIGN (0x8)

/DISCARD/
 libc.a(*)
 libm.a(*)
 libgcc.a(*)

.ARM.attributes
                0x00000000       0x2e
 *(.ARM.attributes)
 .ARM.attributes
                0x00000000       0x20 /home/zero/.eclipse/com.st.stm32cube.ide.mcu.rcp.product_1.15.0_139064213_linux_gtk_x86_64/plugins/com.st.stm32cube.ide.mcu.externaltools.gnu-tools-for-stm32.12.3.rel1.linux64_1.0.200.202406132123/tools/bin/../lib/gcc/arm-none-eabi/12.3.1/thumb/v7e-m+dp/hard/crti.o
 .ARM.attributes
                0x00000020       0x32 /home/zero/.eclipse/com.st.stm32cube.ide.mcu.rcp.product_1.15.0_139064213_linux_gtk_x86_64/plugins/com.st.stm32cube.ide.mcu.externaltools.gnu-tools-for-stm32.12.3.rel1.linux64_1.0.200.202406132123/tools/bin/../lib/gcc/arm-none-eabi/12.3.1/thumb/v7e-m+dp/hard/crtbegin.o
 .ARM.attributes
                0x00000052       0x32 ./Src/main.o
 .ARM.attributes
                0x00000084       0x32 ./Src/rcc.o
 .ARM.attributes
                0x000000b6       0x21 ./Startup/startup_stm32h743iitx.o
 .ARM.attributes
                0x000000d7       0x32 /home/zero/.eclipse/com.st.stm32cube.ide.mcu.rcp.product_1.15.0_139064213_linux_gtk_x86_64/plugins/com.st.stm32cube.ide.mcu.externaltools.gnu-tools-for-stm32.12.3.rel1.linux64_1.0.200.202406132123/tools/bin/../lib/gcc/arm-none-eabi/12.3.1/../../../../arm-none-eabi/lib/thumb/v7e-m+dp/hard/libc_nano.a(libc_a-init.o)
 .ARM.attributes
                0x00000109       0x20 /home/zero/.eclipse/com.st.stm32cube.ide.mcu.rcp.product_1.15.0_139064213_linux_gtk_x86_64/plugins/com.st.stm32cube.ide.mcu.externaltools.gnu-tools-for-stm32.12.3.rel1.linux64_1.0.200.202406132123/tools/bin/../lib/gcc/arm-none-eabi/12.3.1/thumb/v7e-m+dp/hard/crtn.o
OUTPUT(stm32h743.elf elf32-littlearm)
LOAD linker stubs
LOAD /home/zero/.eclipse/com.st.stm32cube.ide.mcu.rcp.product_1.15.0_139064213_linux_gtk_x86_64/plugins/com.st.stm32cube.ide.mcu.externaltools.gnu-tools-for-stm32.12.3.rel1.linux64_1.0.200.202406132123/tools/bin/../lib/gcc/arm-none-eabi/12.3.1/../../../../arm-none-eabi/lib/thumb/v7e-m+dp/hard/libc.a
LOAD /home/zero/.eclipse/com.st.stm32cube.ide.mcu.rcp.product_1.15.0_139064213_linux_gtk_x86_64/plugins/com.st.stm32cube.ide.mcu.externaltools.gnu-tools-for-stm32.12.3.rel1.linux64_1.0.200.202406132123/tools/bin/../lib/gcc/arm-none-eabi/12.3.1/../../../../arm-none-eabi/lib/thumb/v7e-m+dp/hard/libm.a
LOAD /home/zero/.eclipse/com.st.stm32cube.ide.mcu.rcp.product_1.15.0_139064213_linux_gtk_x86_64/plugins/com.st.stm32cube.ide.mcu.externaltools.gnu-tools-for-stm32.12.3.rel1.linux64_1.0.200.202406132123/tools/bin/../lib/gcc/arm-none-eabi/12.3.1/thumb/v7e-m+dp/hard/libgcc.a

.debug_info     0x00000000      0xc3c
 .debug_info    0x00000000       0x8f ./Src/main.o
 .debug_info    0x0000008f      0xb7d ./Src/rcc.o
 .debug_info    0x00000c0c       0x30 ./Startup/startup_stm32h743iitx.o

.debug_abbrev   0x00000000      0x178
 .debug_abbrev  0x00000000       0x5a ./Src/main.o
 .debug_abbrev  0x0000005a       0xfa ./Src/rcc.o
 .debug_abbrev  0x00000154       0x24 ./Startup/startup_stm32h743iitx.o

.debug_aranges  0x00000000       0x68
 .debug_aranges
                0x00000000       0x20 ./Src/main.o
 .debug_aranges
                0x00000020       0x20 ./Src/rcc.o
 .debug_aranges
                0x00000040       0x28 ./Startup/startup_stm32h743iitx.o

.debug_rnglists
                0x00000000       0x40
 .debug_rnglists
                0x00000000       0x13 ./Src/main.o
 .debug_rnglists
                0x00000013       0x14 ./Src/rcc.o
 .debug_rnglists
                0x00000027       0x19 ./Startup/startup_stm32h743iitx.o

.debug_macro    0x00000000    0x27fa1
 .debug_macro   0x00000000       0xd5 ./Src/main.o
 .debug_macro   0x000000d5      0xad8 ./Src/main.o
 .debug_macro   0x00000bad       0x22 ./Src/main.o
 .debug_macro   0x00000bcf       0x8e ./Src/main.o
 .debug_macro   0x00000c5d       0x51 ./Src/main.o
 .debug_macro   0x00000cae      0x103 ./Src/main.o
 .debug_macro   0x00000db1       0x6a ./Src/main.o
 .debug_macro   0x00000e1b      0x1df ./Src/main.o
 .debug_macro   0x00000ffa       0x2e ./Src/main.o
 .debug_macro   0x00001028       0x3b ./Src/main.o
 .debug_macro   0x00001063       0x1c ./Src/main.o
 .debug_macro   0x0000107f       0x22 ./Src/main.o
 .debug_macro   0x000010a1       0xfb ./Src/main.o
 .debug_macro   0x0000119c     0x1305 ./Src/main.o
 .debug_macro   0x000024a1      0x11f ./Src/main.o
 .debug_macro   0x000025c0       0x27 ./Src/main.o
 .debug_macro   0x000025e7    0x25882 ./Src/main.o
 .debug_macro   0x00027e69       0x6d ./Src/main.o
 .debug_macro   0x00027ed6       0xcb ./Src/rcc.o

.debug_line     0x00000000      0xaee
 .debug_line    0x00000000      0x4ea ./Src/main.o
 .debug_line    0x000004ea      0x589 ./Src/rcc.o
 .debug_line    0x00000a73       0x7b ./Startup/startup_stm32h743iitx.o

.debug_str      0x00000000    0xe60bb
 .debug_str     0x00000000    0xe5bcd ./Src/main.o
                              0xe5dc8 (size before relaxing)
 .debug_str     0x000e5bcd      0x4af ./Src/rcc.o
                              0xe627c (size before relaxing)
 .debug_str     0x000e607c       0x3f ./Startup/startup_stm32h743iitx.o
                                 0x63 (size before relaxing)

.comment        0x00000000       0x43
 .comment       0x00000000       0x43 ./Src/main.o
                                 0x44 (size before relaxing)
 .comment       0x00000043       0x44 ./Src/rcc.o

.debug_frame    0x00000000       0x90
 .debug_frame   0x00000000       0x2c ./Src/main.o
 .debug_frame   0x0000002c       0x38 ./Src/rcc.o
 .debug_frame   0x00000064       0x2c /home/zero/.eclipse/com.st.stm32cube.ide.mcu.rcp.product_1.15.0_139064213_linux_gtk_x86_64/plugins/com.st.stm32cube.ide.mcu.externaltools.gnu-tools-for-stm32.12.3.rel1.linux64_1.0.200.202406132123/tools/bin/../lib/gcc/arm-none-eabi/12.3.1/../../../../arm-none-eabi/lib/thumb/v7e-m+dp/hard/libc_nano.a(libc_a-init.o)

.debug_line_str
                0x00000000       0x47
 .debug_line_str
                0x00000000       0x47 ./Startup/startup_stm32h743iitx.o
