Archive member included to satisfy reference by file (symbol)

C:/ST/STM32CubeIDE_1.15.1/STM32CubeIDE/plugins/com.st.stm32cube.ide.mcu.externaltools.gnu-tools-for-stm32.12.3.rel1.win32_1.1.0.202410251130/tools/bin/../lib/gcc/arm-none-eabi/12.3.1/../../../../arm-none-eabi/lib/thumb/v7e-m+dp/hard\libc_nano.a(libc_a-atoi.o)
                              ./lwip/src/core/netif.o (atoi)
C:/ST/STM32CubeIDE_1.15.1/STM32CubeIDE/plugins/com.st.stm32cube.ide.mcu.externaltools.gnu-tools-for-stm32.12.3.rel1.win32_1.1.0.202410251130/tools/bin/../lib/gcc/arm-none-eabi/12.3.1/../../../../arm-none-eabi/lib/thumb/v7e-m+dp/hard\libc_nano.a(libc_a-exit.o)
                              C:/ST/STM32CubeIDE_1.15.1/STM32CubeIDE/plugins/com.st.stm32cube.ide.mcu.externaltools.gnu-tools-for-stm32.12.3.rel1.win32_1.1.0.202410251130/tools/bin/../lib/gcc/arm-none-eabi/12.3.1/../../../../arm-none-eabi/lib/thumb/v7e-m+dp/hard/crt0.o (exit)
C:/ST/STM32CubeIDE_1.15.1/STM32CubeIDE/plugins/com.st.stm32cube.ide.mcu.externaltools.gnu-tools-for-stm32.12.3.rel1.win32_1.1.0.202410251130/tools/bin/../lib/gcc/arm-none-eabi/12.3.1/../../../../arm-none-eabi/lib/thumb/v7e-m+dp/hard\libc_nano.a(libc_a-strtol.o)
                              C:/ST/STM32CubeIDE_1.15.1/STM32CubeIDE/plugins/com.st.stm32cube.ide.mcu.externaltools.gnu-tools-for-stm32.12.3.rel1.win32_1.1.0.202410251130/tools/bin/../lib/gcc/arm-none-eabi/12.3.1/../../../../arm-none-eabi/lib/thumb/v7e-m+dp/hard\libc_nano.a(libc_a-atoi.o) (_strtol_r)
C:/ST/STM32CubeIDE_1.15.1/STM32CubeIDE/plugins/com.st.stm32cube.ide.mcu.externaltools.gnu-tools-for-stm32.12.3.rel1.win32_1.1.0.202410251130/tools/bin/../lib/gcc/arm-none-eabi/12.3.1/../../../../arm-none-eabi/lib/thumb/v7e-m+dp/hard\libc_nano.a(libc_a-ctype_.o)
                              ./lwip/src/core/ipv4/ip4_addr.o (_ctype_)
C:/ST/STM32CubeIDE_1.15.1/STM32CubeIDE/plugins/com.st.stm32cube.ide.mcu.externaltools.gnu-tools-for-stm32.12.3.rel1.win32_1.1.0.202410251130/tools/bin/../lib/gcc/arm-none-eabi/12.3.1/../../../../arm-none-eabi/lib/thumb/v7e-m+dp/hard\libc_nano.a(libc_a-findfp.o)
                              C:/ST/STM32CubeIDE_1.15.1/STM32CubeIDE/plugins/com.st.stm32cube.ide.mcu.externaltools.gnu-tools-for-stm32.12.3.rel1.win32_1.1.0.202410251130/tools/bin/../lib/gcc/arm-none-eabi/12.3.1/../../../../arm-none-eabi/lib/thumb/v7e-m+dp/hard\libc_nano.a(libc_a-exit.o) (__stdio_exit_handler)
C:/ST/STM32CubeIDE_1.15.1/STM32CubeIDE/plugins/com.st.stm32cube.ide.mcu.externaltools.gnu-tools-for-stm32.12.3.rel1.win32_1.1.0.202410251130/tools/bin/../lib/gcc/arm-none-eabi/12.3.1/../../../../arm-none-eabi/lib/thumb/v7e-m+dp/hard\libc_nano.a(libc_a-fwalk.o)
                              C:/ST/STM32CubeIDE_1.15.1/STM32CubeIDE/plugins/com.st.stm32cube.ide.mcu.externaltools.gnu-tools-for-stm32.12.3.rel1.win32_1.1.0.202410251130/tools/bin/../lib/gcc/arm-none-eabi/12.3.1/../../../../arm-none-eabi/lib/thumb/v7e-m+dp/hard\libc_nano.a(libc_a-findfp.o) (_fwalk_sglue)
C:/ST/STM32CubeIDE_1.15.1/STM32CubeIDE/plugins/com.st.stm32cube.ide.mcu.externaltools.gnu-tools-for-stm32.12.3.rel1.win32_1.1.0.202410251130/tools/bin/../lib/gcc/arm-none-eabi/12.3.1/../../../../arm-none-eabi/lib/thumb/v7e-m+dp/hard\libc_nano.a(libc_a-printf.o)
                              ./lwip/src/core/inet_chksum.o (printf)
C:/ST/STM32CubeIDE_1.15.1/STM32CubeIDE/plugins/com.st.stm32cube.ide.mcu.externaltools.gnu-tools-for-stm32.12.3.rel1.win32_1.1.0.202410251130/tools/bin/../lib/gcc/arm-none-eabi/12.3.1/../../../../arm-none-eabi/lib/thumb/v7e-m+dp/hard\libc_nano.a(libc_a-stdio.o)
                              C:/ST/STM32CubeIDE_1.15.1/STM32CubeIDE/plugins/com.st.stm32cube.ide.mcu.externaltools.gnu-tools-for-stm32.12.3.rel1.win32_1.1.0.202410251130/tools/bin/../lib/gcc/arm-none-eabi/12.3.1/../../../../arm-none-eabi/lib/thumb/v7e-m+dp/hard\libc_nano.a(libc_a-findfp.o) (__sread)
C:/ST/STM32CubeIDE_1.15.1/STM32CubeIDE/plugins/com.st.stm32cube.ide.mcu.externaltools.gnu-tools-for-stm32.12.3.rel1.win32_1.1.0.202410251130/tools/bin/../lib/gcc/arm-none-eabi/12.3.1/../../../../arm-none-eabi/lib/thumb/v7e-m+dp/hard\libc_nano.a(libc_a-memcmp.o)
                              ./lwip/src/netif/bridgeif_fdb.o (memcmp)
C:/ST/STM32CubeIDE_1.15.1/STM32CubeIDE/plugins/com.st.stm32cube.ide.mcu.externaltools.gnu-tools-for-stm32.12.3.rel1.win32_1.1.0.202410251130/tools/bin/../lib/gcc/arm-none-eabi/12.3.1/../../../../arm-none-eabi/lib/thumb/v7e-m+dp/hard\libc_nano.a(libc_a-memmove.o)
                              ./lwip/src/core/def.o (memmove)
C:/ST/STM32CubeIDE_1.15.1/STM32CubeIDE/plugins/com.st.stm32cube.ide.mcu.externaltools.gnu-tools-for-stm32.12.3.rel1.win32_1.1.0.202410251130/tools/bin/../lib/gcc/arm-none-eabi/12.3.1/../../../../arm-none-eabi/lib/thumb/v7e-m+dp/hard\libc_nano.a(libc_a-memset.o)
[...]
Memory Configuration

Name             Origin             Length             Attributes
FLASH            0x08000000         0x00200000         xr
DTCMRAM          0x20000000         0x00020000         xrw
RAM_D1           0x24000000         0x00080000         xrw
RAM_D2           0x30000000         0x00048000         xrw
RAM_D3           0x38000000         0x00010000         xrw
ITCMRAM          0x00000000         0x00010000         xrw
SDRAM            0xc0000000         0x02000000         xrw
*default*        0x00000000         0xffffffff

Linker script and memory map

LOAD C:/ST/STM32CubeIDE_1.15.1/STM32CubeIDE/plugins/com.st.stm32cube.ide.mcu.externaltools.gnu-tools-for-stm32.12.3.rel1.win32_1.1.0.202410251130/tools/bin/../lib/gcc/arm-none-eabi/12.3.1/thumb/v7e-m+dp/hard/crti.o
LOAD C:/ST/STM32CubeIDE_1.15.1/STM32CubeIDE/plugins/com.st.stm32cube.ide.mcu.externaltools.gnu-tools-for-stm32.12.3.rel1.win32_1.1.0.202410251130/tools/bin/../lib/gcc/arm-none-eabi/12.3.1/thumb/v7e-m+dp/hard/crtbegin.o
LOAD C:/ST/STM32CubeIDE_1.15.1/STM32CubeIDE/plugins/com.st.stm32cube.ide.mcu.externaltools.gnu-tools-for-stm32.12.3.rel1.win32_1.1.0.202410251130/tools/bin/../lib/gcc/arm-none-eabi/12.3.1/../../../../arm-none-eabi/lib/thumb/v7e-m+dp/hard/crt0.o
LOAD ./Src/lcd.o
LOAD ./Src/mac.o
LOAD ./Src/main.o
LOAD ./Src/rcc.o
LOAD ./Src/sdram.o
LOAD ./Src/sys.o
LOAD ./Src/syscalls.o
LOAD ./Src/sysmem.o
LOAD ./Src/udp_app.o
LOAD ./Src/usart.o
LOAD ./Startup/startup_stm32h743iitx.o
LOAD ./lwip/port/port.o
LOAD ./lwip/src/api/api_lib.o
LOAD ./lwip/src/api/api_msg.o
LOAD ./lwip/src/api/err.o
LOAD ./lwip/src/api/if_api.o
LOAD ./lwip/src/api/netbuf.o
LOAD ./lwip/src/api/netdb.o
LOAD ./lwip/src/api/netifapi.o
LOAD ./lwip/src/api/sockets.o
LOAD ./lwip/src/api/tcpip.o
LOAD ./lwip/src/core/altcp.o
LOAD ./lwip/src/core/altcp_alloc.o
LOAD ./lwip/src/core/altcp_tcp.o
LOAD ./lwip/src/core/def.o
LOAD ./lwip/src/core/dns.o
LOAD ./lwip/src/core/inet_chksum.o
LOAD ./lwip/src/core/init.o
LOAD ./lwip/src/core/ip.o
LOAD ./lwip/src/core/mem.o
LOAD ./lwip/src/core/memp.o
LOAD ./lwip/src/core/netif.o
LOAD ./lwip/src/core/pbuf.o
LOAD ./lwip/src/core/raw.o
LOAD ./lwip/src/core/stats.o
LOAD ./lwip/src/core/sys.o
LOAD ./lwip/src/core/tcp.o
LOAD ./lwip/src/core/tcp_in.o
LOAD ./lwip/src/core/tcp_out.o
LOAD ./lwip/src/core/timeouts.o
LOAD ./lwip/src/core/udp.o
LOAD ./lwip/src/core/ipv4/acd.o
LOAD ./lwip/src/core/ipv4/autoip.o
LOAD ./lwip/src/core/ipv4/dhcp.o
LOAD ./lwip/src/core/ipv4/etharp.o
LOAD ./lwip/src/core/ipv4/icmp.o
LOAD ./lwip/src/core/ipv4/igmp.o
LOAD ./lwip/src/core/ipv4/ip4.o
LOAD ./lwip/src/core/ipv4/ip4_addr.o
LOAD ./lwip/src/core/ipv4/ip4_frag.o
LOAD ./lwip/src/core/ipv6/dhcp6.o
LOAD ./lwip/src/core/ipv6/ethip6.o
LOAD ./lwip/src/core/ipv6/icmp6.o
LOAD ./lwip/src/core/ipv6/inet6.o
LOAD ./lwip/src/core/ipv6/ip6.o
LOAD ./lwip/src/core/ipv6/ip6_addr.o
LOAD ./lwip/src/core/ipv6/ip6_frag.o
LOAD ./lwip/src/core/ipv6/mld6.o
LOAD ./lwip/src/core/ipv6/nd6.o
LOAD ./lwip/src/netif/bridgeif.o
LOAD ./lwip/src/netif/bridgeif_fdb.o
LOAD ./lwip/src/netif/ethernet.o
LOAD ./lwip/src/netif/lowpan6.o
LOAD ./lwip/src/netif/lowpan6_ble.o
LOAD ./lwip/src/netif/lowpan6_common.o
LOAD ./lwip/src/netif/slipif.o
LOAD ./lwip/src/netif/zepif.o
LOAD ./lwip/src/netif/ppp/auth.o
LOAD ./lwip/src/netif/ppp/ccp.o
LOAD ./lwip/src/netif/ppp/chap-md5.o
LOAD ./lwip/src/netif/ppp/chap-new.o
LOAD ./lwip/src/netif/ppp/chap_ms.o
LOAD ./lwip/src/netif/ppp/demand.o
LOAD ./lwip/src/netif/ppp/eap.o
LOAD ./lwip/src/netif/ppp/ecp.o
LOAD ./lwip/src/netif/ppp/eui64.o
LOAD ./lwip/src/netif/ppp/fsm.o
LOAD ./lwip/src/netif/ppp/ipcp.o
LOAD ./lwip/src/netif/ppp/ipv6cp.o
LOAD ./lwip/src/netif/ppp/lcp.o
LOAD ./lwip/src/netif/ppp/magic.o
LOAD ./lwip/src/netif/ppp/mppe.o
LOAD ./lwip/src/netif/ppp/multilink.o
LOAD ./lwip/src/netif/ppp/ppp.o
LOAD ./lwip/src/netif/ppp/pppapi.o
LOAD ./lwip/src/netif/ppp/pppcrypt.o
LOAD ./lwip/src/netif/ppp/pppoe.o
LOAD ./lwip/src/netif/ppp/pppol2tp.o
LOAD ./lwip/src/netif/ppp/pppos.o
LOAD ./lwip/src/netif/ppp/upap.o
LOAD ./lwip/src/netif/ppp/utils.o
LOAD ./lwip/src/netif/ppp/vj.o
LOAD ./lwip/src/netif/ppp/polarssl/arc4.o
LOAD ./lwip/src/netif/ppp/polarssl/des.o
LOAD ./lwip/src/netif/ppp/polarssl/md4.o
LOAD ./lwip/src/netif/ppp/polarssl/md5.o
LOAD ./lwip/src/netif/ppp/polarssl/sha1.o
START GROUP
LOAD C:/ST/STM32CubeIDE_1.15.1/STM32CubeIDE/plugins/com.st.stm32cube.ide.mcu.externaltools.gnu-tools-for-stm32.12.3.rel1.win32_1.1.0.202410251130/tools/bin/../lib/gcc/arm-none-eabi/12.3.1/../../../../arm-none-eabi/lib/thumb/v7e-m+dp/hard\libc_nano.a
LOAD C:/ST/STM32CubeIDE_1.15.1/STM32CubeIDE/plugins/com.st.stm32cube.ide.mcu.externaltools.gnu-tools-for-stm32.12.3.rel1.win32_1.1.0.202410251130/tools/bin/../lib/gcc/arm-none-eabi/12.3.1/../../../../arm-none-eabi/lib/thumb/v7e-m+dp/hard\libm.a
END GROUP
START GROUP
LOAD C:/ST/STM32CubeIDE_1.15.1/STM32CubeIDE/plugins/com.st.stm32cube.ide.mcu.externaltools.gnu-tools-for-stm32.12.3.rel1.win32_1.1.0.202410251130/tools/bin/../lib/gcc/arm-none-eabi/12.3.1/thumb/v7e-m+dp/hard\libgcc.a
LOAD C:/ST/STM32CubeIDE_1.15.1/STM32CubeIDE/plugins/com.st.stm32cube.ide.mcu.externaltools.gnu-tools-for-stm32.12.3.rel1.win32_1.1.0.202410251130/tools/bin/../lib/gcc/arm-none-eabi/12.3.1/../../../../arm-none-eabi/lib/thumb/v7e-m+dp/hard\libc_nano.a
END GROUP
START GROUP
LOAD C:/ST/STM32CubeIDE_1.15.1/STM32CubeIDE/plugins/com.st.stm32cube.ide.mcu.externaltools.gnu-tools-for-stm32.12.3.rel1.win32_1.1.0.202410251130/tools/bin/../lib/gcc/arm-none-eabi/12.3.1/thumb/v7e-m+dp/hard\libgcc.a
LOAD C:/ST/STM32CubeIDE_1.15.1/STM32CubeIDE/plugins/com.st.stm32cube.ide.mcu.externaltools.gnu-tools-for-stm32.12.3.rel1.win32_1.1.0.202410251130/tools/bin/../lib/gcc/arm-none-eabi/12.3.1/../../../../arm-none-eabi/lib/thumb/v7e-m+dp/hard\libc_nano.a
LOAD C:/ST/STM32CubeIDE_1.15.1/STM32CubeIDE/plugins/com.st.stm32cube.ide.mcu.externaltools.gnu-tools-for-stm32.12.3.rel1.win32_1.1.0.202410251130/tools/bin/../lib/gcc/arm-none-eabi/12.3.1/../../../../arm-none-eabi/lib/thumb/v7e-m+dp/hard\libnosys.a
END GROUP
START GROUP
LOAD C:/ST/STM32CubeIDE_1.15.1/STM32CubeIDE/plugins/com.st.stm32cube.ide.mcu.externaltools.gnu-tools-for-stm32.12.3.rel1.win32_1.1.0.202410251130/tools/bin/../lib/gcc/arm-none-eabi/12.3.1/thumb/v7e-m+dp/hard\libgcc.a
LOAD C:/ST/STM32CubeIDE_1.15.1/STM32CubeIDE/plugins/com.st.stm32cube.ide.mcu.externaltools.gnu-tools-for-stm32.12.3.rel1.win32_1.1.0.202410251130/tools/bin/../lib/gcc/arm-none-eabi/12.3.1/../../../../arm-none-eabi/lib/thumb/v7e-m+dp/hard\libc_nano.a
LOAD C:/ST/STM32CubeIDE_1.15.1/STM32CubeIDE/plugins/com.st.stm32cube.ide.mcu.externaltools.gnu-tools-for-stm32.12.3.rel1.win32_1.1.0.202410251130/tools/bin/../lib/gcc/arm-none-eabi/12.3.1/../../../../arm-none-eabi/lib/thumb/v7e-m+dp/hard\libnosys.a
END GROUP
LOAD C:/ST/STM32CubeIDE_1.15.1/STM32CubeIDE/plugins/com.st.stm32cube.ide.mcu.externaltools.gnu-tools-for-stm32.12.3.rel1.win32_1.1.0.202410251130/tools/bin/../lib/gcc/arm-none-eabi/12.3.1/thumb/v7e-m+dp/hard/crtend.o
LOAD C:/ST/STM32CubeIDE_1.15.1/STM32CubeIDE/plugins/com.st.stm32cube.ide.mcu.externaltools.gnu-tools-for-stm32.12.3.rel1.win32_1.1.0.202410251130/tools/bin/../lib/gcc/arm-none-eabi/12.3.1/thumb/v7e-m+dp/hard/crtn.o
                0x24080000                        _estack = (ORIGIN (RAM_D1) + LENGTH (RAM_D1))
                0x00000200                        _Min_Heap_Size = 0x200
                0x00000400                        _Min_Stack_Size = 0x400

.isr_vector     0x08000000      0x298
                0x08000000                        . = ALIGN (0x4)
 *(.isr_vector)
 .isr_vector    0x08000000      0x298 ./Startup/startup_stm32h743iitx.o
                0x08000000                g_pfnVectors
                0x08000298                        . = ALIGN (0x4)

.text           0x080002a0     0xb6f4
                0x080002a0                        . = ALIGN (0x4)
 *(.text)
 .text          0x080002a0       0x40 C:/ST/STM32CubeIDE_1.15.1/STM32CubeIDE/plugins/com.st.stm32cube.ide.mcu.externaltools.gnu-tools-for-stm32.12.3.rel1.win32_1.1.0.202410251130/tools/bin/../lib/gcc/arm-none-eabi/12.3.1/thumb/v7e-m+dp/hard/crtbegin.o
 .text          0x080002e0       0xa0 C:/ST/STM32CubeIDE_1.15.1/STM32CubeIDE/plugins/com.st.stm32cube.ide.mcu.externaltools.gnu-tools-for-stm32.12.3.rel1.win32_1.1.0.202410251130/tools/bin/../lib/gcc/arm-none-eabi/12.3.1/../../../../arm-none-eabi/lib/thumb/v7e-m+dp/hard\libc_nano.a(libc_a-memchr.o)
                0x080002e0                memchr
 *(.text*)
 .text.init_lcd_pin
                0x08000380      0x264 ./Src/lcd.o
                0x08000380                init_lcd_pin
 .text.init_lcd
                0x080005e4      0x100 ./Src/lcd.o
                0x080005e4                init_lcd
 .text.lcd_fill_color
                0x080006e4       0x3c ./Src/lcd.o
                0x080006e4                lcd_fill_color
 .text.init_dma_desc
                0x08000720      0x15c ./Src/mac.o
                0x08000720                init_dma_desc
 .text.init_mac_clk
                0x0800087c       0x44 ./Src/mac.o
                0x0800087c                init_mac_clk
 .text.init_mac_pin
                0x080008c0      0x160 ./Src/mac.o
                0x080008c0                init_mac_pin
 .text.write_phy
                0x08000a20       0x74 ./Src/mac.o
                0x08000a20                write_phy
 .text.read_phy
                0x08000a94       0x60 ./Src/mac.o
                0x08000a94                read_phy
 .text.init_mac
                0x08000af4      0x21c ./Src/mac.o
                0x08000af4                init_mac
 .text.delay    0x08000d10       0x22 ./Src/main.o
                0x08000d10                delay
 *fill*         0x08000d32        0x2 
 .text.main     0x08000d34       0x6c ./Src/main.o
                0x08000d34                main
 .text.init_rcc
                0x08000da0      0x10c ./Src/rcc.o
                0x08000da0                init_rcc
 .text.sdram_send_cmd
                0x08000eac       0x8c ./Src/sdram.o
                0x08000eac                sdram_send_cmd
 .text.sdram_init
                0x08000f38      0x1e0 ./Src/sdram.o
                0x08000f38                sdram_init
 .text.sys_gpio_af_set
                0x08001118       0xaa ./Src/sys.o
                0x08001118                sys_gpio_af_set
 .text.sys_gpio_set
                0x080011c2      0x106 ./Src/sys.o
                0x080011c2                sys_gpio_set
 .text._read    0x080012c8       0x3a ./Src/syscalls.o
                0x080012c8                _read
 .text._write   0x08001302       0x38 ./Src/syscalls.o
                0x08001302                _write
 .text._close   0x0800133a       0x18 ./Src/syscalls.o
                0x0800133a                _close
 .text._fstat   0x08001352       0x20 ./Src/syscalls.o
                0x08001352                _fstat
 .text._isatty  0x08001372       0x16 ./Src/syscalls.o
                0x08001372                _isatty
 .text._lseek   0x08001388       0x1a ./Src/syscalls.o
                0x08001388                _lseek
 *fill*         0x080013a2        0x2 
 .text._sbrk    0x080013a4       0x6c ./Src/sysmem.o
                0x080013a4                _sbrk
 .text.udp_callback
                0x08001410       0x1e ./Src/udp_app.o
 *fill*         0x0800142e        0x2 
 .text.init_udp_pcb
                0x08001430       0x4c ./Src/udp_app.o
                0x08001430                init_udp_pcb
 .text.test_udp_send
                0x0800147c       0x48 ./Src/udp_app.o
                0x0800147c                test_udp_send
 .text.init_usart1_clk
                0x080014c4       0x34 ./Src/usart.o
                0x080014c4                init_usart1_clk
 .text.init_usart1_pin
                0x080014f8       0x5c ./Src/usart.o
                0x080014f8                init_usart1_pin
 .text.init_usart
                0x08001554       0x30 ./Src/usart.o
                0x08001554                init_usart
 .text.Reset_Handler
                0x08001584       0x50 ./Startup/startup_stm32h743iitx.o
                0x08001584                Reset_Handler
 .text.Default_Handler
                0x080015d4        0x2 ./Startup/startup_stm32h743iitx.o
                0x080015d4                HASH_RNG_IRQHandler
                0x080015d4                EXTI2_IRQHandler
                0x080015d4                TIM8_CC_IRQHandler
                0x080015d4                DMA_STR2_IRQHandler
                0x080015d4                DebugMon_Handler
                0x080015d4                UART8_IRQHandler
                0x080015d4                SPI4_IRQHandler
                0x080015d4                HRTIM1_MST_IRQHandler
                0x080015d4                HardFault_Handler
                0x080015d4                DMA_STR5_IRQHandler
                0x080015d4                HRTIM1_FLT_IRQHandler
                0x080015d4                JPEG_IRQHandler
                0x080015d4                SysTick_Handler
                0x080015d4                DMA2_STR1_IRQHandler
                0x080015d4                DMA2_STR5_IRQHandler
                0x080015d4                HRTIM1_TIMD_IRQHandler
                0x080015d4                PendSV_Handler
                0x080015d4                NMI_Handler
                0x080015d4                EXTI3_IRQHandler
                0x080015d4                LPTIM4_IRQHandler
                0x080015d4                TIM8_TRG_COM_TIM14_IRQHandler
                0x080015d4                LPTIM2_IRQHandler
                0x080015d4                DFSDM1_FLT1_IRQHandler
                0x080015d4                DMAMUX2_OVR_IRQHandler
                0x080015d4                TIM8_UP_TIM13_IRQHandler
                0x080015d4                I2C3_ER_IRQHandler
                0x080015d4                DFSDM1_FLT2_IRQHandler
                0x080015d4                MDMA_IRQHandler
                0x080015d4                LPTIM3_IRQHandler
                0x080015d4                EXTI0_IRQHandler
                0x080015d4                I2C2_EV_IRQHandler
                0x080015d4                FPU_IRQHandler
                0x080015d4                DMA_STR1_IRQHandler
                0x080015d4                OTG_HS_WKUP_IRQHandler
                0x080015d4                FDCAN1_IT1_IRQHandler
                0x080015d4                UsageFault_Handler
                0x080015d4                LTDC_ER_IRQHandler
                0x080015d4                ADC1_2_IRQHandler
                0x080015d4                SPI1_IRQHandler
                0x080015d4                BDMA_CH2_IRQHandler
                0x080015d4                TIM6_DAC_IRQHandler
                0x080015d4                DCMI_IRQHandler
                0x080015d4                HRTIM1_TIMC_IRQHandler
                0x080015d4                SDMMC_IRQHandler
                0x080015d4                RTC_ALARM_IRQHandler
                0x080015d4                DMA_STR0_IRQHandler
                0x080015d4                SAI2_IRQHandler
                0x080015d4                DMA2_STR3_IRQHandler
                0x080015d4                DFSDM1_FLT3_IRQHandler
                0x080015d4                USART6_IRQHandler
                0x080015d4                BDMA_CH5_IRQHandler
                0x080015d4                TIM17_IRQHandler
                0x080015d4                BDMA_CH6_IRQHandler
                0x080015d4                USART3_IRQHandler
                0x080015d4                WKUP_IRQHandler
                0x080015d4                BDMA_CH3_IRQHandler
                0x080015d4                LPTIM5_IRQHandler
                0x080015d4                LPUART_IRQHandler
                0x080015d4                UART5_IRQHandler
                0x080015d4                ADC3_IRQHandler
                0x080015d4                DMA_STR6_IRQHandler
                0x080015d4                TIM4_IRQHandler
                0x080015d4                QUADSPI_IRQHandler
                0x080015d4                I2C1_EV_IRQHandler
                0x080015d4                DMA1_STR7_IRQHandler
                0x080015d4                TIM16_IRQHandler
                0x080015d4                UART4_IRQHandler
                0x080015d4                TIM3_IRQHandler
                0x080015d4                RCC_IRQHandler
                0x080015d4                TIM8_BRK_TIM12_IRQHandler
                0x080015d4                TIM1_TRG_COM_IRQHandler
                0x080015d4                Default_Handler
                0x080015d4                HRTIM_TIMB_IRQHandler
                0x080015d4                CEC_IRQHandler
                0x080015d4                EXTI15_10_IRQHandler
                0x080015d4                BDMA_CH4_IRQHandler
                0x080015d4                DMA_STR3_IRQHandler
                0x080015d4                HRTIM_TIME_IRQHandler
                0x080015d4                HRTIM1_TIMA_IRQHandler
                0x080015d4                SPI5_IRQHandler
                0x080015d4                TIM7_IRQHandler
                0x080015d4                SDMMC1_IRQHandler
                0x080015d4                TIM5_IRQHandler
                0x080015d4                SPDIF_IRQHandler
                0x080015d4                TIM15_IRQHandler
                0x080015d4                I2C3_EV_IRQHandler
                0x080015d4                WWDG1_RST_IRQHandler
                0x080015d4                EXTI9_5_IRQHandler
                0x080015d4                DMA2_STR4_IRQHandler
                0x080015d4                RTC_WKUP_IRQHandler
                0x080015d4                DMA2_STR6_IRQHandler
                0x080015d4                LTDC_IRQHandler
                0x080015d4                SAI3_IRQHandler
                0x080015d4                ETH_WKUP_IRQHandler
                0x080015d4                PVD_PVM_IRQHandler
                0x080015d4                BDMA_CH0_IRQHandler
                0x080015d4                SPI2_IRQHandler
                0x080015d4                OTG_HS_EP1_IN_IRQHandler
                0x080015d4                MemManage_Handler
                0x080015d4                DMA2_STR0_IRQHandler
                0x080015d4                SVC_Handler
                0x080015d4                CRS_IRQHandler
                0x080015d4                EXTI4_IRQHandler
                0x080015d4                DMAMUX1_OV_IRQHandler
                0x080015d4                FDCAN2_IT1_IRQHandler
                0x080015d4                DMA_STR4_IRQHandler
                0x080015d4                COMP_IRQHandler
                0x080015d4                DMA2_STR2_IRQHandler
                0x080015d4                ETH_IRQHandler
                0x080015d4                TIM1_UP_IRQHandler
                0x080015d4                DMA2_STR7_IRQHandler
                0x080015d4                OTG_HS_EP1_OUT_IRQHandler
                0x080015d4                SPI6_IRQHandler
                0x080015d4                MDIOS_IRQHandler
                0x080015d4                I2C4_EV_IRQHandler
                0x080015d4                FDCAN2_IT0_IRQHandler
                0x080015d4                BDMA_CH7_IRQHandler
                0x080015d4                FDCAN1_IT0_IRQHandler
                0x080015d4                TIM2_IRQHandler
                0x080015d4                HSEM0_IRQHandler
                0x080015d4                OTG_FS_WKUP_IRQHandler
                0x080015d4                OTG_HS_IRQHandler
                0x080015d4                DMA2D_IRQHandler
                0x080015d4                TIM1_BRK_IRQHandler
                0x080015d4                EXTI1_IRQHandler
                0x080015d4                OTG_FS_EP1_OUT_IRQHandler
                0x080015d4                UART7_IRQHandler
                0x080015d4                MDIOS_WKUP_IRQHandler
                0x080015d4                USART2_IRQHandler
                0x080015d4                DFSDM1_FLT0_IRQHandler
                0x080015d4                SAI4_IRQHandler
                0x080015d4                I2C2_ER_IRQHandler
                0x080015d4                FLASH_IRQHandler
                0x080015d4                WWDG1_IRQHandler
                0x080015d4                BusFault_Handler
                0x080015d4                USART1_IRQHandler
                0x080015d4                OTG_FS_IRQHandler
                0x080015d4                SPI3_IRQHandler
                0x080015d4                OTG_FS_EP1_IN_IRQHandler
                0x080015d4                I2C1_ER_IRQHandler
                0x080015d4                FMC_IRQHandler
                0x080015d4                BDMA_CH1_IRQHandler
                0x080015d4                FDCAN_CAL_IRQHandler
                0x080015d4                SWPMI1_IRQHandler
                0x080015d4                LPTIM1_IRQHandler
                0x080015d4                TIM_CC_IRQHandler
                0x080015d4                I2C4_ER_IRQHandler
                0x080015d4                SAI1_IRQHandler
                0x080015d4                RTC_TAMP_STAMP_CSS_LSE_IRQHandler
 *fill*         0x080015d6        0x2 
 .text.low_level_init
                0x080015d8       0x94 ./lwip/port/port.o
 .text.low_level_output
                0x0800166c      0x138 ./lwip/port/port.o
 .text.low_level_input
                0x080017a4      0x164 ./lwip/port/port.o
 .text.ethernetif_input
                0x08001908       0x3e ./lwip/port/port.o
                0x08001908                ethernetif_input
 *fill*         0x08001946        0x2 
 .text.ethernetif_init
                0x08001948       0x3c ./lwip/port/port.o
                0x08001948                ethernetif_init
 .text.port_init_lwip
                0x08001984       0x84 ./lwip/port/port.o
                0x08001984                port_init_lwip
 .text.sys_now  0x08001a08       0x10 ./lwip/port/port.o
                0x08001a08                sys_now
 .text.lwip_htons
                0x08001a18       0x2a ./lwip/src/core/def.o
                0x08001a18                lwip_htons
 .text.lwip_htonl
                0x08001a42       0x32 ./lwip/src/core/def.o
                0x08001a42                lwip_htonl
 .text.lwip_standard_chksum
                0x08001a74       0xba ./lwip/src/core/inet_chksum.o
                0x08001a74                lwip_standard_chksum
 .text.inet_cksum_pseudo_base
                0x08001b2e       0xde ./lwip/src/core/inet_chksum.o
 .text.inet_chksum_pseudo
                0x08001c0c       0x70 ./lwip/src/core/inet_chksum.o
                0x08001c0c                inet_chksum_pseudo
 .text.ip_chksum_pseudo
                0x08001c7c       0x2c ./lwip/src/core/inet_chksum.o
                0x08001c7c                ip_chksum_pseudo
 .text.inet_chksum
                0x08001ca8       0x24 ./lwip/src/core/inet_chksum.o
                0x08001ca8                inet_chksum
 .text.inet_chksum_pbuf
                0x08001ccc       0x9a ./lwip/src/core/inet_chksum.o
                0x08001ccc                inet_chksum_pbuf
 .text.lwip_init
                0x08001d66       0x2a ./lwip/src/core/init.o
                0x08001d66                lwip_init
 .text.ptr_to_mem
                0x08001d90       0x24 ./lwip/src/core/mem.o
 .text.mem_to_ptr
                0x08001db4       0x24 ./lwip/src/core/mem.o
 .text.plug_holes
                0x08001dd8      0x11c ./lwip/src/core/mem.o
 .text.mem_init
                0x08001ef4       0x78 ./lwip/src/core/mem.o
                0x08001ef4                mem_init
 .text.mem_link_valid
                0x08001f6c       0x78 ./lwip/src/core/mem.o
 .text.mem_free
                0x08001fe4       0xac ./lwip/src/core/mem.o
                0x08001fe4                mem_free
 .text.mem_trim
                0x08002090      0x1d0 ./lwip/src/core/mem.o
                0x08002090                mem_trim
 .text.mem_malloc
                0x08002260      0x1c4 ./lwip/src/core/mem.o
                0x08002260                mem_malloc
 .text.memp_init_pool
                0x08002424       0x60 ./lwip/src/core/memp.o
                0x08002424                memp_init_pool
 .text.memp_init
                0x08002484       0x34 ./lwip/src/core/memp.o
                0x08002484                memp_init
 .text.do_memp_malloc_pool
                0x080024b8       0x44 ./lwip/src/core/memp.o
 .text.memp_malloc
                0x080024fc       0x34 ./lwip/src/core/memp.o
                0x080024fc                memp_malloc
 .text.do_memp_free_pool
                0x08002530       0x3c ./lwip/src/core/memp.o
 .text.memp_free
                0x0800256c       0x38 ./lwip/src/core/memp.o
                0x0800256c                memp_free
 .text.netif_init
                0x080025a4        0xe ./lwip/src/core/netif.o
                0x080025a4                netif_init
 *fill*         0x080025b2        0x2 
 .text.netif_add
                0x080025b4      0x160 ./lwip/src/core/netif.o
                0x080025b4                netif_add
 .text.netif_do_ip_addr_changed
                0x08002714       0x22 ./lwip/src/core/netif.o
 *fill*         0x08002736        0x2 
 .text.netif_do_set_ipaddr
                0x08002738       0x7c ./lwip/src/core/netif.o
 .text.netif_do_set_netmask
                0x080027b4       0x3e ./lwip/src/core/netif.o
 .text.netif_do_set_gw
                0x080027f2       0x3e ./lwip/src/core/netif.o
 .text.netif_set_addr
                0x08002830       0x94 ./lwip/src/core/netif.o
                0x08002830                netif_set_addr
 .text.netif_set_default
                0x080028c4       0x20 ./lwip/src/core/netif.o
                0x080028c4                netif_set_default
 .text.netif_set_up
                0x080028e4       0x3c ./lwip/src/core/netif.o
                0x080028e4                netif_set_up
 .text.netif_issue_reports
                0x08002920       0x70 ./lwip/src/core/netif.o
 .text.netif_set_down
                0x08002990       0x48 ./lwip/src/core/netif.o
                0x08002990                netif_set_down
 .text.netif_set_link_up
                0x080029d8       0x4c ./lwip/src/core/netif.o
                0x080029d8                netif_set_link_up
 .text.netif_null_output_ip4
                0x08002a24       0x1c ./lwip/src/core/netif.o
 .text.netif_get_by_index
                0x08002a40       0x4c ./lwip/src/core/netif.o
                0x08002a40                netif_get_by_index
 .text.pbuf_init_alloced_pbuf
                0x08002a8c       0x54 ./lwip/src/core/pbuf.o
 .text.pbuf_alloc
                0x08002ae0      0x1c4 ./lwip/src/core/pbuf.o
                0x08002ae0                pbuf_alloc
 .text.pbuf_alloc_reference
                0x08002ca4       0x58 ./lwip/src/core/pbuf.o
                0x08002ca4                pbuf_alloc_reference
 .text.pbuf_alloced_custom
                0x08002cfc       0x68 ./lwip/src/core/pbuf.o
                0x08002cfc                pbuf_alloced_custom
 .text.pbuf_realloc
                0x08002d64      0x100 ./lwip/src/core/pbuf.o
                0x08002d64                pbuf_realloc
 .text.pbuf_add_header_impl
                0x08002e64       0xc0 ./lwip/src/core/pbuf.o
 .text.pbuf_add_header
                0x08002f24       0x1e ./lwip/src/core/pbuf.o
                0x08002f24                pbuf_add_header
 *fill*         0x08002f42        0x2 
 .text.pbuf_remove_header
                0x08002f44       0x80 ./lwip/src/core/pbuf.o
                0x08002f44                pbuf_remove_header
 .text.pbuf_header_impl
                0x08002fc4       0x42 ./lwip/src/core/pbuf.o
 .text.pbuf_header_force
                0x08003006       0x24 ./lwip/src/core/pbuf.o
                0x08003006                pbuf_header_force
 *fill*         0x0800302a        0x2 
 .text.pbuf_free
                0x0800302c       0xe8 ./lwip/src/core/pbuf.o
                0x0800302c                pbuf_free
 .text.pbuf_clen
                0x08003114       0x2e ./lwip/src/core/pbuf.o
                0x08003114                pbuf_clen
 *fill*         0x08003142        0x2 
 .text.pbuf_ref
                0x08003144       0x34 ./lwip/src/core/pbuf.o
                0x08003144                pbuf_ref
 .text.pbuf_cat
                0x08003178       0x80 ./lwip/src/core/pbuf.o
                0x08003178                pbuf_cat
 .text.pbuf_chain
                0x080031f8       0x20 ./lwip/src/core/pbuf.o
                0x080031f8                pbuf_chain
 .text.pbuf_copy
                0x08003218       0x2e ./lwip/src/core/pbuf.o
                0x08003218                pbuf_copy
 *fill*         0x08003246        0x2 
 .text.pbuf_copy_partial_pbuf
                0x08003248      0x190 ./lwip/src/core/pbuf.o
                0x08003248                pbuf_copy_partial_pbuf
 .text.pbuf_copy_partial
                0x080033d8       0xb8 ./lwip/src/core/pbuf.o
                0x080033d8                pbuf_copy_partial
 .text.pbuf_clone
                0x08003490       0x54 ./lwip/src/core/pbuf.o
                0x08003490                pbuf_clone
 .text.tcp_init
                0x080034e4        0xe ./lwip/src/core/tcp.o
                0x080034e4                tcp_init
 *fill*         0x080034f2        0x2 
 .text.tcp_free
                0x080034f4       0x2c ./lwip/src/core/tcp.o
                0x080034f4                tcp_free
 .text.tcp_free_listen
                0x08003520       0x2c ./lwip/src/core/tcp.o
 .text.tcp_tmr  0x0800354c       0x2c ./lwip/src/core/tcp.o
                0x0800354c                tcp_tmr
 .text.tcp_remove_listener
                0x08003578       0x48 ./lwip/src/core/tcp.o
 .text.tcp_listen_closed
                0x080035c0       0x5c ./lwip/src/core/tcp.o
 .text.tcp_close_shutdown
                0x0800361c      0x1ac ./lwip/src/core/tcp.o
 .text.tcp_close_shutdown_fin
                0x080037c8       0xc4 ./lwip/src/core/tcp.o
 .text.tcp_close
                0x0800388c       0x3c ./lwip/src/core/tcp.o
                0x0800388c                tcp_close
 .text.tcp_abandon
                0x080038c8      0x148 ./lwip/src/core/tcp.o
                0x080038c8                tcp_abandon
 .text.tcp_abort
                0x08003a10       0x18 ./lwip/src/core/tcp.o
                0x08003a10                tcp_abort
 .text.tcp_update_rcv_ann_wnd
                0x08003a28       0x9c ./lwip/src/core/tcp.o
                0x08003a28                tcp_update_rcv_ann_wnd
 .text.tcp_recved
                0x08003ac4       0x80 ./lwip/src/core/tcp.o
                0x08003ac4                tcp_recved
 .text.tcp_slowtmr
                0x08003b44      0x5f0 ./lwip/src/core/tcp.o
                0x08003b44                tcp_slowtmr
 .text.tcp_fasttmr
                0x08004134       0xc8 ./lwip/src/core/tcp.o
                0x08004134                tcp_fasttmr
 .text.tcp_process_refused_data
                0x080041fc       0xe0 ./lwip/src/core/tcp.o
                0x080041fc                tcp_process_refused_data
 .text.tcp_segs_free
                0x080042dc       0x2a ./lwip/src/core/tcp.o
                0x080042dc                tcp_segs_free
 .text.tcp_seg_free
                0x08004306       0x30 ./lwip/src/core/tcp.o
                0x08004306                tcp_seg_free
 .text.tcp_recv_null
                0x08004336       0x50 ./lwip/src/core/tcp.o
                0x08004336                tcp_recv_null
 *fill*         0x08004386        0x2 
 .text.tcp_kill_prio
                0x08004388       0x9c ./lwip/src/core/tcp.o
 .text.tcp_kill_state
                0x08004424       0x84 ./lwip/src/core/tcp.o
 .text.tcp_kill_timewait
                0x080044a8       0x60 ./lwip/src/core/tcp.o
 .text.tcp_handle_closepend
                0x08004508       0x4c ./lwip/src/core/tcp.o
 .text.tcp_alloc
                0x08004554      0x108 ./lwip/src/core/tcp.o
                0x08004554                tcp_alloc
 .text.tcp_pcb_purge
                0x0800465c       0x76 ./lwip/src/core/tcp.o
                0x0800465c                tcp_pcb_purge
 *fill*         0x080046d2        0x2 
 .text.tcp_pcb_remove
                0x080046d4       0xe4 ./lwip/src/core/tcp.o
                0x080046d4                tcp_pcb_remove
 .text.tcp_next_iss
                0x080047b8       0x3c ./lwip/src/core/tcp.o
                0x080047b8                tcp_next_iss
 .text.tcp_eff_send_mss_netif
                0x080047f4       0x64 ./lwip/src/core/tcp.o
                0x080047f4                tcp_eff_send_mss_netif
 .text.tcp_netif_ip_addr_changed_pcblist
                0x08004858       0x54 ./lwip/src/core/tcp.o
 .text.tcp_netif_ip_addr_changed
                0x080048ac       0x7c ./lwip/src/core/tcp.o
                0x080048ac                tcp_netif_ip_addr_changed
 .text.tcp_input
                0x08004928      0x7d4 ./lwip/src/core/tcp_in.o
                0x08004928                tcp_input
 .text.tcp_input_delayed_close
                0x080050fc       0x70 ./lwip/src/core/tcp_in.o
 .text.tcp_listen_input
                0x0800516c      0x1ec ./lwip/src/core/tcp_in.o
 .text.tcp_timewait_input
                0x08005358       0xe4 ./lwip/src/core/tcp_in.o
 .text.tcp_process
                0x0800543c      0x7c4 ./lwip/src/core/tcp_in.o
 .text.tcp_free_acked_segments
                0x08005c00       0xe0 ./lwip/src/core/tcp_in.o
 .text.tcp_receive
                0x08005ce0      0x86c ./lwip/src/core/tcp_in.o
 .text.tcp_get_next_optbyte
                0x0800654c       0x6c ./lwip/src/core/tcp_in.o
 .text.tcp_parseopt
                0x080065b8       0xe0 ./lwip/src/core/tcp_in.o
 .text.tcp_trigger_input_pcb_close
                0x08006698       0x20 ./lwip/src/core/tcp_in.o
                0x08006698                tcp_trigger_input_pcb_close
 .text.tcp_route
                0x080066b8       0x38 ./lwip/src/core/tcp_out.o
 .text.tcp_create_segment
                0x080066f0      0x120 ./lwip/src/core/tcp_out.o
 .text.tcp_split_unsent_seg
                0x08006810      0x264 ./lwip/src/core/tcp_out.o
                0x08006810                tcp_split_unsent_seg
 .text.tcp_send_fin
                0x08006a74       0x90 ./lwip/src/core/tcp_out.o
                0x08006a74                tcp_send_fin
 .text.tcp_enqueue_flags
                0x08006b04      0x1a4 ./lwip/src/core/tcp_out.o
                0x08006b04                tcp_enqueue_flags
 .text.tcp_output
                0x08006ca8      0x3c8 ./lwip/src/core/tcp_out.o
                0x08006ca8                tcp_output
 .text.tcp_output_segment_busy
                0x08007070       0x30 ./lwip/src/core/tcp_out.o
 .text.tcp_output_segment
                0x080070a0      0x1bc ./lwip/src/core/tcp_out.o
 .text.tcp_rexmit_rto_prepare
                0x0800725c       0xd0 ./lwip/src/core/tcp_out.o
                0x0800725c                tcp_rexmit_rto_prepare
 .text.tcp_rexmit_rto_commit
                0x0800732c       0x40 ./lwip/src/core/tcp_out.o
                0x0800732c                tcp_rexmit_rto_commit
 .text.tcp_rexmit_rto
                0x0800736c       0x34 ./lwip/src/core/tcp_out.o
                0x0800736c                tcp_rexmit_rto
 .text.tcp_rexmit
                0x080073a0       0xc8 ./lwip/src/core/tcp_out.o
                0x080073a0                tcp_rexmit
 .text.tcp_rexmit_fast
                0x08007468       0xb4 ./lwip/src/core/tcp_out.o
                0x08007468                tcp_rexmit_fast
 .text.tcp_output_alloc_header_common
                0x0800751c       0xd4 ./lwip/src/core/tcp_out.o
 .text.tcp_output_alloc_header
                0x080075f0       0x6c ./lwip/src/core/tcp_out.o
 .text.tcp_output_fill_options
                0x0800765c       0x64 ./lwip/src/core/tcp_out.o
 .text.tcp_output_control_segment
                0x080076c0       0x58 ./lwip/src/core/tcp_out.o
 .text.tcp_output_control_segment_netif
                0x08007718       0x8c ./lwip/src/core/tcp_out.o
 .text.tcp_rst_common
                0x080077a4       0x84 ./lwip/src/core/tcp_out.o
 .text.tcp_rst  0x08007828       0x42 ./lwip/src/core/tcp_out.o
                0x08007828                tcp_rst
 .text.tcp_rst_netif
                0x0800786a       0x4c ./lwip/src/core/tcp_out.o
                0x0800786a                tcp_rst_netif
 *fill*         0x080078b6        0x2 
 .text.tcp_send_empty_ack
                0x080078b8       0xb4 ./lwip/src/core/tcp_out.o
                0x080078b8                tcp_send_empty_ack
 .text.tcp_keepalive
                0x0800796c       0x70 ./lwip/src/core/tcp_out.o
                0x0800796c                tcp_keepalive
 .text.tcp_zero_window_probe
                0x080079dc      0x144 ./lwip/src/core/tcp_out.o
                0x080079dc                tcp_zero_window_probe
 .text.tcpip_tcp_timer
                0x08007b20       0x48 ./lwip/src/core/timeouts.o
 .text.tcp_timer_needed
                0x08007b68       0x40 ./lwip/src/core/timeouts.o
                0x08007b68                tcp_timer_needed
 .text.sys_timeout_abs
                0x08007ba8       0xd0 ./lwip/src/core/timeouts.o
 .text.lwip_cyclic_timer
                0x08007c78       0x64 ./lwip/src/core/timeouts.o
 .text.sys_timeouts_init
                0x08007cdc       0x44 ./lwip/src/core/timeouts.o
                0x08007cdc                sys_timeouts_init
 .text.sys_timeout
                0x08007d20       0x3c ./lwip/src/core/timeouts.o
                0x08007d20                sys_timeout
 .text.sys_check_timeouts
                0x08007d5c       0x74 ./lwip/src/core/timeouts.o
                0x08007d5c                sys_check_timeouts
 .text.udp_init
                0x08007dd0        0xe ./lwip/src/core/udp.o
                0x08007dd0                udp_init
 *fill*         0x08007dde        0x2 
 .text.udp_new_port
                0x08007de0       0x70 ./lwip/src/core/udp.o
 .text.udp_input_local_match
                0x08007e50       0xb4 ./lwip/src/core/udp.o
 .text.udp_input
                0x08007f04      0x23c ./lwip/src/core/udp.o
                0x08007f04                udp_input
 .text.udp_sendto
                0x08008140       0x78 ./lwip/src/core/udp.o
                0x08008140                udp_sendto
 .text.udp_sendto_if
                0x080081b8       0x98 ./lwip/src/core/udp.o
                0x080081b8                udp_sendto_if
 .text.udp_sendto_if_src
                0x08008250      0x194 ./lwip/src/core/udp.o
                0x08008250                udp_sendto_if_src
 .text.udp_bind
                0x080083e4       0xf8 ./lwip/src/core/udp.o
                0x080083e4                udp_bind
 .text.udp_recv
                0x080084dc       0x28 ./lwip/src/core/udp.o
                0x080084dc                udp_recv
 .text.udp_new  0x08008504       0x2e ./lwip/src/core/udp.o
                0x08008504                udp_new
 *fill*         0x08008532        0x2 
 .text.udp_netif_ip_addr_changed
                0x08008534       0x60 ./lwip/src/core/udp.o
                0x08008534                udp_netif_ip_addr_changed
 .text.etharp_free_entry
                0x08008594       0x64 ./lwip/src/core/ipv4/etharp.o
 .text.etharp_tmr
                0x080085f8      0x150 ./lwip/src/core/ipv4/etharp.o
                0x080085f8                etharp_tmr
 .text.etharp_find_entry
                0x08008748      0x2c0 ./lwip/src/core/ipv4/etharp.o
 .text.etharp_update_arp_entry
                0x08008a08      0x13c ./lwip/src/core/ipv4/etharp.o
 .text.etharp_cleanup_netif
                0x08008b44       0x60 ./lwip/src/core/ipv4/etharp.o
                0x08008b44                etharp_cleanup_netif
 .text.etharp_input
                0x08008ba4      0x114 ./lwip/src/core/ipv4/etharp.o
                0x08008ba4                etharp_input
 .text.etharp_output_to_arp_index
                0x08008cb8      0x124 ./lwip/src/core/ipv4/etharp.o
 .text.etharp_output
                0x08008ddc      0x1e4 ./lwip/src/core/ipv4/etharp.o
                0x08008ddc                etharp_output
 .text.etharp_query
                0x08008fc0      0x28c ./lwip/src/core/ipv4/etharp.o
                0x08008fc0                etharp_query
 .text.etharp_raw
                0x0800924c       0xf8 ./lwip/src/core/ipv4/etharp.o
 .text.etharp_request_dst
                0x08009344       0x44 ./lwip/src/core/ipv4/etharp.o
 .text.etharp_request
                0x08009388       0x24 ./lwip/src/core/ipv4/etharp.o
                0x08009388                etharp_request
 .text.icmp_input
                0x080093ac      0x23c ./lwip/src/core/ipv4/icmp.o
                0x080093ac                icmp_input
 .text.icmp_dest_unreach
                0x080095e8       0x20 ./lwip/src/core/ipv4/icmp.o
                0x080095e8                icmp_dest_unreach
 .text.icmp_time_exceeded
                0x08009608       0x20 ./lwip/src/core/ipv4/icmp.o
                0x08009608                icmp_time_exceeded
 .text.icmp_send_response
                0x08009628       0xec ./lwip/src/core/ipv4/icmp.o
 .text.ip4_route
                0x08009714       0xe0 ./lwip/src/core/ipv4/ip4.o
                0x08009714                ip4_route
 .text.ip4_input_accept
                0x080097f4       0x54 ./lwip/src/core/ipv4/ip4.o
 .text.ip4_input
                0x08009848      0x260 ./lwip/src/core/ipv4/ip4.o
                0x08009848                ip4_input
 .text.ip4_output_if
                0x08009aa8       0x54 ./lwip/src/core/ipv4/ip4.o
                0x08009aa8                ip4_output_if
 .text.ip4_output_if_src
                0x08009afc      0x210 ./lwip/src/core/ipv4/ip4.o
                0x08009afc                ip4_output_if_src
 .text.ip4_addr_isbroadcast_u32
                0x08009d0c       0x82 ./lwip/src/core/ipv4/ip4_addr.o
                0x08009d0c                ip4_addr_isbroadcast_u32
 *fill*         0x08009d8e        0x2 
 .text.ip_reass_tmr
                0x08009d90       0x58 ./lwip/src/core/ipv4/ip4_frag.o
                0x08009d90                ip_reass_tmr
 .text.ip_reass_free_complete_datagram
                0x08009de8      0x120 ./lwip/src/core/ipv4/ip4_frag.o
 .text.ip_reass_remove_oldest_datagram
                0x08009f08       0xc4 ./lwip/src/core/ipv4/ip4_frag.o
 .text.ip_reass_enqueue_new_datagram
                0x08009fcc       0x74 ./lwip/src/core/ipv4/ip4_frag.o
 .text.ip_reass_dequeue_datagram
                0x0800a040       0x4c ./lwip/src/core/ipv4/ip4_frag.o
 .text.ip_reass_chain_frag_into_datagram_and_validate
                0x0800a08c      0x2a4 ./lwip/src/core/ipv4/ip4_frag.o
 .text.ip4_reass
                0x0800a330      0x31c ./lwip/src/core/ipv4/ip4_frag.o
                0x0800a330                ip4_reass
 .text.ip_frag_alloc_pbuf_custom_ref
                0x0800a64c       0x10 ./lwip/src/core/ipv4/ip4_frag.o
 .text.ip_frag_free_pbuf_custom_ref
                0x0800a65c       0x28 ./lwip/src/core/ipv4/ip4_frag.o
 .text.ipfrag_free_pbuf_custom
                0x0800a684       0x50 ./lwip/src/core/ipv4/ip4_frag.o
 .text.ip4_frag
                0x0800a6d4      0x270 ./lwip/src/core/ipv4/ip4_frag.o
                0x0800a6d4                ip4_frag
 .text.ethernet_input
                0x0800a944      0x11c ./lwip/src/netif/ethernet.o
                0x0800a944                ethernet_input
 .text.ethernet_output
                0x0800aa60       0x80 ./lwip/src/netif/ethernet.o
                0x0800aa60                ethernet_output
 .text.std      0x0800aae0       0x6c C:/ST/STM32CubeIDE_1.15.1/STM32CubeIDE/plugins/com.st.stm32cube.ide.mcu.externaltools.gnu-tools-for-stm32.12.3.rel1.win32_1.1.0.202410251130/tools/bin/../lib/gcc/arm-none-eabi/12.3.1/../../../../arm-none-eabi/lib/thumb/v7e-m+dp/hard\libc_nano.a(libc_a-findfp.o)
 .text.stdio_exit_handler
                0x0800ab4c       0x18 C:/ST/STM32CubeIDE_1.15.1/STM32CubeIDE/plugins/com.st.stm32cube.ide.mcu.externaltools.gnu-tools-for-stm32.12.3.rel1.win32_1.1.0.202410251130/tools/bin/../lib/gcc/arm-none-eabi/12.3.1/../../../../arm-none-eabi/lib/thumb/v7e-m+dp/hard\libc_nano.a(libc_a-findfp.o)
 .text.cleanup_stdio
                0x0800ab64       0x40 C:/ST/STM32CubeIDE_1.15.1/STM32CubeIDE/plugins/com.st.stm32cube.ide.mcu.externaltools.gnu-tools-for-stm32.12.3.rel1.win32_1.1.0.202410251130/tools/bin/../lib/gcc/arm-none-eabi/12.3.1/../../../../arm-none-eabi/lib/thumb/v7e-m+dp/hard\libc_nano.a(libc_a-findfp.o)
 .text.global_stdio_init.part.0
                0x0800aba4       0x3c C:/ST/STM32CubeIDE_1.15.1/STM32CubeIDE/plugins/com.st.stm32cube.ide.mcu.externaltools.gnu-tools-for-stm32.12.3.rel1.win32_1.1.0.202410251130/tools/bin/../lib/gcc/arm-none-eabi/12.3.1/../../../../arm-none-eabi/lib/thumb/v7e-m+dp/hard\libc_nano.a(libc_a-findfp.o)
 .text.__sfp_lock_acquire
                0x0800abe0        0xc C:/ST/STM32CubeIDE_1.15.1/STM32CubeIDE/plugins/com.st.stm32cube.ide.mcu.externaltools.gnu-tools-for-stm32.12.3.rel1.win32_1.1.0.202410251130/tools/bin/../lib/gcc/arm-none-eabi/12.3.1/../../../../arm-none-eabi/lib/thumb/v7e-m+dp/hard\libc_nano.a(libc_a-findfp.o)
                0x0800abe0                __sfp_lock_acquire
 .text.__sfp_lock_release
                0x0800abec        0xc C:/ST/STM32CubeIDE_1.15.1/STM32CubeIDE/plugins/com.st.stm32cube.ide.mcu.externaltools.gnu-tools-for-stm32.12.3.rel1.win32_1.1.0.202410251130/tools/bin/../lib/gcc/arm-none-eabi/12.3.1/../../../../arm-none-eabi/lib/thumb/v7e-m+dp/hard\libc_nano.a(libc_a-findfp.o)
                0x0800abec                __sfp_lock_release
 .text.__sinit  0x0800abf8       0x30 C:/ST/STM32CubeIDE_1.15.1/STM32CubeIDE/plugins/com.st.stm32cube.ide.mcu.externaltools.gnu-tools-for-stm32.12.3.rel1.win32_1.1.0.202410251130/tools/bin/../lib/gcc/arm-none-eabi/12.3.1/../../../../arm-none-eabi/lib/thumb/v7e-m+dp/hard\libc_nano.a(libc_a-findfp.o)
                0x0800abf8                __sinit
 .text._fwalk_sglue
                0x0800ac28       0x3c C:/ST/STM32CubeIDE_1.15.1/STM32CubeIDE/plugins/com.st.stm32cube.ide.mcu.externaltools.gnu-tools-for-stm32.12.3.rel1.win32_1.1.0.202410251130/tools/bin/../lib/gcc/arm-none-eabi/12.3.1/../../../../arm-none-eabi/lib/thumb/v7e-m+dp/hard\libc_nano.a(libc_a-fwalk.o)
                0x0800ac28                _fwalk_sglue
 .text.printf   0x0800ac64       0x24 C:/ST/STM32CubeIDE_1.15.1/STM32CubeIDE/plugins/com.st.stm32cube.ide.mcu.externaltools.gnu-tools-for-stm32.12.3.rel1.win32_1.1.0.202410251130/tools/bin/../lib/gcc/arm-none-eabi/12.3.1/../../../../arm-none-eabi/lib/thumb/v7e-m+dp/hard\libc_nano.a(libc_a-printf.o)
                0x0800ac64                iprintf
                0x0800ac64                printf
 .text.__sread  0x0800ac88       0x22 C:/ST/STM32CubeIDE_1.15.1/STM32CubeIDE/plugins/com.st.stm32cube.ide.mcu.externaltools.gnu-tools-for-stm32.12.3.rel1.win32_1.1.0.202410251130/tools/bin/../lib/gcc/arm-none-eabi/12.3.1/../../../../arm-none-eabi/lib/thumb/v7e-m+dp/hard\libc_nano.a(libc_a-stdio.o)
                0x0800ac88                __sread
 .text.__swrite
                0x0800acaa       0x38 C:/ST/STM32CubeIDE_1.15.1/STM32CubeIDE/plugins/com.st.stm32cube.ide.mcu.externaltools.gnu-tools-for-stm32.12.3.rel1.win32_1.1.0.202410251130/tools/bin/../lib/gcc/arm-none-eabi/12.3.1/../../../../arm-none-eabi/lib/thumb/v7e-m+dp/hard\libc_nano.a(libc_a-stdio.o)
                0x0800acaa                __swrite
 .text.__sseek  0x0800ace2       0x24 C:/ST/STM32CubeIDE_1.15.1/STM32CubeIDE/plugins/com.st.stm32cube.ide.mcu.externaltools.gnu-tools-for-stm32.12.3.rel1.win32_1.1.0.202410251130/tools/bin/../lib/gcc/arm-none-eabi/12.3.1/../../../../arm-none-eabi/lib/thumb/v7e-m+dp/hard\libc_nano.a(libc_a-stdio.o)
                0x0800ace2                __sseek
 .text.__sclose
                0x0800ad06        0x8 C:/ST/STM32CubeIDE_1.15.1/STM32CubeIDE/plugins/com.st.stm32cube.ide.mcu.externaltools.gnu-tools-for-stm32.12.3.rel1.win32_1.1.0.202410251130/tools/bin/../lib/gcc/arm-none-eabi/12.3.1/../../../../arm-none-eabi/lib/thumb/v7e-m+dp/hard\libc_nano.a(libc_a-stdio.o)
                0x0800ad06                __sclose
 .text.memcmp   0x0800ad0e       0x20 C:/ST/STM32CubeIDE_1.15.1/STM32CubeIDE/plugins/com.st.stm32cube.ide.mcu.externaltools.gnu-tools-for-stm32.12.3.rel1.win32_1.1.0.202410251130/tools/bin/../lib/gcc/arm-none-eabi/12.3.1/../../../../arm-none-eabi/lib/thumb/v7e-m+dp/hard\libc_nano.a(libc_a-memcmp.o)
                0x0800ad0e                memcmp
 .text.memset   0x0800ad2e       0x10 C:/ST/STM32CubeIDE_1.15.1/STM32CubeIDE/plugins/com.st.stm32cube.ide.mcu.externaltools.gnu-tools-for-stm32.12.3.rel1.win32_1.1.0.202410251130/tools/bin/../lib/gcc/arm-none-eabi/12.3.1/../../../../arm-none-eabi/lib/thumb/v7e-m+dp/hard\libc_nano.a(libc_a-memset.o)
                0x0800ad2e                memset
 *fill*         0x0800ad3e        0x2 
 .text._close_r
                0x0800ad40       0x20 C:/ST/STM32CubeIDE_1.15.1/STM32CubeIDE/plugins/com.st.stm32cube.ide.mcu.externaltools.gnu-tools-for-stm32.12.3.rel1.win32_1.1.0.202410251130/tools/bin/../lib/gcc/arm-none-eabi/12.3.1/../../../../arm-none-eabi/lib/thumb/v7e-m+dp/hard\libc_nano.a(libc_a-closer.o)
                0x0800ad40                _close_r
 .text._lseek_r
                0x0800ad60       0x24 C:/ST/STM32CubeIDE_1.15.1/STM32CubeIDE/plugins/com.st.stm32cube.ide.mcu.externaltools.gnu-tools-for-stm32.12.3.rel1.win32_1.1.0.202410251130/tools/bin/../lib/gcc/arm-none-eabi/12.3.1/../../../../arm-none-eabi/lib/thumb/v7e-m+dp/hard\libc_nano.a(libc_a-lseekr.o)
                0x0800ad60                _lseek_r
 .text._read_r  0x0800ad84       0x24 C:/ST/STM32CubeIDE_1.15.1/STM32CubeIDE/plugins/com.st.stm32cube.ide.mcu.externaltools.gnu-tools-for-stm32.12.3.rel1.win32_1.1.0.202410251130/tools/bin/../lib/gcc/arm-none-eabi/12.3.1/../../../../arm-none-eabi/lib/thumb/v7e-m+dp/hard\libc_nano.a(libc_a-readr.o)
                0x0800ad84                _read_r
 .text._write_r
                0x0800ada8       0x24 C:/ST/STM32CubeIDE_1.15.1/STM32CubeIDE/plugins/com.st.stm32cube.ide.mcu.externaltools.gnu-tools-for-stm32.12.3.rel1.win32_1.1.0.202410251130/tools/bin/../lib/gcc/arm-none-eabi/12.3.1/../../../../arm-none-eabi/lib/thumb/v7e-m+dp/hard\libc_nano.a(libc_a-writer.o)
                0x0800ada8                _write_r
 .text.__errno  0x0800adcc        0xc C:/ST/STM32CubeIDE_1.15.1/STM32CubeIDE/plugins/com.st.stm32cube.ide.mcu.externaltools.gnu-tools-for-stm32.12.3.rel1.win32_1.1.0.202410251130/tools/bin/../lib/gcc/arm-none-eabi/12.3.1/../../../../arm-none-eabi/lib/thumb/v7e-m+dp/hard\libc_nano.a(libc_a-errno.o)
                0x0800adcc                __errno
 .text.__libc_init_array
                0x0800add8       0x48 C:/ST/STM32CubeIDE_1.15.1/STM32CubeIDE/plugins/com.st.stm32cube.ide.mcu.externaltools.gnu-tools-for-stm32.12.3.rel1.win32_1.1.0.202410251130/tools/bin/../lib/gcc/arm-none-eabi/12.3.1/../../../../arm-none-eabi/lib/thumb/v7e-m+dp/hard\libc_nano.a(libc_a-init.o)
                0x0800add8                __libc_init_array
 .text.__retarget_lock_init_recursive
                0x0800ae20        0x2 C:/ST/STM32CubeIDE_1.15.1/STM32CubeIDE/plugins/com.st.stm32cube.ide.mcu.externaltools.gnu-tools-for-stm32.12.3.rel1.win32_1.1.0.202410251130/tools/bin/../lib/gcc/arm-none-eabi/12.3.1/../../../../arm-none-eabi/lib/thumb/v7e-m+dp/hard\libc_nano.a(libc_a-lock.o)
                0x0800ae20                __retarget_lock_init_recursive
 .text.__retarget_lock_acquire_recursive
                0x0800ae22        0x2 C:/ST/STM32CubeIDE_1.15.1/STM32CubeIDE/plugins/com.st.stm32cube.ide.mcu.externaltools.gnu-tools-for-stm32.12.3.rel1.win32_1.1.0.202410251130/tools/bin/../lib/gcc/arm-none-eabi/12.3.1/../../../../arm-none-eabi/lib/thumb/v7e-m+dp/hard\libc_nano.a(libc_a-lock.o)
                0x0800ae22                __retarget_lock_acquire_recursive
 .text.__retarget_lock_release_recursive
                0x0800ae24        0x2 C:/ST/STM32CubeIDE_1.15.1/STM32CubeIDE/plugins/com.st.stm32cube.ide.mcu.externaltools.gnu-tools-for-stm32.12.3.rel1.win32_1.1.0.202410251130/tools/bin/../lib/gcc/arm-none-eabi/12.3.1/../../../../arm-none-eabi/lib/thumb/v7e-m+dp/hard\libc_nano.a(libc_a-lock.o)
                0x0800ae24                __retarget_lock_release_recursive
 .text.memcpy   0x0800ae26       0x1c C:/ST/STM32CubeIDE_1.15.1/STM32CubeIDE/plugins/com.st.stm32cube.ide.mcu.externaltools.gnu-tools-for-stm32.12.3.rel1.win32_1.1.0.202410251130/tools/bin/../lib/gcc/arm-none-eabi/12.3.1/../../../../arm-none-eabi/lib/thumb/v7e-m+dp/hard\libc_nano.a(libc_a-memcpy-stub.o)
                0x0800ae26                memcpy
 *fill*         0x0800ae42        0x2 
 .text._free_r  0x0800ae44       0x94 C:/ST/STM32CubeIDE_1.15.1/STM32CubeIDE/plugins/com.st.stm32cube.ide.mcu.externaltools.gnu-tools-for-stm32.12.3.rel1.win32_1.1.0.202410251130/tools/bin/../lib/gcc/arm-none-eabi/12.3.1/../../../../arm-none-eabi/lib/thumb/v7e-m+dp/hard\libc_nano.a(libc_a-freer.o)
                0x0800ae44                _free_r
 .text.sbrk_aligned
                0x0800aed8       0x44 C:/ST/STM32CubeIDE_1.15.1/STM32CubeIDE/plugins/com.st.stm32cube.ide.mcu.externaltools.gnu-tools-for-stm32.12.3.rel1.win32_1.1.0.202410251130/tools/bin/../lib/gcc/arm-none-eabi/12.3.1/../../../../arm-none-eabi/lib/thumb/v7e-m+dp/hard\libc_nano.a(libc_a-mallocr.o)
 .text._malloc_r
                0x0800af1c      0x100 C:/ST/STM32CubeIDE_1.15.1/STM32CubeIDE/plugins/com.st.stm32cube.ide.mcu.externaltools.gnu-tools-for-stm32.12.3.rel1.win32_1.1.0.202410251130/tools/bin/../lib/gcc/arm-none-eabi/12.3.1/../../../../arm-none-eabi/lib/thumb/v7e-m+dp/hard\libc_nano.a(libc_a-mallocr.o)
                0x0800af1c                _malloc_r
 .text.__malloc_lock
                0x0800b01c        0xc C:/ST/STM32CubeIDE_1.15.1/STM32CubeIDE/plugins/com.st.stm32cube.ide.mcu.externaltools.gnu-tools-for-stm32.12.3.rel1.win32_1.1.0.202410251130/tools/bin/../lib/gcc/arm-none-eabi/12.3.1/../../../../arm-none-eabi/lib/thumb/v7e-m+dp/hard\libc_nano.a(libc_a-mlock.o)
                0x0800b01c                __malloc_lock
 .text.__malloc_unlock
                0x0800b028        0xc C:/ST/STM32CubeIDE_1.15.1/STM32CubeIDE/plugins/com.st.stm32cube.ide.mcu.externaltools.gnu-tools-for-stm32.12.3.rel1.win32_1.1.0.202410251130/tools/bin/../lib/gcc/arm-none-eabi/12.3.1/../../../../arm-none-eabi/lib/thumb/v7e-m+dp/hard\libc_nano.a(libc_a-mlock.o)
                0x0800b028                __malloc_unlock
 .text.__sfputc_r
                0x0800b034       0x2e C:/ST/STM32CubeIDE_1.15.1/STM32CubeIDE/plugins/com.st.stm32cube.ide.mcu.externaltools.gnu-tools-for-stm32.12.3.rel1.win32_1.1.0.202410251130/tools/bin/../lib/gcc/arm-none-eabi/12.3.1/../../../../arm-none-eabi/lib/thumb/v7e-m+dp/hard\libc_nano.a(libc_a-nano-vfprintf.o)
 .text.__sfputs_r
                0x0800b062       0x24 C:/ST/STM32CubeIDE_1.15.1/STM32CubeIDE/plugins/com.st.stm32cube.ide.mcu.externaltools.gnu-tools-for-stm32.12.3.rel1.win32_1.1.0.202410251130/tools/bin/../lib/gcc/arm-none-eabi/12.3.1/../../../../arm-none-eabi/lib/thumb/v7e-m+dp/hard\libc_nano.a(libc_a-nano-vfprintf.o)
                0x0800b062                __sfputs_r
 *fill*         0x0800b086        0x2 
 .text._vfprintf_r
                0x0800b088      0x230 C:/ST/STM32CubeIDE_1.15.1/STM32CubeIDE/plugins/com.st.stm32cube.ide.mcu.externaltools.gnu-tools-for-stm32.12.3.rel1.win32_1.1.0.202410251130/tools/bin/../lib/gcc/arm-none-eabi/12.3.1/../../../../arm-none-eabi/lib/thumb/v7e-m+dp/hard\libc_nano.a(libc_a-nano-vfprintf.o)
                0x0800b088                _vfprintf_r
                0x0800b088                _vfiprintf_r
 .text._printf_common
                0x0800b2b8       0xda C:/ST/STM32CubeIDE_1.15.1/STM32CubeIDE/plugins/com.st.stm32cube.ide.mcu.externaltools.gnu-tools-for-stm32.12.3.rel1.win32_1.1.0.202410251130/tools/bin/../lib/gcc/arm-none-eabi/12.3.1/../../../../arm-none-eabi/lib/thumb/v7e-m+dp/hard\libc_nano.a(libc_a-nano-vfprintf_i.o)
                0x0800b2b8                _printf_common
 *fill*         0x0800b392        0x2 
 .text._printf_i
                0x0800b394      0x240 C:/ST/STM32CubeIDE_1.15.1/STM32CubeIDE/plugins/com.st.stm32cube.ide.mcu.externaltools.gnu-tools-for-stm32.12.3.rel1.win32_1.1.0.202410251130/tools/bin/../lib/gcc/arm-none-eabi/12.3.1/../../../../arm-none-eabi/lib/thumb/v7e-m+dp/hard\libc_nano.a(libc_a-nano-vfprintf_i.o)
                0x0800b394                _printf_i
 .text.__sflush_r
                0x0800b5d4      0x108 C:/ST/STM32CubeIDE_1.15.1/STM32CubeIDE/plugins/com.st.stm32cube.ide.mcu.externaltools.gnu-tools-for-stm32.12.3.rel1.win32_1.1.0.202410251130/tools/bin/../lib/gcc/arm-none-eabi/12.3.1/../../../../arm-none-eabi/lib/thumb/v7e-m+dp/hard\libc_nano.a(libc_a-fflush.o)
                0x0800b5d4                __sflush_r
 .text._fflush_r
                0x0800b6dc       0x50 C:/ST/STM32CubeIDE_1.15.1/STM32CubeIDE/plugins/com.st.stm32cube.ide.mcu.externaltools.gnu-tools-for-stm32.12.3.rel1.win32_1.1.0.202410251130/tools/bin/../lib/gcc/arm-none-eabi/12.3.1/../../../../arm-none-eabi/lib/thumb/v7e-m+dp/hard\libc_nano.a(libc_a-fflush.o)
                0x0800b6dc                _fflush_r
 .text.__swbuf_r
                0x0800b72c       0x7c C:/ST/STM32CubeIDE_1.15.1/STM32CubeIDE/plugins/com.st.stm32cube.ide.mcu.externaltools.gnu-tools-for-stm32.12.3.rel1.win32_1.1.0.202410251130/tools/bin/../lib/gcc/arm-none-eabi/12.3.1/../../../../arm-none-eabi/lib/thumb/v7e-m+dp/hard\libc_nano.a(libc_a-wbuf.o)
                0x0800b72c                __swbuf_r
 .text.__swsetup_r
                0x0800b7a8       0xac C:/ST/STM32CubeIDE_1.15.1/STM32CubeIDE/plugins/com.st.stm32cube.ide.mcu.externaltools.gnu-tools-for-stm32.12.3.rel1.win32_1.1.0.202410251130/tools/bin/../lib/gcc/arm-none-eabi/12.3.1/../../../../arm-none-eabi/lib/thumb/v7e-m+dp/hard\libc_nano.a(libc_a-wsetup.o)
                0x0800b7a8                __swsetup_r
 .text._sbrk_r  0x0800b854       0x20 C:/ST/STM32CubeIDE_1.15.1/STM32CubeIDE/plugins/com.st.stm32cube.ide.mcu.externaltools.gnu-tools-for-stm32.12.3.rel1.win32_1.1.0.202410251130/tools/bin/../lib/gcc/arm-none-eabi/12.3.1/../../../../arm-none-eabi/lib/thumb/v7e-m+dp/hard\libc_nano.a(libc_a-sbrkr.o)
                0x0800b854                _sbrk_r
 .text.__swhatbuf_r
                0x0800b874       0x4c C:/ST/STM32CubeIDE_1.15.1/STM32CubeIDE/plugins/com.st.stm32cube.ide.mcu.externaltools.gnu-tools-for-stm32.12.3.rel1.win32_1.1.0.202410251130/tools/bin/../lib/gcc/arm-none-eabi/12.3.1/../../../../arm-none-eabi/lib/thumb/v7e-m+dp/hard\libc_nano.a(libc_a-makebuf.o)
                0x0800b874                __swhatbuf_r
 .text.__smakebuf_r
                0x0800b8c0       0x78 C:/ST/STM32CubeIDE_1.15.1/STM32CubeIDE/plugins/com.st.stm32cube.ide.mcu.externaltools.gnu-tools-for-stm32.12.3.rel1.win32_1.1.0.202410251130/tools/bin/../lib/gcc/arm-none-eabi/12.3.1/../../../../arm-none-eabi/lib/thumb/v7e-m+dp/hard\libc_nano.a(libc_a-makebuf.o)
                0x0800b8c0                __smakebuf_r
 .text._fstat_r
                0x0800b938       0x24 C:/ST/STM32CubeIDE_1.15.1/STM32CubeIDE/plugins/com.st.stm32cube.ide.mcu.externaltools.gnu-tools-for-stm32.12.3.rel1.win32_1.1.0.202410251130/tools/bin/../lib/gcc/arm-none-eabi/12.3.1/../../../../arm-none-eabi/lib/thumb/v7e-m+dp/hard\libc_nano.a(libc_a-fstatr.o)
                0x0800b938                _fstat_r
 .text._isatty_r
                0x0800b95c       0x20 C:/ST/STM32CubeIDE_1.15.1/STM32CubeIDE/plugins/com.st.stm32cube.ide.mcu.externaltools.gnu-tools-for-stm32.12.3.rel1.win32_1.1.0.202410251130/tools/bin/../lib/gcc/arm-none-eabi/12.3.1/../../../../arm-none-eabi/lib/thumb/v7e-m+dp/hard\libc_nano.a(libc_a-isattyr.o)
                0x0800b95c                _isatty_r
 *(.glue_7)
 .glue_7        0x0800b97c        0x0 linker stubs
 *(.glue_7t)
 .glue_7t       0x0800b97c        0x0 linker stubs
 *(.eh_frame)
 .eh_frame      0x0800b97c        0x0 C:/ST/STM32CubeIDE_1.15.1/STM32CubeIDE/plugins/com.st.stm32cube.ide.mcu.externaltools.gnu-tools-for-stm32.12.3.rel1.win32_1.1.0.202410251130/tools/bin/../lib/gcc/arm-none-eabi/12.3.1/thumb/v7e-m+dp/hard/crtbegin.o
 *(.init)
 .init          0x0800b97c        0x4 C:/ST/STM32CubeIDE_1.15.1/STM32CubeIDE/plugins/com.st.stm32cube.ide.mcu.externaltools.gnu-tools-for-stm32.12.3.rel1.win32_1.1.0.202410251130/tools/bin/../lib/gcc/arm-none-eabi/12.3.1/thumb/v7e-m+dp/hard/crti.o
                0x0800b97c                _init
 .init          0x0800b980        0x8 C:/ST/STM32CubeIDE_1.15.1/STM32CubeIDE/plugins/com.st.stm32cube.ide.mcu.externaltools.gnu-tools-for-stm32.12.3.rel1.win32_1.1.0.202410251130/tools/bin/../lib/gcc/arm-none-eabi/12.3.1/thumb/v7e-m+dp/hard/crtn.o
 *(.fini)
 .fini          0x0800b988        0x4 C:/ST/STM32CubeIDE_1.15.1/STM32CubeIDE/plugins/com.st.stm32cube.ide.mcu.externaltools.gnu-tools-for-stm32.12.3.rel1.win32_1.1.0.202410251130/tools/bin/../lib/gcc/arm-none-eabi/12.3.1/thumb/v7e-m+dp/hard/crti.o
                0x0800b988                _fini
 .fini          0x0800b98c        0x8 C:/ST/STM32CubeIDE_1.15.1/STM32CubeIDE/plugins/com.st.stm32cube.ide.mcu.externaltools.gnu-tools-for-stm32.12.3.rel1.win32_1.1.0.202410251130/tools/bin/../lib/gcc/arm-none-eabi/12.3.1/thumb/v7e-m+dp/hard/crtn.o
                0x0800b994                        . = ALIGN (0x4)
                0x0800b994                        _etext = .

.vfp11_veneer   0x0800b994        0x0
 .vfp11_veneer  0x0800b994        0x0 linker stubs

.v4_bx          0x0800b994        0x0
 .v4_bx         0x0800b994        0x0 linker stubs

.iplt           0x0800b994        0x0
 .iplt          0x0800b994        0x0 C:/ST/STM32CubeIDE_1.15.1/STM32CubeIDE/plugins/com.st.stm32cube.ide.mcu.externaltools.gnu-tools-for-stm32.12.3.rel1.win32_1.1.0.202410251130/tools/bin/../lib/gcc/arm-none-eabi/12.3.1/thumb/v7e-m+dp/hard/crtbegin.o

.rodata         0x0800b994     0x1d68
                0x0800b994                        . = ALIGN (0x4)
 *(.rodata)
 .rodata        0x0800b994      0x203 ./lwip/src/core/mem.o
 *fill*         0x0800bb97        0x1 
 .rodata        0x0800bb98       0x58 ./lwip/src/core/memp.o
 .rodata        0x0800bbf0       0xaf ./lwip/src/core/netif.o
 *fill*         0x0800bc9f        0x1 
 .rodata        0x0800bca0      0x2a1 ./lwip/src/core/pbuf.o
 *fill*         0x0800bf41        0x3 
 .rodata        0x0800bf44      0x544 ./lwip/src/core/tcp.o
 .rodata        0x0800c488      0x396 ./lwip/src/core/tcp_in.o
 *fill*         0x0800c81e        0x2 
 .rodata        0x0800c820      0x7a7 ./lwip/src/core/tcp_out.o
 *fill*         0x0800cfc7        0x1 
 .rodata        0x0800cfc8       0x8a ./lwip/src/core/timeouts.o
 *fill*         0x0800d052        0x2 
 .rodata        0x0800d054       0xca ./lwip/src/core/udp.o
 *fill*         0x0800d11e        0x2 
 .rodata        0x0800d120      0x215 ./lwip/src/core/ipv4/etharp.o
 *fill*         0x0800d335        0x3 
 .rodata        0x0800d338       0x94 ./lwip/src/core/ipv4/icmp.o
 .rodata        0x0800d3cc       0x39 ./lwip/src/core/ipv4/ip4.o
 *fill*         0x0800d405        0x3 
 .rodata        0x0800d408      0x1a7 ./lwip/src/core/ipv4/ip4_frag.o
 *fill*         0x0800d5af        0x1 
 .rodata        0x0800d5b0       0x31 ./lwip/src/netif/ethernet.o
 *(.rodata*)
 *fill*         0x0800d5e1        0x3 
 .rodata.memp_UDP_PCB
                0x0800d5e4        0xc ./lwip/src/core/memp.o
                0x0800d5e4                memp_UDP_PCB
 .rodata.memp_TCP_PCB
                0x0800d5f0        0xc ./lwip/src/core/memp.o
                0x0800d5f0                memp_TCP_PCB
 .rodata.memp_TCP_PCB_LISTEN
                0x0800d5fc        0xc ./lwip/src/core/memp.o
                0x0800d5fc                memp_TCP_PCB_LISTEN
 .rodata.memp_TCP_SEG
                0x0800d608        0xc ./lwip/src/core/memp.o
                0x0800d608                memp_TCP_SEG
 .rodata.memp_REASSDATA
                0x0800d614        0xc ./lwip/src/core/memp.o
                0x0800d614                memp_REASSDATA
 .rodata.memp_FRAG_PBUF
                0x0800d620        0xc ./lwip/src/core/memp.o
                0x0800d620                memp_FRAG_PBUF
 .rodata.memp_SYS_TIMEOUT
                0x0800d62c        0xc ./lwip/src/core/memp.o
                0x0800d62c                memp_SYS_TIMEOUT
 .rodata.memp_PBUF
                0x0800d638        0xc ./lwip/src/core/memp.o
                0x0800d638                memp_PBUF
 .rodata.memp_PBUF_POOL
                0x0800d644        0xc ./lwip/src/core/memp.o
                0x0800d644                memp_PBUF_POOL
 .rodata.memp_pools
                0x0800d650       0x24 ./lwip/src/core/memp.o
                0x0800d650                memp_pools
 .rodata.tcp_backoff
                0x0800d674        0xd ./lwip/src/core/tcp.o
 *fill*         0x0800d681        0x3 
 .rodata.tcp_persist_backoff
                0x0800d684        0x7 ./lwip/src/core/tcp.o
 *fill*         0x0800d68b        0x1 
 .rodata.tcp_pcb_lists
                0x0800d68c       0x10 ./lwip/src/core/tcp.o
                0x0800d68c                tcp_pcb_lists
 .rodata.lwip_cyclic_timers
                0x0800d69c       0x18 ./lwip/src/core/timeouts.o
                0x0800d69c                lwip_cyclic_timers
 .rodata.ip_addr_any
                0x0800d6b4        0x4 ./lwip/src/core/ipv4/ip4_addr.o
                0x0800d6b4                ip_addr_any
 .rodata.ethbroadcast
                0x0800d6b8        0x6 ./lwip/src/netif/ethernet.o
                0x0800d6b8                ethbroadcast
 *fill*         0x0800d6be        0x2 
 .rodata.ethzero
                0x0800d6c0        0x6 ./lwip/src/netif/ethernet.o
                0x0800d6c0                ethzero
 .rodata._vfprintf_r.str1.1
                0x0800d6c6       0x11 C:/ST/STM32CubeIDE_1.15.1/STM32CubeIDE/plugins/com.st.stm32cube.ide.mcu.externaltools.gnu-tools-for-stm32.12.3.rel1.win32_1.1.0.202410251130/tools/bin/../lib/gcc/arm-none-eabi/12.3.1/../../../../arm-none-eabi/lib/thumb/v7e-m+dp/hard\libc_nano.a(libc_a-nano-vfprintf.o)
 .rodata._printf_i.str1.1
                0x0800d6d7       0x22 C:/ST/STM32CubeIDE_1.15.1/STM32CubeIDE/plugins/com.st.stm32cube.ide.mcu.externaltools.gnu-tools-for-stm32.12.3.rel1.win32_1.1.0.202410251130/tools/bin/../lib/gcc/arm-none-eabi/12.3.1/../../../../arm-none-eabi/lib/thumb/v7e-m+dp/hard\libc_nano.a(libc_a-nano-vfprintf_i.o)
                0x0800d6fc                        . = ALIGN (0x4)
 *fill*         0x0800d6f9        0x3 

.ARM.extab
 *(.ARM.extab* .gnu.linkonce.armextab.*)

.ARM            0x0800d6fc        0x8
                0x0800d6fc                        __exidx_start = .
 *(.ARM.exidx*)
 .ARM.exidx     0x0800d6fc        0x8 C:/ST/STM32CubeIDE_1.15.1/STM32CubeIDE/plugins/com.st.stm32cube.ide.mcu.externaltools.gnu-tools-for-stm32.12.3.rel1.win32_1.1.0.202410251130/tools/bin/../lib/gcc/arm-none-eabi/12.3.1/../../../../arm-none-eabi/lib/thumb/v7e-m+dp/hard\libc_nano.a(libc_a-memchr.o)
                0x0800d704                        __exidx_end = .

.preinit_array  0x0800d704        0x0
                0x0800d704                        PROVIDE (__preinit_array_start = .)
 *(.preinit_array*)
                0x0800d704                        PROVIDE (__preinit_array_end = .)

.init_array     0x0800d704        0x4
                0x0800d704                        PROVIDE (__init_array_start = .)
 *(SORT_BY_NAME(.init_array.*))
 *(.init_array*)
 .init_array    0x0800d704        0x4 C:/ST/STM32CubeIDE_1.15.1/STM32CubeIDE/plugins/com.st.stm32cube.ide.mcu.externaltools.gnu-tools-for-stm32.12.3.rel1.win32_1.1.0.202410251130/tools/bin/../lib/gcc/arm-none-eabi/12.3.1/thumb/v7e-m+dp/hard/crtbegin.o
                0x0800d708                        PROVIDE (__init_array_end = .)

.fini_array     0x0800d708        0x4
                [!provide]                        PROVIDE (__fini_array_start = .)
 *(SORT_BY_NAME(.fini_array.*))
 *(.fini_array*)
 .fini_array    0x0800d708        0x4 C:/ST/STM32CubeIDE_1.15.1/STM32CubeIDE/plugins/com.st.stm32cube.ide.mcu.externaltools.gnu-tools-for-stm32.12.3.rel1.win32_1.1.0.202410251130/tools/bin/../lib/gcc/arm-none-eabi/12.3.1/thumb/v7e-m+dp/hard/crtbegin.o
                [!provide]                        PROVIDE (__fini_array_end = .)
                0x0800d70c                        _sidata = LOADADDR (.data)

.rel.dyn        0x0800d70c        0x0
 .rel.iplt      0x0800d70c        0x0 C:/ST/STM32CubeIDE_1.15.1/STM32CubeIDE/plugins/com.st.stm32cube.ide.mcu.externaltools.gnu-tools-for-stm32.12.3.rel1.win32_1.1.0.202410251130/tools/bin/../lib/gcc/arm-none-eabi/12.3.1/thumb/v7e-m+dp/hard/crtbegin.o

.data           0x24000000       0x6c load address 0x0800d70c
                0x24000000                        . = ALIGN (0x4)
                0x24000000                        _sdata = .
 *(.data)
 *(.data*)
 .data.mac_hw_addr
                0x24000000        0x6 ./Src/mac.o
                0x24000000                mac_hw_addr
 *fill*         0x24000006        0x2 
 .data.iss.0    0x24000008        0x4 ./lwip/src/core/tcp.o
 .data.udp_port
                0x2400000c        0x2 ./lwip/src/core/udp.o
 *fill*         0x2400000e        0x2 
 .data.__sglue  0x24000010        0xc C:/ST/STM32CubeIDE_1.15.1/STM32CubeIDE/plugins/com.st.stm32cube.ide.mcu.externaltools.gnu-tools-for-stm32.12.3.rel1.win32_1.1.0.202410251130/tools/bin/../lib/gcc/arm-none-eabi/12.3.1/../../../../arm-none-eabi/lib/thumb/v7e-m+dp/hard\libc_nano.a(libc_a-findfp.o)
                0x24000010                __sglue
 .data._impure_ptr
                0x2400001c        0x4 C:/ST/STM32CubeIDE_1.15.1/STM32CubeIDE/plugins/com.st.stm32cube.ide.mcu.externaltools.gnu-tools-for-stm32.12.3.rel1.win32_1.1.0.202410251130/tools/bin/../lib/gcc/arm-none-eabi/12.3.1/../../../../arm-none-eabi/lib/thumb/v7e-m+dp/hard\libc_nano.a(libc_a-impure.o)
                0x2400001c                _impure_ptr
 .data._impure_data
                0x24000020       0x4c C:/ST/STM32CubeIDE_1.15.1/STM32CubeIDE/plugins/com.st.stm32cube.ide.mcu.externaltools.gnu-tools-for-stm32.12.3.rel1.win32_1.1.0.202410251130/tools/bin/../lib/gcc/arm-none-eabi/12.3.1/../../../../arm-none-eabi/lib/thumb/v7e-m+dp/hard\libc_nano.a(libc_a-impure.o)
                0x24000020                _impure_data
 *(.RamFunc)
 *(.RamFunc*)
                0x2400006c                        . = ALIGN (0x4)
                0x2400006c                        _edata = .

.igot.plt       0x2400006c        0x0 load address 0x0800d778
 .igot.plt      0x2400006c        0x0 C:/ST/STM32CubeIDE_1.15.1/STM32CubeIDE/plugins/com.st.stm32cube.ide.mcu.externaltools.gnu-tools-for-stm32.12.3.rel1.win32_1.1.0.202410251130/tools/bin/../lib/gcc/arm-none-eabi/12.3.1/thumb/v7e-m+dp/hard/crtbegin.o
                0x2400006c                        . = ALIGN (0x4)

.bss            0x2400006c     0x8d48 load address 0x0800d778
                0x2400006c                        _sbss = .
                0x2400006c                        __bss_start__ = _sbss
 *(.bss)
 .bss           0x2400006c       0x1c C:/ST/STM32CubeIDE_1.15.1/STM32CubeIDE/plugins/com.st.stm32cube.ide.mcu.externaltools.gnu-tools-for-stm32.12.3.rel1.win32_1.1.0.202410251130/tools/bin/../lib/gcc/arm-none-eabi/12.3.1/thumb/v7e-m+dp/hard/crtbegin.o
 *(.bss*)
 .bss.dma_tx_buf
                0x24000088     0x11d0 ./Src/mac.o
                0x24000088                dma_tx_buf
 .bss.dma_rx_buf
                0x24001258     0x11d0 ./Src/mac.o
                0x24001258                dma_rx_buf
 .bss.curr_tx_desc
                0x24002428        0x4 ./Src/mac.o
                0x24002428                curr_tx_desc
 .bss.curr_rx_desc
                0x2400242c        0x4 ./Src/mac.o
                0x2400242c                curr_rx_desc
 .bss.tx_desc   0x24002430       0x30 ./Src/mac.o
                0x24002430                tx_desc
 .bss.rx_desc   0x24002460       0x30 ./Src/mac.o
                0x24002460                rx_desc
 .bss.__sbrk_heap_end
                0x24002490        0x4 ./Src/sysmem.o
 .bss.udpecho_pcb
                0x24002494        0x4 ./Src/udp_app.o
                0x24002494                udpecho_pcb
 .bss.dst_ip_addr
                0x24002498        0x4 ./Src/udp_app.o
                0x24002498                dst_ip_addr
 .bss.gnetif    0x2400249c       0x34 ./lwip/port/port.o
                0x2400249c                gnetif
 .bss.ipaddr    0x240024d0        0x4 ./lwip/port/port.o
                0x240024d0                ipaddr
 .bss.netmask   0x240024d4        0x4 ./lwip/port/port.o
                0x240024d4                netmask
 .bss.gw        0x240024d8        0x4 ./lwip/port/port.o
                0x240024d8                gw
 .bss.ip_data   0x240024dc       0x18 ./lwip/src/core/ip.o
                0x240024dc                ip_data
 .bss.ram_heap  0x240024f4     0x2813 ./lwip/src/core/mem.o
                0x240024f4                ram_heap
 *fill*         0x24004d07        0x1 
 .bss.ram       0x24004d08        0x4 ./lwip/src/core/mem.o
 .bss.ram_end   0x24004d0c        0x4 ./lwip/src/core/mem.o
 .bss.lfree     0x24004d10        0x4 ./lwip/src/core/mem.o
 .bss.memp_memory_UDP_PCB_base
                0x24004d14       0xc3 ./lwip/src/core/memp.o
                0x24004d14                memp_memory_UDP_PCB_base
 *fill*         0x24004dd7        0x1 
 .bss.memp_tab_UDP_PCB
                0x24004dd8        0x4 ./lwip/src/core/memp.o
 .bss.memp_memory_TCP_PCB_base
                0x24004ddc      0x5f3 ./lwip/src/core/memp.o
                0x24004ddc                memp_memory_TCP_PCB_base
 *fill*         0x240053cf        0x1 
 .bss.memp_tab_TCP_PCB
                0x240053d0        0x4 ./lwip/src/core/memp.o
 .bss.memp_memory_TCP_PCB_LISTEN_base
                0x240053d4       0x8f ./lwip/src/core/memp.o
                0x240053d4                memp_memory_TCP_PCB_LISTEN_base
 *fill*         0x24005463        0x1 
 .bss.memp_tab_TCP_PCB_LISTEN
                0x24005464        0x4 ./lwip/src/core/memp.o
 .bss.memp_memory_TCP_SEG_base
                0x24005468       0x83 ./lwip/src/core/memp.o
                0x24005468                memp_memory_TCP_SEG_base
 *fill*         0x240054eb        0x1 
 .bss.memp_tab_TCP_SEG
                0x240054ec        0x4 ./lwip/src/core/memp.o
 .bss.memp_memory_REASSDATA_base
                0x240054f0       0xa3 ./lwip/src/core/memp.o
                0x240054f0                memp_memory_REASSDATA_base
 *fill*         0x24005593        0x1 
 .bss.memp_tab_REASSDATA
                0x24005594        0x4 ./lwip/src/core/memp.o
 .bss.memp_memory_FRAG_PBUF_base
                0x24005598      0x16b ./lwip/src/core/memp.o
                0x24005598                memp_memory_FRAG_PBUF_base
 *fill*         0x24005703        0x1 
 .bss.memp_tab_FRAG_PBUF
                0x24005704        0x4 ./lwip/src/core/memp.o
 .bss.memp_memory_SYS_TIMEOUT_base
                0x24005708       0xa3 ./lwip/src/core/memp.o
                0x24005708                memp_memory_SYS_TIMEOUT_base
 *fill*         0x240057ab        0x1 
 .bss.memp_tab_SYS_TIMEOUT
                0x240057ac        0x4 ./lwip/src/core/memp.o
 .bss.memp_memory_PBUF_base
                0x240057b0      0x323 ./lwip/src/core/memp.o
                0x240057b0                memp_memory_PBUF_base
 *fill*         0x24005ad3        0x1 
 .bss.memp_tab_PBUF
                0x24005ad4        0x4 ./lwip/src/core/memp.o
 .bss.memp_memory_PBUF_POOL_base
                0x24005ad8     0x3023 ./lwip/src/core/memp.o
                0x24005ad8                memp_memory_PBUF_POOL_base
 *fill*         0x24008afb        0x1 
 .bss.memp_tab_PBUF_POOL
                0x24008afc        0x4 ./lwip/src/core/memp.o
 .bss.netif_list
                0x24008b00        0x4 ./lwip/src/core/netif.o
                0x24008b00                netif_list
 .bss.netif_default
                0x24008b04        0x4 ./lwip/src/core/netif.o
                0x24008b04                netif_default
 .bss.netif_num
                0x24008b08        0x1 ./lwip/src/core/netif.o
 *fill*         0x24008b09        0x3 
 .bss.tcp_ticks
                0x24008b0c        0x4 ./lwip/src/core/tcp.o
                0x24008b0c                tcp_ticks
 .bss.tcp_bound_pcbs
                0x24008b10        0x4 ./lwip/src/core/tcp.o
                0x24008b10                tcp_bound_pcbs
 .bss.tcp_listen_pcbs
                0x24008b14        0x4 ./lwip/src/core/tcp.o
                0x24008b14                tcp_listen_pcbs
 .bss.tcp_active_pcbs
                0x24008b18        0x4 ./lwip/src/core/tcp.o
                0x24008b18                tcp_active_pcbs
 .bss.tcp_tw_pcbs
                0x24008b1c        0x4 ./lwip/src/core/tcp.o
                0x24008b1c                tcp_tw_pcbs
 .bss.tcp_active_pcbs_changed
                0x24008b20        0x1 ./lwip/src/core/tcp.o
                0x24008b20                tcp_active_pcbs_changed
 .bss.tcp_timer
                0x24008b21        0x1 ./lwip/src/core/tcp.o
 .bss.tcp_timer_ctr
                0x24008b22        0x1 ./lwip/src/core/tcp.o
 *fill*         0x24008b23        0x1 
 .bss.inseg     0x24008b24       0x10 ./lwip/src/core/tcp_in.o
 .bss.tcphdr    0x24008b34        0x4 ./lwip/src/core/tcp_in.o
 .bss.tcphdr_optlen
                0x24008b38        0x2 ./lwip/src/core/tcp_in.o
 .bss.tcphdr_opt1len
                0x24008b3a        0x2 ./lwip/src/core/tcp_in.o
 .bss.tcphdr_opt2
                0x24008b3c        0x4 ./lwip/src/core/tcp_in.o
 .bss.tcp_optidx
                0x24008b40        0x2 ./lwip/src/core/tcp_in.o
 *fill*         0x24008b42        0x2 
 .bss.seqno     0x24008b44        0x4 ./lwip/src/core/tcp_in.o
 .bss.ackno     0x24008b48        0x4 ./lwip/src/core/tcp_in.o
 .bss.recv_acked
                0x24008b4c        0x2 ./lwip/src/core/tcp_in.o
 .bss.tcplen    0x24008b4e        0x2 ./lwip/src/core/tcp_in.o
 .bss.flags     0x24008b50        0x1 ./lwip/src/core/tcp_in.o
 .bss.recv_flags
                0x24008b51        0x1 ./lwip/src/core/tcp_in.o
 *fill*         0x24008b52        0x2 
 .bss.recv_data
                0x24008b54        0x4 ./lwip/src/core/tcp_in.o
 .bss.tcp_input_pcb
                0x24008b58        0x4 ./lwip/src/core/tcp_in.o
                0x24008b58                tcp_input_pcb
 .bss.next_timeout
                0x24008b5c        0x4 ./lwip/src/core/timeouts.o
 .bss.current_timeout_due_time
                0x24008b60        0x4 ./lwip/src/core/timeouts.o
 .bss.tcpip_tcp_timer_active
                0x24008b64        0x4 ./lwip/src/core/timeouts.o
 .bss.udp_pcbs  0x24008b68        0x4 ./lwip/src/core/udp.o
                0x24008b68                udp_pcbs
 .bss.arp_table
                0x24008b6c       0xf0 ./lwip/src/core/ipv4/etharp.o
 .bss.etharp_cached_entry
                0x24008c5c        0x1 ./lwip/src/core/ipv4/etharp.o
 *fill*         0x24008c5d        0x1 
 .bss.ip_id     0x24008c5e        0x2 ./lwip/src/core/ipv4/ip4.o
 .bss.reassdatagrams
                0x24008c60        0x4 ./lwip/src/core/ipv4/ip4_frag.o
 .bss.ip_reass_pbufcount
                0x24008c64        0x2 ./lwip/src/core/ipv4/ip4_frag.o
 *fill*         0x24008c66        0x2 
 .bss.__sf      0x24008c68      0x138 C:/ST/STM32CubeIDE_1.15.1/STM32CubeIDE/plugins/com.st.stm32cube.ide.mcu.externaltools.gnu-tools-for-stm32.12.3.rel1.win32_1.1.0.202410251130/tools/bin/../lib/gcc/arm-none-eabi/12.3.1/../../../../arm-none-eabi/lib/thumb/v7e-m+dp/hard\libc_nano.a(libc_a-findfp.o)
                0x24008c68                __sf
 .bss.__stdio_exit_handler
                0x24008da0        0x4 C:/ST/STM32CubeIDE_1.15.1/STM32CubeIDE/plugins/com.st.stm32cube.ide.mcu.externaltools.gnu-tools-for-stm32.12.3.rel1.win32_1.1.0.202410251130/tools/bin/../lib/gcc/arm-none-eabi/12.3.1/../../../../arm-none-eabi/lib/thumb/v7e-m+dp/hard\libc_nano.a(libc_a-findfp.o)
                0x24008da0                __stdio_exit_handler
 .bss.errno     0x24008da4        0x4 C:/ST/STM32CubeIDE_1.15.1/STM32CubeIDE/plugins/com.st.stm32cube.ide.mcu.externaltools.gnu-tools-for-stm32.12.3.rel1.win32_1.1.0.202410251130/tools/bin/../lib/gcc/arm-none-eabi/12.3.1/../../../../arm-none-eabi/lib/thumb/v7e-m+dp/hard\libc_nano.a(libc_a-reent.o)
                0x24008da4                errno
 .bss.__lock___malloc_recursive_mutex
                0x24008da8        0x1 C:/ST/STM32CubeIDE_1.15.1/STM32CubeIDE/plugins/com.st.stm32cube.ide.mcu.externaltools.gnu-tools-for-stm32.12.3.rel1.win32_1.1.0.202410251130/tools/bin/../lib/gcc/arm-none-eabi/12.3.1/../../../../arm-none-eabi/lib/thumb/v7e-m+dp/hard\libc_nano.a(libc_a-lock.o)
                0x24008da8                __lock___malloc_recursive_mutex
 .bss.__lock___sfp_recursive_mutex
                0x24008da9        0x1 C:/ST/STM32CubeIDE_1.15.1/STM32CubeIDE/plugins/com.st.stm32cube.ide.mcu.externaltools.gnu-tools-for-stm32.12.3.rel1.win32_1.1.0.202410251130/tools/bin/../lib/gcc/arm-none-eabi/12.3.1/../../../../arm-none-eabi/lib/thumb/v7e-m+dp/hard\libc_nano.a(libc_a-lock.o)
                0x24008da9                __lock___sfp_recursive_mutex
 *fill*         0x24008daa        0x2 
 .bss.__malloc_sbrk_start
                0x24008dac        0x4 C:/ST/STM32CubeIDE_1.15.1/STM32CubeIDE/plugins/com.st.stm32cube.ide.mcu.externaltools.gnu-tools-for-stm32.12.3.rel1.win32_1.1.0.202410251130/tools/bin/../lib/gcc/arm-none-eabi/12.3.1/../../../../arm-none-eabi/lib/thumb/v7e-m+dp/hard\libc_nano.a(libc_a-mallocr.o)
                0x24008dac                __malloc_sbrk_start
 .bss.__malloc_free_list
                0x24008db0        0x4 C:/ST/STM32CubeIDE_1.15.1/STM32CubeIDE/plugins/com.st.stm32cube.ide.mcu.externaltools.gnu-tools-for-stm32.12.3.rel1.win32_1.1.0.202410251130/tools/bin/../lib/gcc/arm-none-eabi/12.3.1/../../../../arm-none-eabi/lib/thumb/v7e-m+dp/hard\libc_nano.a(libc_a-mallocr.o)
                0x24008db0                __malloc_free_list
 *(COMMON)
                0x24008db4                        . = ALIGN (0x4)
                0x24008db4                        _ebss = .
                0x24008db4                        __bss_end__ = _ebss

._user_heap_stack
                0x24008db4      0x604 load address 0x0800d778
                0x24008db8                        . = ALIGN (0x8)
 *fill*         0x24008db4        0x4 
                [!provide]                        PROVIDE (end = .)
                0x24008db8                        PROVIDE (_end = .)
                0x24008fb8                        . = (. + _Min_Heap_Size)
 *fill*         0x24008db8      0x200 
                0x240093b8                        . = (. + _Min_Stack_Size)
 *fill*         0x24008fb8      0x400 
                0x240093b8                        . = ALIGN (0x8)

/DISCARD/
 libc.a(*)
 libm.a(*)
 libgcc.a(*)

.sdram          0xc0000000   0x177000
 *(.sdram)
 .sdram         0xc0000000   0x177000 ./Src/lcd.o
                0xc0000000                layer1_buf

.ARM.attributes
                0x00000000       0x2e
 *(.ARM.attributes)
 .ARM.attributes
                0x00000000       0x20 C:/ST/STM32CubeIDE_1.15.1/STM32CubeIDE/plugins/com.st.stm32cube.ide.mcu.externaltools.gnu-tools-for-stm32.12.3.rel1.win32_1.1.0.202410251130/tools/bin/../lib/gcc/arm-none-eabi/12.3.1/thumb/v7e-m+dp/hard/crti.o
 .ARM.attributes
                0x00000020       0x32 C:/ST/STM32CubeIDE_1.15.1/STM32CubeIDE/plugins/com.st.stm32cube.ide.mcu.externaltools.gnu-tools-for-stm32.12.3.rel1.win32_1.1.0.202410251130/tools/bin/../lib/gcc/arm-none-eabi/12.3.1/thumb/v7e-m+dp/hard/crtbegin.o
 .ARM.attributes
                0x00000052       0x32 ./Src/lcd.o
 .ARM.attributes
                0x00000084       0x32 ./Src/mac.o
 .ARM.attributes
                0x000000b6       0x32 ./Src/main.o
 .ARM.attributes
                0x000000e8       0x32 ./Src/rcc.o
 .ARM.attributes
                0x0000011a       0x32 ./Src/sdram.o
 .ARM.attributes
                0x0000014c       0x32 ./Src/sys.o
 .ARM.attributes
                0x0000017e       0x32 ./Src/syscalls.o
 .ARM.attributes
                0x000001b0       0x32 ./Src/sysmem.o
 .ARM.attributes
                0x000001e2       0x32 ./Src/udp_app.o
 .ARM.attributes
                0x00000214       0x32 ./Src/usart.o
 .ARM.attributes
                0x00000246       0x21 ./Startup/startup_stm32h743iitx.o
 .ARM.attributes
                0x00000267       0x32 ./lwip/port/port.o
 .ARM.attributes
                0x00000299       0x32 ./lwip/src/core/def.o
 .ARM.attributes
                0x000002cb       0x32 ./lwip/src/core/inet_chksum.o
 .ARM.attributes
                0x000002fd       0x32 ./lwip/src/core/init.o
 .ARM.attributes
                0x0000032f       0x32 ./lwip/src/core/ip.o
 .ARM.attributes
                0x00000361       0x32 ./lwip/src/core/mem.o
 .ARM.attributes
                0x00000393       0x32 ./lwip/src/core/memp.o
 .ARM.attributes
                0x000003c5       0x32 ./lwip/src/core/netif.o
 .ARM.attributes
                0x000003f7       0x32 ./lwip/src/core/pbuf.o
 .ARM.attributes
                0x00000429       0x32 ./lwip/src/core/tcp.o
 .ARM.attributes
                0x0000045b       0x32 ./lwip/src/core/tcp_in.o
 .ARM.attributes
                0x0000048d       0x32 ./lwip/src/core/tcp_out.o
 .ARM.attributes
                0x000004bf       0x32 ./lwip/src/core/timeouts.o
 .ARM.attributes
                0x000004f1       0x32 ./lwip/src/core/udp.o
 .ARM.attributes
                0x00000523       0x32 ./lwip/src/core/ipv4/etharp.o
 .ARM.attributes
                0x00000555       0x32 ./lwip/src/core/ipv4/icmp.o
 .ARM.attributes
                0x00000587       0x32 ./lwip/src/core/ipv4/ip4.o
 .ARM.attributes
                0x000005b9       0x32 ./lwip/src/core/ipv4/ip4_addr.o
 .ARM.attributes
                0x000005eb       0x32 ./lwip/src/core/ipv4/ip4_frag.o
 .ARM.attributes
                0x0000061d       0x32 ./lwip/src/netif/ethernet.o
 .ARM.attributes
                0x0000064f       0x32 C:/ST/STM32CubeIDE_1.15.1/STM32CubeIDE/plugins/com.st.stm32cube.ide.mcu.externaltools.gnu-tools-for-stm32.12.3.rel1.win32_1.1.0.202410251130/tools/bin/../lib/gcc/arm-none-eabi/12.3.1/../../../../arm-none-eabi/lib/thumb/v7e-m+dp/hard\libc_nano.a(libc_a-findfp.o)
 .ARM.attributes
                0x00000681       0x32 C:/ST/STM32CubeIDE_1.15.1/STM32CubeIDE/plugins/com.st.stm32cube.ide.mcu.externaltools.gnu-tools-for-stm32.12.3.rel1.win32_1.1.0.202410251130/tools/bin/../lib/gcc/arm-none-eabi/12.3.1/../../../../arm-none-eabi/lib/thumb/v7e-m+dp/hard\libc_nano.a(libc_a-fwalk.o)
 .ARM.attributes
                0x000006b3       0x32 C:/ST/STM32CubeIDE_1.15.1/STM32CubeIDE/plugins/com.st.stm32cube.ide.mcu.externaltools.gnu-tools-for-stm32.12.3.rel1.win32_1.1.0.202410251130/tools/bin/../lib/gcc/arm-none-eabi/12.3.1/../../../../arm-none-eabi/lib/thumb/v7e-m+dp/hard\libc_nano.a(libc_a-printf.o)
 .ARM.attributes
                0x000006e5       0x32 C:/ST/STM32CubeIDE_1.15.1/STM32CubeIDE/plugins/com.st.stm32cube.ide.mcu.externaltools.gnu-tools-for-stm32.12.3.rel1.win32_1.1.0.202410251130/tools/bin/../lib/gcc/arm-none-eabi/12.3.1/../../../../arm-none-eabi/lib/thumb/v7e-m+dp/hard\libc_nano.a(libc_a-stdio.o)
 .ARM.attributes
                0x00000717       0x32 C:/ST/STM32CubeIDE_1.15.1/STM32CubeIDE/plugins/com.st.stm32cube.ide.mcu.externaltools.gnu-tools-for-stm32.12.3.rel1.win32_1.1.0.202410251130/tools/bin/../lib/gcc/arm-none-eabi/12.3.1/../../../../arm-none-eabi/lib/thumb/v7e-m+dp/hard\libc_nano.a(libc_a-memcmp.o)
 .ARM.attributes
                0x00000749       0x32 C:/ST/STM32CubeIDE_1.15.1/STM32CubeIDE/plugins/com.st.stm32cube.ide.mcu.externaltools.gnu-tools-for-stm32.12.3.rel1.win32_1.1.0.202410251130/tools/bin/../lib/gcc/arm-none-eabi/12.3.1/../../../../arm-none-eabi/lib/thumb/v7e-m+dp/hard\libc_nano.a(libc_a-memset.o)
 .ARM.attributes
                0x0000077b       0x32 C:/ST/STM32CubeIDE_1.15.1/STM32CubeIDE/plugins/com.st.stm32cube.ide.mcu.externaltools.gnu-tools-for-stm32.12.3.rel1.win32_1.1.0.202410251130/tools/bin/../lib/gcc/arm-none-eabi/12.3.1/../../../../arm-none-eabi/lib/thumb/v7e-m+dp/hard\libc_nano.a(libc_a-closer.o)
 .ARM.attributes
                0x000007ad       0x32 C:/ST/STM32CubeIDE_1.15.1/STM32CubeIDE/plugins/com.st.stm32cube.ide.mcu.externaltools.gnu-tools-for-stm32.12.3.rel1.win32_1.1.0.202410251130/tools/bin/../lib/gcc/arm-none-eabi/12.3.1/../../../../arm-none-eabi/lib/thumb/v7e-m+dp/hard\libc_nano.a(libc_a-reent.o)
 .ARM.attributes
                0x000007df       0x32 C:/ST/STM32CubeIDE_1.15.1/STM32CubeIDE/plugins/com.st.stm32cube.ide.mcu.externaltools.gnu-tools-for-stm32.12.3.rel1.win32_1.1.0.202410251130/tools/bin/../lib/gcc/arm-none-eabi/12.3.1/../../../../arm-none-eabi/lib/thumb/v7e-m+dp/hard\libc_nano.a(libc_a-impure.o)
 .ARM.attributes
                0x00000811       0x32 C:/ST/STM32CubeIDE_1.15.1/STM32CubeIDE/plugins/com.st.stm32cube.ide.mcu.externaltools.gnu-tools-for-stm32.12.3.rel1.win32_1.1.0.202410251130/tools/bin/../lib/gcc/arm-none-eabi/12.3.1/../../../../arm-none-eabi/lib/thumb/v7e-m+dp/hard\libc_nano.a(libc_a-lseekr.o)
 .ARM.attributes
                0x00000843       0x32 C:/ST/STM32CubeIDE_1.15.1/STM32CubeIDE/plugins/com.st.stm32cube.ide.mcu.externaltools.gnu-tools-for-stm32.12.3.rel1.win32_1.1.0.202410251130/tools/bin/../lib/gcc/arm-none-eabi/12.3.1/../../../../arm-none-eabi/lib/thumb/v7e-m+dp/hard\libc_nano.a(libc_a-readr.o)
 .ARM.attributes
                0x00000875       0x32 C:/ST/STM32CubeIDE_1.15.1/STM32CubeIDE/plugins/com.st.stm32cube.ide.mcu.externaltools.gnu-tools-for-stm32.12.3.rel1.win32_1.1.0.202410251130/tools/bin/../lib/gcc/arm-none-eabi/12.3.1/../../../../arm-none-eabi/lib/thumb/v7e-m+dp/hard\libc_nano.a(libc_a-writer.o)
 .ARM.attributes
                0x000008a7       0x32 C:/ST/STM32CubeIDE_1.15.1/STM32CubeIDE/plugins/com.st.stm32cube.ide.mcu.externaltools.gnu-tools-for-stm32.12.3.rel1.win32_1.1.0.202410251130/tools/bin/../lib/gcc/arm-none-eabi/12.3.1/../../../../arm-none-eabi/lib/thumb/v7e-m+dp/hard\libc_nano.a(libc_a-errno.o)
 .ARM.attributes
                0x000008d9       0x32 C:/ST/STM32CubeIDE_1.15.1/STM32CubeIDE/plugins/com.st.stm32cube.ide.mcu.externaltools.gnu-tools-for-stm32.12.3.rel1.win32_1.1.0.202410251130/tools/bin/../lib/gcc/arm-none-eabi/12.3.1/../../../../arm-none-eabi/lib/thumb/v7e-m+dp/hard\libc_nano.a(libc_a-init.o)
 .ARM.attributes
                0x0000090b       0x32 C:/ST/STM32CubeIDE_1.15.1/STM32CubeIDE/plugins/com.st.stm32cube.ide.mcu.externaltools.gnu-tools-for-stm32.12.3.rel1.win32_1.1.0.202410251130/tools/bin/../lib/gcc/arm-none-eabi/12.3.1/../../../../arm-none-eabi/lib/thumb/v7e-m+dp/hard\libc_nano.a(libc_a-lock.o)
 .ARM.attributes
                0x0000093d       0x32 C:/ST/STM32CubeIDE_1.15.1/STM32CubeIDE/plugins/com.st.stm32cube.ide.mcu.externaltools.gnu-tools-for-stm32.12.3.rel1.win32_1.1.0.202410251130/tools/bin/../lib/gcc/arm-none-eabi/12.3.1/../../../../arm-none-eabi/lib/thumb/v7e-m+dp/hard\libc_nano.a(libc_a-memcpy-stub.o)
 .ARM.attributes
                0x0000096f       0x32 C:/ST/STM32CubeIDE_1.15.1/STM32CubeIDE/plugins/com.st.stm32cube.ide.mcu.externaltools.gnu-tools-for-stm32.12.3.rel1.win32_1.1.0.202410251130/tools/bin/../lib/gcc/arm-none-eabi/12.3.1/../../../../arm-none-eabi/lib/thumb/v7e-m+dp/hard\libc_nano.a(libc_a-freer.o)
 .ARM.attributes
                0x000009a1       0x32 C:/ST/STM32CubeIDE_1.15.1/STM32CubeIDE/plugins/com.st.stm32cube.ide.mcu.externaltools.gnu-tools-for-stm32.12.3.rel1.win32_1.1.0.202410251130/tools/bin/../lib/gcc/arm-none-eabi/12.3.1/../../../../arm-none-eabi/lib/thumb/v7e-m+dp/hard\libc_nano.a(libc_a-mallocr.o)
 .ARM.attributes
                0x000009d3       0x32 C:/ST/STM32CubeIDE_1.15.1/STM32CubeIDE/plugins/com.st.stm32cube.ide.mcu.externaltools.gnu-tools-for-stm32.12.3.rel1.win32_1.1.0.202410251130/tools/bin/../lib/gcc/arm-none-eabi/12.3.1/../../../../arm-none-eabi/lib/thumb/v7e-m+dp/hard\libc_nano.a(libc_a-mlock.o)
 .ARM.attributes
                0x00000a05       0x32 C:/ST/STM32CubeIDE_1.15.1/STM32CubeIDE/plugins/com.st.stm32cube.ide.mcu.externaltools.gnu-tools-for-stm32.12.3.rel1.win32_1.1.0.202410251130/tools/bin/../lib/gcc/arm-none-eabi/12.3.1/../../../../arm-none-eabi/lib/thumb/v7e-m+dp/hard\libc_nano.a(libc_a-nano-vfprintf.o)
 .ARM.attributes
                0x00000a37       0x32 C:/ST/STM32CubeIDE_1.15.1/STM32CubeIDE/plugins/com.st.stm32cube.ide.mcu.externaltools.gnu-tools-for-stm32.12.3.rel1.win32_1.1.0.202410251130/tools/bin/../lib/gcc/arm-none-eabi/12.3.1/../../../../arm-none-eabi/lib/thumb/v7e-m+dp/hard\libc_nano.a(libc_a-nano-vfprintf_i.o)
 .ARM.attributes
                0x00000a69       0x32 C:/ST/STM32CubeIDE_1.15.1/STM32CubeIDE/plugins/com.st.stm32cube.ide.mcu.externaltools.gnu-tools-for-stm32.12.3.rel1.win32_1.1.0.202410251130/tools/bin/../lib/gcc/arm-none-eabi/12.3.1/../../../../arm-none-eabi/lib/thumb/v7e-m+dp/hard\libc_nano.a(libc_a-fflush.o)
 .ARM.attributes
                0x00000a9b       0x32 C:/ST/STM32CubeIDE_1.15.1/STM32CubeIDE/plugins/com.st.stm32cube.ide.mcu.externaltools.gnu-tools-for-stm32.12.3.rel1.win32_1.1.0.202410251130/tools/bin/../lib/gcc/arm-none-eabi/12.3.1/../../../../arm-none-eabi/lib/thumb/v7e-m+dp/hard\libc_nano.a(libc_a-wbuf.o)